<html>
<body>
<pre>
<h1>µVision Build Log</h1>
<h2>Tool Versions:</h2>
IDE-Version: ¦ÌVision V5.38.0.0
Copyright (C) 2022 ARM Ltd and ARM Germany GmbH. All rights reserved.
License Information: 1 2475750161@qq.com, 1, LIC=76F5U-SUBIT-NNJAF-67C9Y-HZEPH-7XW8E
 
Tool Versions:
Toolchain:       MDK-ARM Plus  Version: 5.38.0.0
Toolchain Path:  D:\Keil_v5\ARM\ARMCLANG\Bin
C Compiler:      ArmClang.exe V6.19
Assembler:       Armasm.exe V6.19
Linker/Locator:  ArmLink.exe V6.19
Library Manager: ArmAr.exe V6.19
Hex Converter:   FromElf.exe V6.19
CPU DLL:         SARMCM3.DLL V5.38.0.0
Dialog DLL:      DARMCM1.DLL V1.19.6.0
Target DLL:      CMSIS_AGDI.dll V1.33.15.0
Dialog DLL:      TARMCM1.DLL V1.14.6.0
 
<h2>Project:</h2>
E:\work-git\rice_cooker\rice\rice_space\APP_MDK\app.uvprojx
Project File Date:  10/29/2025

<h2>Output:</h2>
*** Using Compiler 'V6.19', folder: 'D:\Keil_v5\ARM\ARMCLANG\Bin'
Build Project 'app' - Target 'app'
compiling hx711.c...
linking...
.\Objects\app.axf: Warning: L6439W: Multiply defined Global Symbol TIM2_IRQHandler defined in .text(startup_mm32f0270_keil.o) rejected in favor of Symbol defined in .text.TIM2_IRQHandler(mm32f0270_it.o).
Program Size: Code=41176 RO-data=4008 RW-data=320 ZI-data=10608  
Finished: 0 information, 1 warning and 0 error messages.
".\Objects\app.axf" - 0 Error(s), 1 Warning(s).

<h2>Software Packages used:</h2>

Package Vendor: MindMotion
                http://www.mindmotion.com.cn/Download/MDK_KEIL/MindMotion.MM32F0270_DFP.0.1.1.pack
                MindMotion.MM32F0270_DFP.0.1.1
                MindMotion MM32F0270 Series Device Support, Drivers and Examples

<h2>Collection of Component include folders:</h2>
  D:/Arm/Packs/MindMotion/MM32F0270_DFP/0.1.1/Device/MM32F027x/Include

<h2>Collection of Component Files used:</h2>
Build Time Elapsed:  00:00:01
</pre>
</body>
</html>
