Component: Arm Compiler for Embedded 6.19 Tool: armlink [5e73cb00]

==============================================================================

Section Cross References

    app.o(.text.app) refers to thread.o(.text.rt_thread_create) for rt_thread_create
    app.o(.text.app) refers to thread.o(.text.rt_thread_startup) for rt_thread_startup
    app.o(.text.app) refers to mm32_gpio.o(.text.gpio_toggle) for gpio_toggle
    app.o(.text.app) refers to thread.o(.text.rt_thread_mdelay) for rt_thread_mdelay
    app.o(.text.app) refers to key.o(.text.thread_key_task_entry) for thread_key_task_entry
    app.o(.text.app) refers to app.o(.bss.app.tid_key_task) for [Anonymous Symbol]
    app.o(.ARM.exidx.text.app) refers to app.o(.text.app) for [Anonymous Symbol]
    main.o(.text.main) refers to app.o(.text.app) for app
    main.o(.text.main) refers to thread.o(.text.rt_thread_mdelay) for rt_thread_mdelay
    main.o(.ARM.exidx.text.main) refers to main.o(.text.main) for [Anonymous Symbol]
    main.o(.text.init_hardware) refers to platform.o(.text.platform_init) for platform_init
    main.o(.ARM.exidx.text.init_hardware) refers to main.o(.text.init_hardware) for [Anonymous Symbol]
    main.o(.rti_fn.1) refers to main.o(.text.init_hardware) for init_hardware
    mm32_adc.o(.ARM.exidx.text.adc_channel_to_gpio) refers to mm32_adc.o(.text.adc_channel_to_gpio) for [Anonymous Symbol]
    mm32_adc.o(.text.enable_gpio_clock) refers to hal_rcc.o(.text.RCC_AHBPeriphClockCmd) for RCC_AHBPeriphClockCmd
    mm32_adc.o(.ARM.exidx.text.enable_gpio_clock) refers to mm32_adc.o(.text.enable_gpio_clock) for [Anonymous Symbol]
    mm32_adc.o(.text.adc_config_single) refers to hal_rcc.o(.text.RCC_APB2PeriphClockCmd) for RCC_APB2PeriphClockCmd
    mm32_adc.o(.text.adc_config_single) refers to hal_adc.o(.text.ADC_StructInit) for ADC_StructInit
    mm32_adc.o(.text.adc_config_single) refers to hal_adc.o(.text.ADC_Init) for ADC_Init
    mm32_adc.o(.text.adc_config_single) refers to hal_adc.o(.text.ADC_Cmd) for ADC_Cmd
    mm32_adc.o(.ARM.exidx.text.adc_config_single) refers to mm32_adc.o(.text.adc_config_single) for [Anonymous Symbol]
    mm32_adc.o(.text.adc_read_single) refers to hal_rcc.o(.text.RCC_APB2PeriphClockCmd) for RCC_APB2PeriphClockCmd
    mm32_adc.o(.text.adc_read_single) refers to hal_adc.o(.text.ADC_StructInit) for ADC_StructInit
    mm32_adc.o(.text.adc_read_single) refers to hal_adc.o(.text.ADC_Init) for ADC_Init
    mm32_adc.o(.text.adc_read_single) refers to hal_adc.o(.text.ADC_TempSensorVrefintCmd) for ADC_TempSensorVrefintCmd
    mm32_adc.o(.text.adc_read_single) refers to hal_adc.o(.text.ADC_RegularChannelConfig) for ADC_RegularChannelConfig
    mm32_adc.o(.text.adc_read_single) refers to hal_adc.o(.text.ADC_ANY_NUM_Config) for ADC_ANY_NUM_Config
    mm32_adc.o(.text.adc_read_single) refers to hal_adc.o(.text.ADC_ANY_CH_Config) for ADC_ANY_CH_Config
    mm32_adc.o(.text.adc_read_single) refers to hal_adc.o(.text.ADC_ANY_Cmd) for ADC_ANY_Cmd
    mm32_adc.o(.text.adc_read_single) refers to hal_adc.o(.text.ADC_Cmd) for ADC_Cmd
    mm32_adc.o(.text.adc_read_single) refers to hal_adc.o(.text.ADC_SoftwareStartConvCmd) for ADC_SoftwareStartConvCmd
    mm32_adc.o(.text.adc_read_single) refers to hal_adc.o(.text.ADC_GetFlagStatus) for ADC_GetFlagStatus
    mm32_adc.o(.text.adc_read_single) refers to hal_adc.o(.text.ADC_ClearFlag) for ADC_ClearFlag
    mm32_adc.o(.text.adc_read_single) refers to hal_adc.o(.text.ADC_GetConversionValue) for ADC_GetConversionValue
    mm32_adc.o(.text.adc_read_single) refers to fflti.o(.text) for __aeabi_ui2f
    mm32_adc.o(.text.adc_read_single) refers to fmul.o(x$fpl$fmul) for __aeabi_fmul
    mm32_adc.o(.text.adc_read_single) refers to fdiv.o(.text) for __aeabi_fdiv
    mm32_adc.o(.text.adc_read_single) refers to ffixi.o(.text) for __aeabi_f2iz
    mm32_adc.o(.text.adc_read_single) refers to mm32_adc.o(.text.adc_channel_to_gpio) for adc_channel_to_gpio
    mm32_adc.o(.text.adc_read_single) refers to mm32_adc.o(.text.enable_gpio_clock) for enable_gpio_clock
    mm32_adc.o(.text.adc_read_single) refers to hal_gpio.o(.text.GPIO_StructInit) for GPIO_StructInit
    mm32_adc.o(.text.adc_read_single) refers to hal_gpio.o(.text.GPIO_Init) for GPIO_Init
    mm32_adc.o(.ARM.exidx.text.adc_read_single) refers to mm32_adc.o(.text.adc_read_single) for [Anonymous Symbol]
    mm32_gpio.o(.text.gpio_config) refers to hal_rcc.o(.text.RCC_AHBPeriphClockCmd) for RCC_AHBPeriphClockCmd
    mm32_gpio.o(.text.gpio_config) refers to hal_gpio.o(.text.GPIO_StructInit) for GPIO_StructInit
    mm32_gpio.o(.text.gpio_config) refers to hal_gpio.o(.text.GPIO_Init) for GPIO_Init
    mm32_gpio.o(.ARM.exidx.text.gpio_config) refers to mm32_gpio.o(.text.gpio_config) for [Anonymous Symbol]
    mm32_gpio.o(.text.gpio_toggle) refers to hal_gpio.o(.text.GPIO_ReadOutputDataBit) for GPIO_ReadOutputDataBit
    mm32_gpio.o(.text.gpio_toggle) refers to hal_gpio.o(.text.GPIO_ResetBits) for GPIO_ResetBits
[...]
    ulog_console_backend_output              0x0800959d   Thumb Code    10  console_be.o(.text.ulog_console_backend_output)
    ulog_formater                            0x080095a9   Thumb Code    64  ulog.o(.text.ulog_formater)
    ulog_head_formater                       0x080095ed   Thumb Code    96  ulog.o(.text.ulog_head_formater)
    ulog_hex_formater                        0x0800965d   Thumb Code   228  ulog.o(.text.ulog_hex_formater)
    ulog_init                                0x08009769   Thumb Code    36  ulog.o(.text.ulog_init)
    ulog_output                              0x08009799   Thumb Code    30  ulog.o(.text.ulog_output)
    ulog_strcpy                              0x080097b7   Thumb Code    26  ulog.o(.text.ulog_strcpy)
    ulog_tail_formater                       0x080097d1   Thumb Code    76  ulog.o(.text.ulog_tail_formater)
    ulog_voutput                             0x080098b1   Thumb Code   152  ulog.o(.text.ulog_voutput)
    version                                  0x08009955   Thumb Code    10  cmd.o(.text.version)
    __ARM_common_ll_muluu                    0x080099e5   Thumb Code    48  btod.o(i.__ARM_common_ll_muluu)
    __ARM_fpclassify                         0x08009a15   Thumb Code    40  fpclassify.o(i.__ARM_fpclassify)
    __kernel_poly                            0x08009a41   Thumb Code   172  poly.o(i.__kernel_poly)
    __mathlib_dbl_infnan                     0x08009aed   Thumb Code    10  dunder.o(i.__mathlib_dbl_infnan)
    __mathlib_dbl_overflow                   0x08009af9   Thumb Code    16  dunder.o(i.__mathlib_dbl_overflow)
    __mathlib_dbl_underflow                  0x08009b0d   Thumb Code    14  dunder.o(i.__mathlib_dbl_underflow)
    __mathlib_narrow                         0x08009b21   Thumb Code    16  narrow.o(i.__mathlib_narrow)
    __mathlib_tofloat                        0x08009b31   Thumb Code   190  narrow.o(i.__mathlib_tofloat)
    __support_ldexp                          0x08009bf9   Thumb Code    20  ldexp.o(i.__support_ldexp)
    _is_digit                                0x08009c0d   Thumb Code    14  __printf_wp.o(i._is_digit)
    atan                                     0x08009c1d   Thumb Code   472  atan.o(i.atan)
    atof                                     0x08009e39   Thumb Code    44  atof.o(i.atof)
    frexp                                    0x08009e65   Thumb Code    72  frexp.o(i.frexp)
    ldexp                                    0x08009ebd   Thumb Code   112  ldexp.o(i.ldexp)
    sqrt                                     0x08009f2d   Thumb Code    66  sqrt.o(i.sqrt)
    _get_lc_ctype                            0x08009f75   Thumb Code    44  lc_ctype_c.o(locale$$code)
    _get_lc_numeric                          0x08009fa1   Thumb Code    44  lc_numeric_c.o(locale$$code)
    __aeabi_cdcmpeq                          0x08009fcd   Thumb Code     0  deqf.o(x$fpl$deqf)
    _dcmpeq                                  0x08009fcd   Thumb Code    94  deqf.o(x$fpl$deqf)
    __aeabi_cdrcmple                         0x0800a031   Thumb Code     0  drlef.o(x$fpl$drleqf)
    _drcmple                                 0x0800a031   Thumb Code   100  drlef.o(x$fpl$drleqf)
    __aeabi_fmul                             0x0800a099   Thumb Code     0  fmul.o(x$fpl$fmul)
    _fmul                                    0x0800a099   Thumb Code   172  fmul.o(x$fpl$fmul)
    _printf_fp_dec                           0x0800a149   Thumb Code    16  printf1.o(x$fpl$printf1)
    _printf_fp_hex                           0x0800a159   Thumb Code    16  printf2.o(x$fpl$printf2)
    _scanf_real                              0x0800a169   Thumb Code    16  scanf1.o(x$fpl$scanf1)
    _scanf_hex_real                          0x0800a179   Thumb Code    16  scanf2.o(x$fpl$scanf2)
    _scanf_infnan                            0x0800a189   Thumb Code    16  scanf2.o(x$fpl$scanf2)
    __I$use$fp                               0x0800a198   Number         0  usenofp.o(x$fpl$usenofp)
    __fsym_INA226_Test_name                  0x0800a3f4   Data          12  ina226.o(.rodata.__fsym_INA226_Test_name)
    __fsym_VL6180_ReadAndLog_name            0x0800a400   Data          18  vl6180x.o(.rodata.__fsym_VL6180_ReadAndLog_name)
    __fsym_WT588F_Init_name                  0x0800a412   Data          12  onewire_bus.o(.rodata.__fsym_WT588F_Init_name)
    __fsym_clear_name                        0x0800a41e   Data           6  cmd.o(.rodata.__fsym_clear_name)
    __fsym_cmd_free_name                     0x0800a424   Data           9  board.o(.rodata.__fsym_cmd_free_name)
    __fsym_display_test_name                 0x0800a42d   Data          13  gn1650.o(.rodata.__fsym_display_test_name)
    __fsym_help_name                         0x0800a43a   Data           5  msh.o(.rodata.__fsym_help_name)
    __fsym_hx711_test_entry_name             0x0800a43f   Data          17  hx711.o(.rodata.__fsym_hx711_test_entry_name)
    __fsym_list_event_name                   0x0800a450   Data          11  cmd.o(.rodata.__fsym_list_event_name)
    __fsym_list_mempool_name                 0x0800a45b   Data          13  cmd.o(.rodata.__fsym_list_mempool_name)
    __fsym_list_msgqueue_name                0x0800a468   Data          14  cmd.o(.rodata.__fsym_list_msgqueue_name)
    __fsym_list_mutex_name                   0x0800a476   Data          11  cmd.o(.rodata.__fsym_list_mutex_name)
    __fsym_list_name                         0x0800a481   Data           5  cmd.o(.rodata.__fsym_list_name)
    __fsym_list_sem_name                     0x0800a486   Data           9  cmd.o(.rodata.__fsym_list_sem_name)
    __fsym_list_thread_name                  0x0800a48f   Data          12  cmd.o(.rodata.__fsym_list_thread_name)
    __fsym_list_timer_name                   0x0800a49b   Data          11  cmd.o(.rodata.__fsym_list_timer_name)
    __fsym_pwm_frequency_test_name           0x0800a4a6   Data          19  pwm.o(.rodata.__fsym_pwm_frequency_test_name)
    __fsym_read_accelerometer_data_name      0x0800a4b9   Data          24  sc7a20.o(.rodata.__fsym_read_accelerometer_data_name)
    __fsym_set_pwm_duty_name                 0x0800a4d1   Data          13  pwm.o(.rodata.__fsym_set_pwm_duty_name)
    __fsym_ulog_test_name                    0x0800a4de   Data          10  console_be.o(.rodata.__fsym_ulog_test_name)
    __fsym_version_name                      0x0800a4e8   Data           8  cmd.o(.rodata.__fsym_version_name)
    __fsym_weight_task_name                  0x0800a4f0   Data          12  hx711.o(.rodata.__fsym_weight_task_name)
    __lowest_bit_bitmap                      0x0800a4fc   Data         256  kservice.o(.rodata.__lowest_bit_bitmap)
    seg_codes_digits                         0x0800a61c   Data          10  gn1650.o(.rodata.seg_codes_digits)
    seg_codes_letters                        0x0800a626   Data           6  gn1650.o(.rodata.seg_codes_letters)
    __rt_init_rti_start                      0x0800ae48   Data           4  components.o(.rti_fn.0)
    __rt_init_rti_board_start                0x0800ae4c   Data           4  components.o(.rti_fn.0.end)
    __rt_init_init_hardware                  0x0800ae50   Data           4  main.o(.rti_fn.1)
    __rt_init_uart_init                      0x0800ae54   Data           4  board.o(.rti_fn.1)
    __rt_init_ulog_init                      0x0800ae58   Data           4  ulog.o(.rti_fn.1)
    __rt_init_rti_board_end                  0x0800ae5c   Data           4  components.o(.rti_fn.1.end)
    __rt_init_gpio_init                      0x0800ae60   Data           4  key.o(.rti_fn.6)
    __rt_init_full_bridge_init_app           0x0800ae64   Data           4  pwm.o(.rti_fn.6)
    __rt_init_finsh_system_init              0x0800ae68   Data           4  shell.o(.rti_fn.6)
    __rt_init_ulog_console_backend_init      0x0800ae6c   Data           4  console_be.o(.rti_fn.6)
    __rt_init_rti_end                        0x0800ae70   Data           4  components.o(.rti_fn.6.end)
    FSymTab$$Base                            0x0800ae74   Number         0  gn1650.o(FSymTab)
    __fsym_display_test                      0x0800ae74   Data           8  gn1650.o(FSymTab)
    __fsym_weight_task                       0x0800ae7c   Data           8  hx711.o(FSymTab)
    __fsym_hx711_test_entry                  0x0800ae84   Data           8  hx711.o(FSymTab)
    __fsym_INA226_Test                       0x0800ae8c   Data           8  ina226.o(FSymTab)
    __fsym_WT588F_Init                       0x0800ae94   Data           8  onewire_bus.o(FSymTab)
    __fsym_pwm_frequency_test                0x0800ae9c   Data           8  pwm.o(FSymTab)
    __fsym_set_pwm_duty                      0x0800aea4   Data           8  pwm.o(FSymTab)
    __fsym_read_accelerometer_data           0x0800aeac   Data           8  sc7a20.o(FSymTab)
    __fsym_VL6180_ReadAndLog                 0x0800aeb4   Data           8  vl6180x.o(FSymTab)
    __fsym_cmd_free                          0x0800aebc   Data           8  board.o(FSymTab)
    __fsym_clear                             0x0800aec4   Data           8  cmd.o(FSymTab)
    __fsym_version                           0x0800aecc   Data           8  cmd.o(FSymTab)
    __fsym_list_thread                       0x0800aed4   Data           8  cmd.o(FSymTab)
    __fsym_list_sem                          0x0800aedc   Data           8  cmd.o(FSymTab)
    __fsym_list_event                        0x0800aee4   Data           8  cmd.o(FSymTab)
    __fsym_list_mutex                        0x0800aeec   Data           8  cmd.o(FSymTab)
    __fsym_list_msgqueue                     0x0800aef4   Data           8  cmd.o(FSymTab)
    __fsym_list_mempool                      0x0800aefc   Data           8  cmd.o(FSymTab)
    __fsym_list_timer                        0x0800af04   Data           8  cmd.o(FSymTab)
    __fsym_list                              0x0800af0c   Data           8  cmd.o(FSymTab)
    __fsym_help                              0x0800af14   Data           8  msh.o(FSymTab)
    __fsym_ulog_test                         0x0800af1c   Data           8  console_be.o(FSymTab)
    FSymTab$$Limit                           0x0800af24   Number         0  console_be.o(FSymTab)
    Region$$Table$$Base                      0x0800af24   Number         0  anon$$obj.o(Region$$Table)
    Region$$Table$$Limit                     0x0800af44   Number         0  anon$$obj.o(Region$$Table)
    __aeabi_HUGE_VAL                         0x0800af44   Data           0  fpconst.o(c$$dinf)
    __aeabi_HUGE_VALL                        0x0800af44   Data           0  fpconst.o(c$$dinf)
    __aeabi_INFINITY                         0x0800af44   Data           0  fpconst.o(c$$dinf)
    __dInf                                   0x0800af44   Data           0  fpconst.o(c$$dinf)
    __huge_val                               0x0800af44   Data           0  fpconst.o(c$$dinf)
    __dbl_max                                0x0800af4c   Data           0  fpconst.o(c$$dmax)
    __ctype                                  0x0800af61   Data           0  lc_ctype_c.o(locale$$data)
    SystemCoreClock                          0x20000000   Data           4  system_mm32f0270.o(.data.SystemCoreClock)
    freq                                     0x2000008c   Data           2  key.o(.data.freq)
    i2c2                                     0x20000090   Data          32  sc7a20.o(.data.i2c2)
    i2c3                                     0x200000b0   Data          32  vl6180x.o(.data.i2c3)
    tbPresc                                  0x200000d0   Data          16  hal_rcc.o(.data.tbPresc)
    uart1                                    0x200000e0   Data          48  mm32_uart.o(.data.uart1)
    uart2                                    0x20000110   Data          48  mm32_uart.o(.data.uart2)
    __libspace_start                         0x20000140   Data          96  libspace.o(.bss)
    __temporary_stack_top$libspace           0x200001a0   Data           0  libspace.o(.bss)
    btn1                                     0x200001a0   Data          44  key.o(.bss..L_MergedGlobals)
    btn2                                     0x200001cc   Data          44  key.o(.bss..L_MergedGlobals)
    rt_current_priority                      0x20000220   Data           1  scheduler.o(.bss..L_MergedGlobals)
    rt_current_thread                        0x20000224   Data           4  scheduler.o(.bss..L_MergedGlobals)
    rt_thread_ready_priority_group           0x20000228   Data           4  scheduler.o(.bss..L_MergedGlobals)
    _syscall_table_begin                     0x20000244   Data           4  shell.o(.bss..L_MergedGlobals)
    _syscall_table_end                       0x20000248   Data           4  shell.o(.bss..L_MergedGlobals)
    shell                                    0x20000250   Data           4  shell.o(.bss..L_MergedGlobals)
    PLATFORM_DelayTick                       0x2000025c   Data           4  platform.o(.bss.PLATFORM_DelayTick)
    RCC_Clocks                               0x20000260   Data          20  pwm.o(.bss.RCC_Clocks)
    pwm_started                              0x200007c0   Data           1  key.o(.bss.pwm_started)
    reg_ok                                   0x200007c1   Data          11  sc7a20.o(.bss.reg_ok)
    rt_interrupt_from_thread                 0x20001fcc   Data           4  cpuport.o(.bss.rt_interrupt_from_thread)
    rt_interrupt_nest                        0x20001fd0   Data           1  irq.o(.bss.rt_interrupt_nest)
    rt_interrupt_to_thread                   0x20001fd4   Data           4  cpuport.o(.bss.rt_interrupt_to_thread)
    rt_thread_priority_table                 0x200021d8   Data         256  scheduler.o(.bss.rt_thread_priority_table)
    rt_thread_switch_interrupt_flag          0x200023d8   Data           4  cpuport.o(.bss.rt_thread_switch_interrupt_flag)
    sl_sc7Aa20                               0x200023e0   Data          10  sc7a20.o(.bss.sl_sc7Aa20)
    timeoutcnt                               0x200023ea   Data           2  vl6180x.o(.bss.timeoutcnt)



==============================================================================

Memory Map of the image

  Image Entry point : 0x080000c1

  Load Region LR_IROM1 (Base: 0x08000000, Size: 0x0000b1c0, Max: 0x00020000, ABSOLUTE, COMPRESSED[0x0000b110])

    Execution Region ER_IROM1 (Exec base: 0x08000000, Load base: 0x08000000, Size: 0x0000b080, Max: 0x00020000, ABSOLUTE)

    Exec Addr    Load Addr    Size         Type   Attr      Idx    E Section Name        Object

    0x08000000   0x08000000   0x000000c0   Data   RO         1788    RESET               startup_mm32f0270_keil.o
    0x080000c0   0x080000c0   0x00000008   Code   RO         2575  * !!!main             c_p.l(__main.o)
    0x080000c8   0x080000c8   0x0000003c   Code   RO         3218    !!!scatter          c_p.l(__scatter.o)
    0x08000104   0x08000104   0x0000001c   Code   RO         3220    !!handler_zi        c_p.l(__scatter_zi.o)
    0x08000120   0x08000120   0x00000002   Code   RO         2548    .ARM.Collect$$_printf_percent$$00000000  c_p.l(_printf_percent.o)
    0x08000122   0x08000122   0x0000000a   Code   RO         2718    .ARM.Collect$$_printf_percent$$00000001  c_p.l(_printf_n.o)
    0x0800012c   0x0800012c   0x0000000a   Code   RO         2720    .ARM.Collect$$_printf_percent$$00000002  c_p.l(_printf_p.o)
    0x08000136   0x08000136   0x0000000a   Code   RO         2547    .ARM.Collect$$_printf_percent$$00000003  c_p.l(_printf_f.o)
    0x08000140   0x08000140   0x0000000a   Code   RO         2725    .ARM.Collect$$_printf_percent$$00000004  c_p.l(_printf_e.o)
    0x0800014a   0x0800014a   0x0000000a   Code   RO         2726    .ARM.Collect$$_printf_percent$$00000005  c_p.l(_printf_g.o)
    0x08000154   0x08000154   0x0000000a   Code   RO         2727    .ARM.Collect$$_printf_percent$$00000006  c_p.l(_printf_a.o)
    0x0800015e   0x0800015e   0x0000000a   Code   RO         2732    .ARM.Collect$$_printf_percent$$00000007  c_p.l(_printf_ll.o)
    0x08000168   0x08000168   0x0000000a   Code   RO         2722    .ARM.Collect$$_printf_percent$$00000008  c_p.l(_printf_i.o)
    0x08000172   0x08000172   0x0000000a   Code   RO         2723    .ARM.Collect$$_printf_percent$$00000009  c_p.l(_printf_d.o)
    0x0800017c   0x0800017c   0x0000000a   Code   RO         2724    .ARM.Collect$$_printf_percent$$0000000A  c_p.l(_printf_u.o)
    0x08000186   0x08000186   0x0000000a   Code   RO         2721    .ARM.Collect$$_printf_percent$$0000000B  c_p.l(_printf_o.o)
    0x08000190   0x08000190   0x0000000a   Code   RO         2719    .ARM.Collect$$_printf_percent$$0000000C  c_p.l(_printf_x.o)
    0x0800019a   0x0800019a   0x0000000a   Code   RO         2729    .ARM.Collect$$_printf_percent$$0000000D  c_p.l(_printf_lli.o)
    0x080001a4   0x080001a4   0x0000000a   Code   RO         2730    .ARM.Collect$$_printf_percent$$0000000E  c_p.l(_printf_lld.o)
    0x080001ae   0x080001ae   0x0000000a   Code   RO         2731    .ARM.Collect$$_printf_percent$$0000000F  c_p.l(_printf_llu.o)
    0x080001b8   0x080001b8   0x0000000a   Code   RO         2736    .ARM.Collect$$_printf_percent$$00000010  c_p.l(_printf_llo.o)
    0x080001c2   0x080001c2   0x0000000a   Code   RO         2737    .ARM.Collect$$_printf_percent$$00000011  c_p.l(_printf_llx.o)
    0x080001cc   0x080001cc   0x0000000a   Code   RO         2733    .ARM.Collect$$_printf_percent$$00000012  c_p.l(_printf_l.o)
    0x080001d6   0x080001d6   0x0000000a   Code   RO         2717    .ARM.Collect$$_printf_percent$$00000013  c_p.l(_printf_c.o)
    0x080001e0   0x080001e0   0x0000000a   Code   RO         2546    .ARM.Collect$$_printf_percent$$00000014  c_p.l(_printf_s.o)
    0x080001ea   0x080001ea   0x0000000a   Code   RO         2734    .ARM.Collect$$_printf_percent$$00000015  c_p.l(_printf_lc.o)
    0x080001f4   0x080001f4   0x0000000a   Code   RO         2735    .ARM.Collect$$_printf_percent$$00000016  c_p.l(_printf_ls.o)
    0x080001fe   0x080001fe   0x00000004   Code   RO         2728    .ARM.Collect$$_printf_percent$$00000017  c_p.l(_printf_percent_end.o)
    0x08000202   0x08000202   0x00000002   Code   RO         3020    .ARM.Collect$$libinit$$00000000  c_p.l(libinit.o)
    0x08000204   0x08000204   0x00000000   Code   RO         2866    .ARM.Collect$$libinit$$00000002  c_p.l(libinit2.o)
    0x08000204   0x08000204   0x00000000   Code   RO         2868    .ARM.Collect$$libinit$$00000004  c_p.l(libinit2.o)
    0x08000204   0x08000204   0x00000000   Code   RO         2870    .ARM.Collect$$libinit$$00000006  c_p.l(libinit2.o)
    0x08000204   0x08000204   0x00000000   Code   RO         2873    .ARM.Collect$$libinit$$0000000C  c_p.l(libinit2.o)
    0x08000204   0x08000204   0x00000000   Code   RO         2875    .ARM.Collect$$libinit$$0000000E  c_p.l(libinit2.o)
    0x08000204   0x08000204   0x00000000   Code   RO         2877    .ARM.Collect$$libinit$$00000010  c_p.l(libinit2.o)
    0x08000204   0x08000204   0x00000006   Code   RO         2878    .ARM.Collect$$libinit$$00000011  c_p.l(libinit2.o)
    0x0800020a   0x0800020a   0x00000000   Code   RO         2880    .ARM.Collect$$libinit$$00000013  c_p.l(libinit2.o)
    0x0800020a   0x0800020a   0x0000000c   Code   RO         2881    .ARM.Collect$$libinit$$00000014  c_p.l(libinit2.o)
    0x08000216   0x08000216   0x00000000   Code   RO         2882    .ARM.Collect$$libinit$$00000015  c_p.l(libinit2.o)
    0x08000216   0x08000216   0x00000000   Code   RO         2884    .ARM.Collect$$libinit$$00000017  c_p.l(libinit2.o)
    0x08000216   0x08000216   0x0000000a   Code   RO         2885    .ARM.Collect$$libinit$$00000018  c_p.l(libinit2.o)
    0x08000220   0x08000220   0x00000000   Code   RO         2886    .ARM.Collect$$libinit$$00000019  c_p.l(libinit2.o)
    0x08000220   0x08000220   0x00000000   Code   RO         2888    .ARM.Collect$$libinit$$0000001B  c_p.l(libinit2.o)
    0x08000220   0x08000220   0x00000000   Code   RO         2890    .ARM.Collect$$libinit$$0000001D  c_p.l(libinit2.o)
    0x08000220   0x08000220   0x00000000   Code   RO         2892    .ARM.Collect$$libinit$$0000001F  c_p.l(libinit2.o)
    0x08000220   0x08000220   0x00000000   Code   RO         2894    .ARM.Collect$$libinit$$00000021  c_p.l(libinit2.o)
    0x08000220   0x08000220   0x00000000   Code   RO         2896    .ARM.Collect$$libinit$$00000023  c_p.l(libinit2.o)
    0x08000220   0x08000220   0x00000000   Code   RO         2898    .ARM.Collect$$libinit$$00000025  c_p.l(libinit2.o)
    0x08000220   0x08000220   0x00000000   Code   RO         2900    .ARM.Collect$$libinit$$00000027  c_p.l(libinit2.o)
    0x08000220   0x08000220   0x00000000   Code   RO         2904    .ARM.Collect$$libinit$$0000002E  c_p.l(libinit2.o)
    0x08000220   0x08000220   0x00000000   Code   RO         2906    .ARM.Collect$$libinit$$00000030  c_p.l(libinit2.o)
    0x08000220   0x08000220   0x00000000   Code   RO         2908    .ARM.Collect$$libinit$$00000032  c_p.l(libinit2.o)
    0x08000220   0x08000220   0x00000000   Code   RO         2910    .ARM.Collect$$libinit$$00000034  c_p.l(libinit2.o)
    0x08000220   0x08000220   0x00000002   Code   RO         2911    .ARM.Collect$$libinit$$00000035  c_p.l(libinit2.o)
    0x08000222   0x08000222   0x00000002   Code   RO         3187    .ARM.Collect$$libshutdown$$00000000  c_p.l(libshutdown.o)
    0x08000224   0x08000224   0x00000000   Code   RO         3022    .ARM.Collect$$libshutdown$$00000002  c_p.l(libshutdown2.o)
    0x08000224   0x08000224   0x00000000   Code   RO         3024    .ARM.Collect$$libshutdown$$00000004  c_p.l(libshutdown2.o)
    0x08000224   0x08000224   0x00000000   Code   RO         3027    .ARM.Collect$$libshutdown$$00000007  c_p.l(libshutdown2.o)
    0x08000224   0x08000224   0x00000000   Code   RO         3030    .ARM.Collect$$libshutdown$$0000000A  c_p.l(libshutdown2.o)
    0x08000224   0x08000224   0x00000000   Code   RO         3032    .ARM.Collect$$libshutdown$$0000000C  c_p.l(libshutdown2.o)
    0x08000224   0x08000224   0x00000000   Code   RO         3035    .ARM.Collect$$libshutdown$$0000000F  c_p.l(libshutdown2.o)
    0x08000224   0x08000224   0x00000002   Code   RO         3036    .ARM.Collect$$libshutdown$$00000010  c_p.l(libshutdown2.o)
    0x08000226   0x08000226   0x00000000   Code   RO         2642    .ARM.Collect$$rtentry$$00000000  c_p.l(__rtentry.o)
    0x08000226   0x08000226   0x00000000   Code   RO         2806    .ARM.Collect$$rtentry$$00000002  c_p.l(__rtentry2.o)
    0x08000226   0x08000226   0x00000006   Code   RO         2818    .ARM.Collect$$rtentry$$00000004  c_p.l(__rtentry4.o)
    0x0800022c   0x0800022c   0x00000000   Code   RO         2808    .ARM.Collect$$rtentry$$00000009  c_p.l(__rtentry2.o)
    0x0800022c   0x0800022c   0x00000004   Code   RO         2809    .ARM.Collect$$rtentry$$0000000A  c_p.l(__rtentry2.o)
    0x08000230   0x08000230   0x00000000   Code   RO         2811    .ARM.Collect$$rtentry$$0000000C  c_p.l(__rtentry2.o)
    0x08000230   0x08000230   0x00000008   Code   RO         2812    .ARM.Collect$$rtentry$$0000000D  c_p.l(__rtentry2.o)
    0x08000238   0x08000238   0x00000002   Code   RO         3048    .ARM.Collect$$rtexit$$00000000  c_p.l(rtexit.o)
    0x0800023a   0x0800023a   0x00000000   Code   RO         3130    .ARM.Collect$$rtexit$$00000002  c_p.l(rtexit2.o)
    0x0800023a   0x0800023a   0x00000004   Code   RO         3131    .ARM.Collect$$rtexit$$00000003  c_p.l(rtexit2.o)
    0x0800023e   0x0800023e   0x00000006   Code   RO         3132    .ARM.Collect$$rtexit$$00000004  c_p.l(rtexit2.o)
    0x08000244   0x08000244   0x00000038   Code   RO         2559    .emb_text           c_p.l(rt_memcpy.o)
    0x0800027c   0x0800027c   0x00000044   Code   RO         1789    .text               startup_mm32f0270_keil.o
    0x080002c0   0x080002c0   0x000000ec   Code   RO         2236    .text               context_gcc.o
    0x080003ac   0x080003ac   0x00000010   Code   RO         2510    .text               c_p.l(rt_ctype_table.o)
    0x080003bc   0x080003bc   0x000000a6   Code   RO         2512    .text               c_p.l(llsdiv.o)
    0x08000462   0x08000462   0x00000002   PAD
    0x08000464   0x08000464   0x0000003c   Code   RO         2516    .text               c_p.l(vsnprintf.o)
    0x080004a0   0x080004a0   0x00000052   Code   RO         2524    .text               c_p.l(_printf_str.o)
    0x080004f2   0x080004f2   0x00000002   PAD
    0x080004f4   0x080004f4   0x00000188   Code   RO         2543    .text               c_p.l(__printf_flags_ss_wp.o)
    0x0800067c   0x0800067c   0x0000001a   Code   RO         2549    .text               c_p.l(atoi.o)
    0x08000696   0x08000696   0x0000005a   Code   RO         2551    .text               c_p.l(memcmp.o)
    0x080006f0   0x080006f0   0x00000044   Code   RO         2555    .text               c_p.l(strlen.o)
    0x08000734   0x08000734   0x000000a0   Code   RO         2557    .text               c_p.l(strncmp.o)
    0x080007d4   0x080007d4   0x00000082   Code   RO         2560    .text               c_p.l(rt_memcpy.o)
    0x08000856   0x08000856   0x00000040   Code   RO         2563    .text               c_p.l(rt_memclr.o)
    0x08000896   0x08000896   0x00000002   PAD
    0x08000898   0x08000898   0x0000006c   Code   RO         2565    .text               c_p.l(strncpy.o)
    0x08000904   0x08000904   0x00000088   Code   RO         2567    .text               c_p.l(strcmp.o)
    0x0800098c   0x0800098c   0x0000016c   Code   RO         2569    .text               c_p.l(aeabi_sdiv.o)
    0x08000af8   0x08000af8   0x00000006   Code   RO         2573    .text               c_p.l(heapauxi.o)
    0x08000afe   0x08000afe   0x00000002   PAD
    0x08000b00   0x08000b00   0x0000007c   Code   RO         2577    .text               fz_ps.l(d2f.o)
    0x08000b7c   0x08000b7c   0x00000358   Code   RO         2579    .text               fz_ps.l(daddsub.o)
    0x08000ed4   0x08000ed4   0x00000448   Code   RO         2581    .text               fz_ps.l(ddiv.o)
    0x0800131c   0x0800131c   0x0000006c   Code   RO         2584    .text               fz_ps.l(dfixi.o)
    0x08001388   0x08001388   0x00000048   Code   RO         2586    .text               fz_ps.l(dfixui.o)
    0x080013d0   0x080013d0   0x00000058   Code   RO         2588    .text               fz_ps.l(dflti.o)
    0x08001428   0x08001428   0x00000248   Code   RO         2590    .text               fz_ps.l(dmul.o)
    0x08001670   0x08001670   0x00000054   Code   RO         2592    .text               fz_ps.l(f2d.o)
    0x080016c4   0x080016c4   0x00000160   Code   RO         2612    .text               fz_ps.l(fdiv.o)
    0x08001824   0x08001824   0x00000030   Code   RO         2617    .text               fz_ps.l(ffixui.o)
    0x08001854   0x08001854   0x0000005e   Code   RO         2619    .text               fz_ps.l(fflti.o)
    0x080018b2   0x080018b2   0x00000002   PAD
    0x080018b4   0x080018b4   0x00000008   Code   RO         2654    .text               c_p.l(rt_locale_intlibspace.o)
    0x080018bc   0x080018bc   0x00000008   Code   RO         2659    .text               c_p.l(rt_errno_addr_intlibspace.o)
    0x080018c4   0x080018c4   0x00000110   Code   RO         2661    .text               c_p.l(lludiv.o)
    0x080019d4   0x080019d4   0x00000016   Code   RO         2663    .text               c_p.l(_rserrno.o)
    0x080019ea   0x080019ea   0x0000004e   Code   RO         2665    .text               c_p.l(_printf_pad.o)
    0x08001a38   0x08001a38   0x00000024   Code   RO         2667    .text               c_p.l(_printf_truncate.o)
    0x08001a5c   0x08001a5c   0x0000006c   Code   RO         2669    .text               c_p.l(_printf_dec.o)
    0x08001ac8   0x08001ac8   0x00000026   Code   RO         2671    .text               c_p.l(_printf_charcount.o)
    0x08001aee   0x08001aee   0x00000002   PAD
    0x08001af0   0x08001af0   0x00000414   Code   RO         2673    .text               c_p.l(_printf_fp_dec.o)
    0x08001f04   0x08001f04   0x00000030   Code   RO         2677    .text               c_p.l(_printf_char_common.o)
    0x08001f34   0x08001f34   0x00000010   Code   RO         2679    .text               c_p.l(_snputc.o)
    0x08001f44   0x08001f44   0x0000002e   Code   RO         2681    .text               c_p.l(_printf_char.o)
    0x08001f72   0x08001f72   0x00000002   PAD
    0x08001f74   0x08001f74   0x000000bc   Code   RO         2685    .text               c_p.l(_printf_wctomb.o)
    0x08002030   0x08002030   0x00000070   Code   RO         2688    .text               c_p.l(_printf_longlong_dec.o)
    0x080020a0   0x080020a0   0x00000070   Code   RO         2694    .text               c_p.l(_printf_oct_int_ll.o)
    0x08002110   0x08002110   0x00000098   Code   RO         2714    .text               c_p.l(_printf_hex_int_ll_ptr.o)
    0x080021a8   0x080021a8   0x000000b8   Code   RO         2738    .text               c_p.l(strtod.o)
    0x08002260   0x08002260   0x00000070   Code   RO         2740    .text               c_p.l(strtol.o)
    0x080022d0   0x080022d0   0x00000060   Code   RO         2751    .text               fz_ps.l(dscalbn.o)
    0x08002330   0x08002330   0x00000100   Code   RO         2753    .text               fz_ps.l(dsqrt.o)
    0x08002430   0x08002430   0x00000008   Code   RO         2802    .text               c_p.l(libspace.o)
    0x08002438   0x08002438   0x0000007a   Code   RO         2822    .text               c_p.l(lludiv10.o)
    0x080024b2   0x080024b2   0x00000012   Code   RO         2824    .text               c_p.l(isspace.o)
    0x080024c4   0x080024c4   0x000000b0   Code   RO         2826    .text               c_p.l(_printf_intcommon.o)
    0x08002574   0x08002574   0x000002d8   Code   RO         2828    .text               c_p.l(_printf_fp_hex.o)
    0x0800284c   0x0800284c   0x00000088   Code   RO         2831    .text               c_p.l(_printf_fp_infnan.o)
    0x080028d4   0x080028d4   0x0000002e   Code   RO         2835    .text               c_p.l(_printf_wchar.o)
    0x08002902   0x08002902   0x00000044   Code   RO         2837    .text               c_p.l(_sgetc.o)
    0x08002946   0x08002946   0x000000a6   Code   RO         2839    .text               c_p.l(_strtoul.o)
    0x080029ec   0x080029ec   0x000000d8   Code   RO         2841    .text               c_p.l(bigflt0.o)
    0x08002ac4   0x08002ac4   0x00000580   Code   RO         2844    .text               c_p.l(btod.o)
    0x08003044   0x08003044   0x00000042   Code   RO         2858    .text               c_p.l(_c16rtomb.o)
    0x08003086   0x08003086   0x00000028   Code   RO         2863    .text               c_p.l(rtudiv10.o)
    0x080030ae   0x080030ae   0x0000003e   Code   RO         2925    .text               c_p.l(sys_stackheap_outer.o)
    0x080030ec   0x080030ec   0x0000001e   Code   RO         2984    .text               c_p.l(_chval.o)
    0x0800310a   0x0800310a   0x00000002   PAD
    0x0800310c   0x0800310c   0x00000520   Code   RO         2986    .text               c_p.l(scanf_fp.o)
    0x0800362c   0x0800362c   0x00000010   Code   RO         3003    .text               c_p.l(exit.o)
    0x0800363c   0x0800363c   0x0000002e   Code   RO         3037    .text               fz_ps.l(cmpret.o)
    0x0800366a   0x0800366a   0x00000020   Code   RO         3077    .text               c_p.l(llshl.o)
    0x0800368a   0x0800368a   0x00000030   Code   RO         3081    .text               c_p.l(llmul.o)
    0x080036ba   0x080036ba   0x0000005e   Code   RO         3104    .text               fz_ps.l(retnan.o)
    0x08003718   0x08003718   0x0000000c   Code   RO         3120    .text               c_p.l(sys_exit.o)
    0x08003724   0x08003724   0x00000002   Code   RO         3126    .text               c_p.l(use_no_semi.o)
    0x08003726   0x08003726   0x00000000   Code   RO         3128    .text               c_p.l(indicate_semi.o)
    0x08003726   0x08003726   0x00000002   PAD
    0x08003728   0x08003728   0x00000334   Code   RO         3148    .text               c_p.l(scanf_hexfp.o)
    0x08003a5c   0x08003a5c   0x0000013c   Code   RO         3150    .text               c_p.l(scanf_infnan.o)
    0x08003b98   0x08003b98   0x000000a0   Code   RO         3188    .text               fz_ps.l(dcmpin.o)
    0x08003c38   0x08003c38   0x00000014   Code   RO         3212    .text               fz_ps.l(dnan2.o)
    0x08003c4c   0x08003c4c   0x0000003a   Code   RO         3216    .text               c_p.l(__dczerorl.o)
    0x08003c86   0x08003c86   0x0000000a   Code   RO         1827    .text.$Sub$$main    components.o
    0x08003c90   0x08003c90   0x00000058   Code   RO         1773    .text.AutoCalPllFactor  system_mm32f0270.o
    0x08003ce8   0x08003ce8   0x00000038   Code   RO          315    .text.BTN1_DOUBLE_CLICK_Handler  key.o
    0x08003d20   0x08003d20   0x00000178   Code   RO          313    .text.BTN1_LONG_PRESS_START_Handler  key.o
    0x08003e98   0x08003e98   0x000000c8   Code   RO          317    .text.BTN1_SINGLE_CLICK_Handler  key.o
    0x08003f60   0x08003f60   0x000000ac   Code   RO          323    .text.BTN2_DOUBLE_CLICK_Handler  key.o
    0x0800400c   0x0800400c   0x0000003c   Code   RO          321    .text.BTN2_LONG_PRESS_START_Handler  key.o
    0x08004048   0x08004048   0x000000f8   Code   RO          319    .text.BTN2_SINGLE_CLICK_Handler  key.o
    0x08004140   0x08004140   0x00000030   Code   RO         1775    .text.DELAY_xUs     system_mm32f0270.o
    0x08004170   0x08004170   0x0000002c   Code   RO          205    .text.GN1650_IIC_start  gn1650.o
    0x0800419c   0x0800419c   0x0000002c   Code   RO          211    .text.GN1650_IIC_stop  gn1650.o
    0x080041c8   0x080041c8   0x00000030   Code   RO          209    .text.GN1650_IIC_wait_ack  gn1650.o
    0x080041f8   0x080041f8   0x0000004c   Code   RO          207    .text.GN1650_IIC_write_byte  gn1650.o
    0x08004244   0x08004244   0x00000022   Code   RO          201    .text.GN1650_cfg_display  gn1650.o
    0x08004266   0x08004266   0x00000016   Code   RO          203    .text.GN1650_clear  gn1650.o
    0x0800427c   0x0800427c   0x00000048   Code   RO          199    .text.GN1650_init   gn1650.o
    0x080042c4   0x080042c4   0x00000028   Code   RO          213    .text.GN1650_print  gn1650.o
    0x080042ec   0x080042ec   0x00000084   Code   RO          945    .text.GPIO_Init     hal_gpio.o
    0x08004370   0x08004370   0x00000020   Code   RO          969    .text.GPIO_PinAFConfig  hal_gpio.o
    0x08004390   0x08004390   0x0000000a   Code   RO          949    .text.GPIO_ReadInputDataBit  hal_gpio.o
    0x0800439a   0x0800439a   0x0000000a   Code   RO          953    .text.GPIO_ReadOutputDataBit  hal_gpio.o
    0x080043a4   0x080043a4   0x00000004   Code   RO          959    .text.GPIO_ResetBits  hal_gpio.o
    0x080043a8   0x080043a8   0x00000004   Code   RO          957    .text.GPIO_SetBits  hal_gpio.o
    0x080043ac   0x080043ac   0x00000014   Code   RO          947    .text.GPIO_StructInit  hal_gpio.o
    0x080043c0   0x080043c0   0x00000020   Code   RO          286    .text.INA226_GetBusVoltage  ina226.o
    0x080043e0   0x080043e0   0x00000024   Code   RO          288    .text.INA226_GetCurrent  ina226.o
    0x08004404   0x08004404   0x0000000a   Code   RO          292    .text.INA226_GetDieID  ina226.o
    0x0800440e   0x0800440e   0x0000000e   Code   RO          290    .text.INA226_GetPower  ina226.o
    0x0800441c   0x0800441c   0x00000020   Code   RO          284    .text.INA226_GetShuntVoltage  ina226.o
    0x0800443c   0x0800443c   0x00000020   Code   RO          282    .text.INA226_Init   ina226.o
    0x0800445c   0x0800445c   0x00000020   Code   RO          280    .text.INA226_ReadReg  ina226.o
    0x0800447c   0x0800447c   0x000000dc   Code   RO          294    .text.INA226_Test   ina226.o
    0x08004558   0x08004558   0x00000020   Code   RO          278    .text.INA226_WriteReg  ina226.o
    0x08004578   0x08004578   0x00000002   Code   RO          124    .text.NMI_Handler   mm32f0270_it.o
    0x0800457a   0x0800457a   0x00000002   PAD
    0x0800457c   0x0800457c   0x00000050   Code   RO         1181    .text.NVIC_Init     hal_misc.o
    0x080045cc   0x080045cc   0x00000018   Code   RO         1275    .text.RCC_AHBPeriphClockCmd  hal_rcc.o
    0x080045e4   0x080045e4   0x00000018   Code   RO         1279    .text.RCC_APB1PeriphClockCmd  hal_rcc.o
    0x080045fc   0x080045fc   0x00000018   Code   RO         1277    .text.RCC_APB2PeriphClockCmd  hal_rcc.o
    0x08004614   0x08004614   0x00000040   Code   RO         1273    .text.RCC_GetClocksFreq  hal_rcc.o
    0x08004654   0x08004654   0x00000018   Code   RO         1267    .text.RCC_GetHCLKFreq  hal_rcc.o
    0x0800466c   0x0800466c   0x00000018   Code   RO         1269    .text.RCC_GetPCLK1Freq  hal_rcc.o
    0x08004684   0x08004684   0x00000020   Code   RO         1271    .text.RCC_GetPCLK2Freq  hal_rcc.o
    0x080046a4   0x080046a4   0x00000058   Code   RO         1265    .text.RCC_GetSysClockFreq  hal_rcc.o
    0x080046fc   0x080046fc   0x00000014   Code   RO          459    .text.ReadByte      vl6180x.o
    0x08004710   0x08004710   0x000000a4   Code   RO          428    .text.SC7A20_GetZAxisAngle  sc7a20.o
    0x080047b4   0x080047b4   0x00000090   Code   RO          412    .text.SC7A20_Init   sc7a20.o
    0x08004844   0x08004844   0x000000b8   Code   RO          424    .text.SC7A20_ReadXYZ  sc7a20.o
    0x080048fc   0x080048fc   0x00000002   Code   RO          128    .text.SVC_Handler   mm32f0270_it.o
    0x080048fe   0x080048fe   0x00000002   PAD
    0x08004900   0x08004900   0x0000001c   Code   RO          132    .text.SysTick_Handler  mm32f0270_it.o
    0x0800491c   0x0800491c   0x000001dc   Code   RO         1771    .text.SystemInit    system_mm32f0270.o
    0x08004af8   0x08004af8   0x00000002   Code   RO          140    .text.TIM2_IRQHandler  mm32f0270_it.o
    0x08004afa   0x08004afa   0x00000002   Code   RO          138    .text.TIM3_IRQHandler  mm32f0270_it.o
    0x08004afc   0x08004afc   0x00000012   Code   RO         1520    .text.TIM_ARRPreloadConfig  hal_tim.o
    0x08004b0e   0x08004b0e   0x00000010   Code   RO         1480    .text.TIM_Cmd       hal_tim.o
    0x08004b1e   0x08004b1e   0x00000014   Code   RO         1482    .text.TIM_CtrlPWMOutputs  hal_tim.o
    0x08004b32   0x08004b32   0x00000002   PAD
    0x08004b34   0x08004b34   0x00000068   Code   RO         1446    .text.TIM_OC1Init   hal_tim.o
    0x08004b9c   0x08004b9c   0x0000000c   Code   RO         1528    .text.TIM_OC1PreloadConfig  hal_tim.o
    0x08004ba8   0x08004ba8   0x00000058   Code   RO         1448    .text.TIM_OC2Init   hal_tim.o
    0x08004c00   0x08004c00   0x00000010   Code   RO         1530    .text.TIM_OC2PreloadConfig  hal_tim.o
    0x08004c10   0x08004c10   0x0000000e   Code   RO         1474    .text.TIM_OCStructInit  hal_tim.o
    0x08004c1e   0x08004c1e   0x00000012   Code   RO         1634    .text.TIM_PWMShiftConfig  hal_tim.o
    0x08004c30   0x08004c30   0x00000060   Code   RO         1444    .text.TIM_TimeBaseInit  hal_tim.o
    0x08004c90   0x08004c90   0x00000010   Code   RO         1472    .text.TIM_TimeBaseStructInit  hal_tim.o
    0x08004ca0   0x08004ca0   0x00000040   Code   RO          107    .text.UART1_IRQHandler  mm32_uart.o
    0x08004ce0   0x08004ce0   0x00000058   Code   RO          109    .text.UART2_IRQHandler  mm32_uart.o
    0x08004d38   0x08004d38   0x00000004   Code   RO         1674    .text.UART_ClearITPendingBit  hal_uart.o
    0x08004d3c   0x08004d3c   0x0000000c   Code   RO         1660    .text.UART_Cmd      hal_uart.o
    0x08004d48   0x08004d48   0x0000000a   Code   RO         1670    .text.UART_GetFlagStatus  hal_uart.o
    0x08004d52   0x08004d52   0x0000000a   Code   RO         1672    .text.UART_GetITStatus  hal_uart.o
    0x08004d5c   0x08004d5c   0x00000012   Code   RO         1662    .text.UART_ITConfig  hal_uart.o
    0x08004d6e   0x08004d6e   0x00000002   PAD
    0x08004d70   0x08004d70   0x00000074   Code   RO         1656    .text.UART_Init     hal_uart.o
    0x08004de4   0x08004de4   0x00000006   Code   RO         1668    .text.UART_ReceiveData  hal_uart.o
    0x08004dea   0x08004dea   0x00000006   Code   RO         1666    .text.UART_SendData  hal_uart.o
    0x08004df0   0x08004df0   0x00000018   Code   RO         1658    .text.UART_StructInit  hal_uart.o
    0x08004e08   0x08004e08   0x0000000c   Code   RO          469    .text.VL6180X_Clear_Interrupt  vl6180x.o
    0x08004e14   0x08004e14   0x00000148   Code   RO          461    .text.VL6180X_Init  vl6180x.o
    0x08004f5c   0x08004f5c   0x00000038   Code   RO          465    .text.VL6180X_Poll_Range  vl6180x.o
    0x08004f94   0x08004f94   0x0000000e   Code   RO          463    .text.VL6180X_Start_Range  vl6180x.o
    0x08004fa2   0x08004fa2   0x00000002   PAD
    0x08004fa4   0x08004fa4   0x00000080   Code   RO          473    .text.VL6180_ReadAndLog  vl6180x.o
    0x08005024   0x08005024   0x0000000a   Code   RO          467    .text.VL6180_Read_Range  vl6180x.o
    0x0800502e   0x0800502e   0x00000002   PAD
    0x08005030   0x08005030   0x00000030   Code   RO          347    .text.WT588F_GPIO_Init  onewire_bus.o
    0x08005060   0x08005060   0x00000050   Code   RO          359    .text.WT588F_Init   onewire_bus.o
    0x080050b0   0x080050b0   0x00000090   Code   RO          353    .text.WT588F_Send_Byte  onewire_bus.o
    0x08005140   0x08005140   0x0000000a   Code   RO          357    .text.WT588F_Stop_Voice  onewire_bus.o
    0x0800514a   0x0800514a   0x00000002   PAD
    0x0800514c   0x0800514c   0x0000001c   Code   RO          457    .text.WriteByte     vl6180x.o
    0x08005168   0x08005168   0x0000003c   Code   RO         2039    .text.__rt_ffs      kservice.o
    0x080051a4   0x080051a4   0x00000018   Code   RO         2023    .text._heap_lock    kservice.o
    0x080051bc   0x080051bc   0x00000018   Code   RO         2025    .text._heap_unlock  kservice.o
    0x080051d4   0x080051d4   0x0000000c   Code   RO         1888    .text._ipc_list_resume  ipc.o
    0x080051e0   0x080051e0   0x0000004c   Code   RO         1882    .text._ipc_list_suspend  ipc.o
    0x0800522c   0x0800522c   0x00000024   Code   RO         2128    .text._scheduler_get_highest_priority_thread  scheduler.o
    0x08005250   0x08005250   0x00000038   Code   RO         2186    .text._thread_exit  thread.o
    0x08005288   0x08005288   0x0000006c   Code   RO         2156    .text._thread_init  thread.o
    0x080052f4   0x080052f4   0x00000034   Code   RO         2188    .text._thread_timeout  thread.o
    0x08005328   0x08005328   0x00000022   Code   RO         2216    .text._timer_list_next_timeout  timer.o
    0x0800534a   0x0800534a   0x00000002   PAD
    0x0800534c   0x0800534c   0x00000044   Code   RO         2224    .text._timer_thread_entry  timer.o
    0x08005390   0x08005390   0x0000004c   Code   RO            2    .text.app           app.o
    0x080053dc   0x080053dc   0x00000008   Code   RO         2490    .text.button_attach  multi_button.o
    0x080053e4   0x080053e4   0x00000028   Code   RO         2488    .text.button_init   multi_button.o
    0x0800540c   0x0800540c   0x00000024   Code   RO         2494    .text.button_start  multi_button.o
    0x08005430   0x08005430   0x000001f4   Code   RO         2498    .text.button_ticks  multi_button.o
    0x08005624   0x08005624   0x00000014   Code   RO         2287    .text.clear         cmd.o
    0x08005638   0x08005638   0x00000064   Code   RO         2273    .text.cmd_free      board.o
    0x0800569c   0x0800569c   0x0000016c   Code   RO         2313    .text.cmd_list      cmd.o
    0x08005808   0x08005808   0x00000034   Code   RO          153    .text.console_init  platform.o
    0x0800583c   0x0800583c   0x00000008   Code   RO           55    .text.default_delay_us  mm32_soft_i2c_v1.o
    0x08005844   0x08005844   0x0000017c   Code   RO          215    .text.display_test  gn1650.o
    0x080059c0   0x080059c0   0x00000110   Code   RO         2432    .text.do_output     ulog.o
    0x08005ad0   0x08005ad0   0x00000058   Code   RO         2378    .text.finsh_get_prompt  shell.o
    0x08005b28   0x08005b28   0x00000008   Code   RO         2384    .text.finsh_getchar  shell.o
    0x08005b30   0x08005b30   0x000000a0   Code   RO         2396    .text.finsh_system_init  shell.o
    0x08005bd0   0x08005bd0   0x000003d0   Code   RO         2390    .text.finsh_thread_entry  shell.o
    0x08005fa0   0x08005fa0   0x000000f0   Code   RO          371    .text.full_bridge_init  pwm.o
    0x08006090   0x08006090   0x00000010   Code   RO          373    .text.full_bridge_init_app  pwm.o
    0x080060a0   0x080060a0   0x00000024   Code   RO         2426    .text.get_log_buf   ulog.o
    0x080060c4   0x080060c4   0x0000005c   Code   RO          217    .text.gn1650_demo   gn1650.o
    0x08006120   0x08006120   0x00000060   Code   RO           42    .text.gpio_config   mm32_gpio.o
    0x08006180   0x08006180   0x00000008   Code   RO           87    .text.gpio_get      mm32_soft_i2c_v1.o
    0x08006188   0x08006188   0x00000064   Code   RO          309    .text.gpio_init     key.o
    0x080061ec   0x080061ec   0x00000022   Code   RO           44    .text.gpio_toggle   mm32_gpio.o
    0x0800620e   0x0800620e   0x0000000a   Code   RO          232    .text.hx711_delay_us  hx711.o
    0x08006218   0x08006218   0x00000064   Code   RO          238    .text.hx711_init    hx711.o
    0x0800627c   0x0800627c   0x00000018   Code   RO          234    .text.hx711_lock    hx711.o
    0x08006294   0x08006294   0x0000002c   Code   RO          258    .text.hx711_setup_final  hx711.o
    0x080062c0   0x080062c0   0x00000042   Code   RO          244    .text.hx711_tare    hx711.o
    0x08006302   0x08006302   0x00000002   PAD
    0x08006304   0x08006304   0x000001d4   Code   RO          262    .text.hx711_test_entry  hx711.o
    0x080064d8   0x080064d8   0x0000006e   Code   RO          240    .text.hx711_value   hx711.o
    0x08006546   0x08006546   0x00000040   Code   RO          242    .text.hx711_value_ave  hx711.o
    0x08006586   0x08006586   0x0000004e   Code   RO          248    .text.hx711_weight  hx711.o
    0x080065d4   0x080065d4   0x000000f8   Code   RO           79    .text.i2c_bus_init  mm32_soft_i2c_v1.o
    0x080066cc   0x080066cc   0x00000058   Code   RO           91    .text.i2c_clock_cycle  mm32_soft_i2c_v1.o
    0x08006724   0x08006724   0x0000001a   Code   RO           77    .text.i2c_delay_us  mm32_soft_i2c_v1.o
    0x0800673e   0x0800673e   0x00000034   Code   RO           65    .text.i2c_read_byte  mm32_soft_i2c_v1.o
    0x08006772   0x08006772   0x00000002   PAD
    0x08006774   0x08006774   0x00000050   Code   RO           71    .text.i2c_read_bytes  mm32_soft_i2c_v1.o
    0x080067c4   0x080067c4   0x00000044   Code   RO           67    .text.i2c_read_reg16  mm32_soft_i2c_v1.o
    0x08006808   0x08006808   0x0000000c   Code   RO           85    .text.i2c_read_sda  mm32_soft_i2c_v1.o
    0x08006814   0x08006814   0x00000018   Code   RO           83    .text.i2c_scl       mm32_soft_i2c_v1.o
    0x0800682c   0x0800682c   0x00000018   Code   RO           81    .text.i2c_sda       mm32_soft_i2c_v1.o
    0x08006844   0x08006844   0x0000003a   Code   RO           59    .text.i2c_start     mm32_soft_i2c_v1.o
    0x0800687e   0x0800687e   0x00000002   PAD
    0x08006880   0x08006880   0x00000038   Code   RO           61    .text.i2c_stop      mm32_soft_i2c_v1.o
    0x080068b8   0x080068b8   0x0000002e   Code   RO           75    .text.i2c_write_byte_ack  mm32_soft_i2c_v1.o
    0x080068e6   0x080068e6   0x00000036   Code   RO           69    .text.i2c_write_bytes  mm32_soft_i2c_v1.o
    0x0800691c   0x0800691c   0x00000030   Code   RO           57    .text.i2c_write_reg  mm32_soft_i2c_v1.o
    0x0800694c   0x0800694c   0x0000000a   Code   RO           14    .text.init_hardware  main.o
    0x08006956   0x08006956   0x00000002   PAD
    0x08006958   0x08006958   0x00000138   Code   RO         2303    .text.list_event    cmd.o
    0x08006a90   0x08006a90   0x00000064   Code   RO         2295    .text.list_get_next  cmd.o
    0x08006af4   0x08006af4   0x00000158   Code   RO         2309    .text.list_mempool  cmd.o
    0x08006c4c   0x08006c4c   0x0000012c   Code   RO         2307    .text.list_msgqueue  cmd.o
    0x08006d78   0x08006d78   0x0000010c   Code   RO         2305    .text.list_mutex    cmd.o
    0x08006e84   0x08006e84   0x0000012c   Code   RO         2297    .text.list_sem      cmd.o
    0x08006fb0   0x08006fb0   0x00000188   Code   RO         2291    .text.list_thread   cmd.o
    0x08007138   0x08007138   0x00000164   Code   RO         2311    .text.list_timer    cmd.o
    0x0800729c   0x0800729c   0x00000016   Code   RO           12    .text.main          main.o
    0x080072b2   0x080072b2   0x0000000c   Code   RO         1831    .text.main_thread_entry  components.o
    0x080072be   0x080072be   0x00000002   PAD
    0x080072c0   0x080072c0   0x0000009c   Code   RO         2348    .text.msh_auto_complete  msh.o
    0x0800735c   0x0800735c   0x000001b4   Code   RO         2346    .text.msh_exec      msh.o
    0x08007510   0x08007510   0x00000058   Code   RO         2344    .text.msh_help      msh.o
    0x08007568   0x08007568   0x0000001c   Code   RO         2293    .text.object_split  cmd.o
    0x08007584   0x08007584   0x00000018   Code   RO         2428    .text.output_lock   ulog.o
    0x0800759c   0x0800759c   0x00000018   Code   RO         2430    .text.output_unlock  ulog.o
    0x080075b4   0x080075b4   0x00000008   Code   RO          159    .text.platform_init  platform.o
    0x080075bc   0x080075bc   0x00000054   Code   RO         2064    .text.plug_holes    mem.o
    0x08007610   0x08007610   0x00000194   Code   RO         2009    .text.print_number  kservice.o
    0x080077a4   0x080077a4   0x00000148   Code   RO          375    .text.pwm_frequency_test  pwm.o
    0x080078ec   0x080078ec   0x00000148   Code   RO          426    .text.read_accelerometer_data  sc7a20.o
    0x08007a34   0x08007a34   0x00000048   Code   RO          311    .text.read_button_GPIO  key.o
    0x08007a7c   0x08007a7c   0x0000002c   Code   RO         1833    .text.rt_application_init  components.o
    0x08007aa8   0x08007aa8   0x00000020   Code   RO         2029    .text.rt_calloc     kservice.o
    0x08007ac8   0x08007ac8   0x00000018   Code   RO         1823    .text.rt_components_board_init  components.o
    0x08007ae0   0x08007ae0   0x0000001c   Code   RO         1825    .text.rt_components_init  components.o
    0x08007afc   0x08007afc   0x00000014   Code   RO         2136    .text.rt_enter_critical  scheduler.o
    0x08007b10   0x08007b10   0x00000034   Code   RO         2138    .text.rt_exit_critical  scheduler.o
    0x08007b44   0x08007b44   0x00000018   Code   RO         2031    .text.rt_free       kservice.o
    0x08007b5c   0x08007b5c   0x00000004   Code   RO         2259    .text.rt_heap_begin_get  board.o
    0x08007b60   0x08007b60   0x00000010   Code   RO         2261    .text.rt_heap_end_get  board.o
    0x08007b70   0x08007b70   0x0000001a   Code   RO         2265    .text.rt_hw_board_init  board.o
    0x08007b8a   0x08007b8a   0x00000002   PAD
    0x08007b8c   0x08007b8c   0x00000024   Code   RO         2271    .text.rt_hw_console_getchar  board.o
    0x08007bb0   0x08007bb0   0x00000044   Code   RO         2269    .text.rt_hw_console_output  board.o
    0x08007bf4   0x08007bf4   0x000000e4   Code   RO         2244    .text.rt_hw_hard_fault_exception  cpuport.o
    0x08007cd8   0x08007cd8   0x0000004c   Code   RO         2242    .text.rt_hw_stack_init  cpuport.o
    0x08007d24   0x08007d24   0x00000020   Code   RO          161    .text.rt_hw_us_delay  platform.o
    0x08007d44   0x08007d44   0x00000014   Code   RO         1948    .text.rt_interrupt_enter  irq.o
    0x08007d58   0x08007d58   0x00000014   Code   RO         1952    .text.rt_interrupt_get_nest  irq.o
    0x08007d6c   0x08007d6c   0x00000018   Code   RO         1950    .text.rt_interrupt_leave  irq.o
    0x08007d84   0x08007d84   0x0000003c   Code   RO         2003    .text.rt_kprintf    kservice.o
    0x08007dc0   0x08007dc0   0x0000000c   Code   RO         2019    .text.rt_kputs      kservice.o
    0x08007dcc   0x08007dcc   0x00000012   Code   RO         2299    .text.rt_list_len   cmd.o
    0x08007dde   0x08007dde   0x00000002   PAD
    0x08007de0   0x08007de0   0x0000001c   Code   RO         1999    .text.rt_malloc     kservice.o
    0x08007dfc   0x08007dfc   0x00000056   Code   RO         1975    .text.rt_memcpy     kservice.o
    0x08007e52   0x08007e52   0x00000030   Code   RO         1977    .text.rt_memmove    kservice.o
    0x08007e82   0x08007e82   0x00000002   PAD
    0x08007e84   0x08007e84   0x0000003c   Code   RO         2033    .text.rt_memory_info  kservice.o
    0x08007ec0   0x08007ec0   0x00000044   Code   RO         1973    .text.rt_memset     kservice.o
    0x08007f04   0x08007f04   0x00000028   Code   RO         1892    .text.rt_mutex_init  ipc.o
    0x08007f2c   0x08007f2c   0x000000a8   Code   RO         1904    .text.rt_mutex_release  ipc.o
    0x08007fd4   0x08007fd4   0x000000b8   Code   RO         1900    .text.rt_mutex_take  ipc.o
    0x0800808c   0x0800808c   0x00000050   Code   RO         2105    .text.rt_object_allocate  object.o
    0x080080dc   0x080080dc   0x0000002a   Code   RO         2107    .text.rt_object_delete  object.o
    0x08008106   0x08008106   0x00000024   Code   RO         2103    .text.rt_object_detach  object.o
    0x0800812a   0x0800812a   0x00000002   PAD
    0x0800812c   0x0800812c   0x00000028   Code   RO         2095    .text.rt_object_get_information  object.o
    0x08008154   0x08008154   0x0000004a   Code   RO         2101    .text.rt_object_init  object.o
    0x0800819e   0x0800819e   0x00000006   Code   RO         2109    .text.rt_object_is_systemobject  object.o
    0x080081a4   0x080081a4   0x00000010   Code   RO         2263    .text.rt_os_tick_callback  board.o
    0x080081b4   0x080081b4   0x000000c8   Code   RO         2132    .text.rt_schedule   scheduler.o
    0x0800827c   0x0800827c   0x00000060   Code   RO         2134    .text.rt_schedule_insert_thread  scheduler.o
    0x080082dc   0x080082dc   0x00000044   Code   RO         2130    .text.rt_schedule_remove_thread  scheduler.o
    0x08008320   0x08008320   0x00000020   Code   RO         1870    .text.rt_sem_init   ipc.o
    0x08008340   0x08008340   0x000000b8   Code   RO         2001    .text.rt_show_version  kservice.o
    0x080083f8   0x080083f8   0x000000b8   Code   RO         2058    .text.rt_smem_alloc  mem.o
    0x080084b0   0x080084b0   0x00000032   Code   RO         2062    .text.rt_smem_free  mem.o
    0x080084e2   0x080084e2   0x00000002   PAD
    0x080084e4   0x080084e4   0x000000bc   Code   RO         2054    .text.rt_smem_init  mem.o
    0x080085a0   0x080085a0   0x00000016   Code   RO         2011    .text.rt_snprintf   kservice.o
    0x080085b6   0x080085b6   0x00000002   PAD
    0x080085b8   0x080085b8   0x000000a4   Code   RO         2218    .text.rt_soft_timer_check  timer.o
    0x0800865c   0x0800865c   0x00000018   Code   RO         2015    .text.rt_sprintf    kservice.o
    0x08008674   0x08008674   0x0000004c   Code   RO         1965    .text.rt_strerror   kservice.o
    0x080086c0   0x080086c0   0x0000000e   Code   RO         1983    .text.rt_strlen     kservice.o
    0x080086ce   0x080086ce   0x0000002a   Code   RO         1987    .text.rt_strncpy    kservice.o
    0x080086f8   0x080086f8   0x00000034   Code   RO         2021    .text.rt_system_heap_init  kservice.o
    0x0800872c   0x0800872c   0x00000020   Code   RO         2124    .text.rt_system_scheduler_init  scheduler.o
    0x0800874c   0x0800874c   0x00000028   Code   RO         2126    .text.rt_system_scheduler_start  scheduler.o
    0x08008774   0x08008774   0x0000000c   Code   RO         2220    .text.rt_system_timer_init  timer.o
    0x08008780   0x08008780   0x0000004c   Code   RO         2222    .text.rt_system_timer_thread_init  timer.o
    0x080087cc   0x080087cc   0x00000078   Code   RO         2182    .text.rt_thread_control  thread.o
    0x08008844   0x08008844   0x0000004a   Code   RO         2166    .text.rt_thread_create  thread.o
    0x0800888e   0x0800888e   0x00000002   PAD
    0x08008890   0x08008890   0x0000002c   Code   RO         1851    .text.rt_thread_defunct_dequeue  idle.o
    0x080088bc   0x080088bc   0x00000018   Code   RO         1849    .text.rt_thread_defunct_enqueue  idle.o
    0x080088d4   0x080088d4   0x00000008   Code   RO         2176    .text.rt_thread_delay  thread.o
    0x080088dc   0x080088dc   0x0000003e   Code   RO         2168    .text.rt_thread_delete  thread.o
    0x0800891a   0x0800891a   0x0000003e   Code   RO         2164    .text.rt_thread_detach  thread.o
    0x08008958   0x08008958   0x00000036   Code   RO         1855    .text.rt_thread_idle_entry  idle.o
    0x0800898e   0x0800898e   0x00000002   PAD
    0x08008990   0x08008990   0x00000050   Code   RO         1853    .text.rt_thread_idle_init  idle.o
    0x080089e0   0x080089e0   0x0000002e   Code   RO         2154    .text.rt_thread_init  thread.o
    0x08008a0e   0x08008a0e   0x0000000c   Code   RO         2180    .text.rt_thread_mdelay  thread.o
    0x08008a1a   0x08008a1a   0x00000046   Code   RO         2162    .text.rt_thread_resume  thread.o
    0x08008a60   0x08008a60   0x00000008   Code   RO         2158    .text.rt_thread_self  thread.o
    0x08008a68   0x08008a68   0x00000044   Code   RO         2172    .text.rt_thread_sleep  thread.o
    0x08008aac   0x08008aac   0x0000002c   Code   RO         2160    .text.rt_thread_startup  thread.o
    0x08008ad8   0x08008ad8   0x00000042   Code   RO         2174    .text.rt_thread_suspend  thread.o
    0x08008b1a   0x08008b1a   0x00000002   PAD
    0x08008b1c   0x08008b1c   0x00000034   Code   RO         1802    .text.rt_tick_from_millisecond  clock.o
    0x08008b50   0x08008b50   0x00000008   Code   RO         1796    .text.rt_tick_get   clock.o
    0x08008b58   0x08008b58   0x00000048   Code   RO         1800    .text.rt_tick_increase  clock.o
    0x08008ba0   0x08008ba0   0x00000098   Code   RO         2212    .text.rt_timer_check  timer.o
    0x08008c38   0x08008c38   0x00000054   Code   RO         2210    .text.rt_timer_control  timer.o
    0x08008c8c   0x08008c8c   0x00000030   Code   RO         2200    .text.rt_timer_detach  timer.o
    0x08008cbc   0x08008cbc   0x0000002e   Code   RO         2198    .text.rt_timer_init  timer.o
    0x08008cea   0x08008cea   0x00000002   PAD
    0x08008cec   0x08008cec   0x000000d8   Code   RO         2206    .text.rt_timer_start  timer.o
    0x08008dc4   0x08008dc4   0x00000036   Code   RO         2208    .text.rt_timer_stop  timer.o
    0x08008dfa   0x08008dfa   0x00000002   PAD
    0x08008dfc   0x08008dfc   0x00000020   Code   RO          345    .text.rt_voice_us_delay  onewire_bus.o
    0x08008e1c   0x08008e1c   0x000002c4   Code   RO         2005    .text.rt_vsnprintf  kservice.o
    0x080090e0   0x080090e0   0x00000010   Code   RO         2013    .text.rt_vsprintf   kservice.o
    0x080090f0   0x080090f0   0x00000004   Code   RO         1819    .text.rti_board_end  components.o
    0x080090f4   0x080090f4   0x00000004   Code   RO         1817    .text.rti_board_start  components.o
    0x080090f8   0x080090f8   0x00000004   Code   RO         1821    .text.rti_end       components.o
    0x080090fc   0x080090fc   0x00000004   Code   RO         1815    .text.rti_start     components.o
    0x08009100   0x08009100   0x0000002a   Code   RO         1829    .text.rtthread_startup  components.o
    0x0800912a   0x0800912a   0x00000002   PAD
    0x0800912c   0x0800912c   0x00000104   Code   RO          377    .text.set_pwm_duty  pwm.o
    0x08009230   0x08009230   0x00000030   Code   RO         2392    .text.shell_handle_history  shell.o
    0x08009260   0x08009260   0x00000038   Code   RO         2301    .text.show_wait_queue  cmd.o
    0x08009298   0x08009298   0x00000024   Code   RO         2007    .text.skip_atoi     kservice.o
    0x080092bc   0x080092bc   0x00000050   Code   RO          149    .text.systick_init  platform.o
    0x0800930c   0x0800930c   0x000000e8   Code   RO          325    .text.thread_key_task_entry  key.o
    0x080093f4   0x080093f4   0x0000012c   Code   RO          103    .text.uart_config   mm32_uart.o
    0x08009520   0x08009520   0x0000000e   Code   RO         2267    .text.uart_init     board.o
    0x0800952e   0x0800952e   0x00000002   PAD
    0x08009530   0x08009530   0x00000044   Code   RO         2440    .text.ulog_backend_register  ulog.o
    0x08009574   0x08009574   0x00000028   Code   RO         2472    .text.ulog_console_backend_init  console_be.o
    0x0800959c   0x0800959c   0x0000000a   Code   RO         2470    .text.ulog_console_backend_output  console_be.o
    0x080095a6   0x080095a6   0x00000002   PAD
    0x080095a8   0x080095a8   0x00000044   Code   RO         2420    .text.ulog_formater  ulog.o
    0x080095ec   0x080095ec   0x00000070   Code   RO         2416    .text.ulog_head_formater  ulog.o
    0x0800965c   0x0800965c   0x0000010c   Code   RO         2422    .text.ulog_hex_formater  ulog.o
    0x08009768   0x08009768   0x00000030   Code   RO         2450    .text.ulog_init     ulog.o
    0x08009798   0x08009798   0x0000001e   Code   RO         2434    .text.ulog_output   ulog.o
    0x080097b6   0x080097b6   0x0000001a   Code   RO         2410    .text.ulog_strcpy   ulog.o
    0x080097d0   0x080097d0   0x00000058   Code   RO         2418    .text.ulog_tail_formater  ulog.o
    0x08009828   0x08009828   0x00000088   Code   RO         2474    .text.ulog_test     console_be.o
    0x080098b0   0x080098b0   0x000000a4   Code   RO         2424    .text.ulog_voutput  ulog.o
    0x08009954   0x08009954   0x0000000a   Code   RO         2289    .text.version       cmd.o
    0x0800995e   0x0800995e   0x00000002   PAD
    0x08009960   0x08009960   0x00000084   Code   RO          260    .text.weight_task   hx711.o
    0x080099e4   0x080099e4   0x00000030   Code   RO         2846    i.__ARM_common_ll_muluu  c_p.l(btod.o)
    0x08009a14   0x08009a14   0x0000002c   Code   RO         2782    i.__ARM_fpclassify  m_ps.l(fpclassify.o)
    0x08009a40   0x08009a40   0x000000ac   Code   RO         2800    i.__kernel_poly     m_ps.l(poly.o)
    0x08009aec   0x08009aec   0x0000000a   Code   RO         2769    i.__mathlib_dbl_infnan  m_ps.l(dunder.o)
    0x08009af6   0x08009af6   0x00000002   PAD
    0x08009af8   0x08009af8   0x00000014   Code   RO         2772    i.__mathlib_dbl_overflow  m_ps.l(dunder.o)
    0x08009b0c   0x08009b0c   0x00000014   Code   RO         2774    i.__mathlib_dbl_underflow  m_ps.l(dunder.o)
    0x08009b20   0x08009b20   0x00000010   Code   RO         3112    i.__mathlib_narrow  m_ps.l(narrow.o)
    0x08009b30   0x08009b30   0x000000c8   Code   RO         3113    i.__mathlib_tofloat  m_ps.l(narrow.o)
    0x08009bf8   0x08009bf8   0x00000014   Code   RO         3191    i.__support_ldexp   m_ps.l(ldexp.o)
    0x08009c0c   0x08009c0c   0x0000000e   Code   RO         2536    i._is_digit         c_p.l(__printf_wp.o)
    0x08009c1a   0x08009c1a   0x00000002   PAD
    0x08009c1c   0x08009c1c   0x0000021c   Code   RO         2626    i.atan              m_ps.l(atan.o)
    0x08009e38   0x08009e38   0x0000002c   Code   RO         2635    i.atof              m_ps.l(atof.o)
    0x08009e64   0x08009e64   0x00000058   Code   RO         3172    i.frexp             m_ps.l(frexp.o)
    0x08009ebc   0x08009ebc   0x00000070   Code   RO         3192    i.ldexp             m_ps.l(ldexp.o)
    0x08009f2c   0x08009f2c   0x00000048   Code   RO         2639    i.sqrt              m_ps.l(sqrt.o)
    0x08009f74   0x08009f74   0x0000002c   Code   RO         2749    locale$$code        c_p.l(lc_ctype_c.o)
    0x08009fa0   0x08009fa0   0x0000002c   Code   RO         2861    locale$$code        c_p.l(lc_numeric_c.o)
    0x08009fcc   0x08009fcc   0x00000064   Code   RO         3167    x$fpl$deqf          fz_ps.l(deqf.o)
    0x0800a030   0x0800a030   0x00000068   Code   RO         3169    x$fpl$drleqf        fz_ps.l(drlef.o)
    0x0800a098   0x0800a098   0x000000b0   Code   RO         2621    x$fpl$fmul          fz_ps.l(fmul.o)
    0x0800a148   0x0800a148   0x00000010   Code   RO         2623    x$fpl$printf1       fz_ps.l(printf1.o)
    0x0800a158   0x0800a158   0x00000010   Code   RO         2761    x$fpl$printf2       fz_ps.l(printf2.o)
    0x0800a168   0x0800a168   0x00000010   Code   RO         2918    x$fpl$scanf1        fz_ps.l(scanf1.o)
    0x0800a178   0x0800a178   0x00000020   Code   RO         3106    x$fpl$scanf2        fz_ps.l(scanf2.o)
    0x0800a198   0x0800a198   0x00000000   Code   RO         2767    x$fpl$usenofp       fz_ps.l(usenofp.o)
    0x0800a198   0x0800a198   0x00000011   Data   RO         2544    .constdata          c_p.l(__printf_flags_ss_wp.o)
    0x0800a1a9   0x0800a1a9   0x00000080   Data   RO         2582    .constdata          fz_ps.l(ddiv.o)
    0x0800a229   0x0800a229   0x00000040   Data   RO         2613    .constdata          fz_ps.l(fdiv.o)
    0x0800a269   0x0800a269   0x00000007   PAD
    0x0800a270   0x0800a270   0x00000098   Data   RO         2627    .constdata          m_ps.l(atan.o)
    0x0800a308   0x0800a308   0x00000008   Data   RO         2686    .constdata          c_p.l(_printf_wctomb.o)
    0x0800a310   0x0800a310   0x00000028   Data   RO         2715    .constdata          c_p.l(_printf_hex_int_ll_ptr.o)
    0x0800a338   0x0800a338   0x00000026   Data   RO         2829    .constdata          c_p.l(_printf_fp_hex.o)
    0x0800a35e   0x0800a35e   0x00000002   PAD
    0x0800a360   0x0800a360   0x00000094   Data   RO         2842    .constdata          c_p.l(bigflt0.o)
    0x0800a3f4   0x0800a3f4   0x0000000c   Data   RO          299    .rodata.__fsym_INA226_Test_name  ina226.o
    0x0800a400   0x0800a400   0x00000012   Data   RO          479    .rodata.__fsym_VL6180_ReadAndLog_name  vl6180x.o
    0x0800a412   0x0800a412   0x0000000c   Data   RO          361    .rodata.__fsym_WT588F_Init_name  onewire_bus.o
    0x0800a41e   0x0800a41e   0x00000006   Data   RO         2315    .rodata.__fsym_clear_name  cmd.o
    0x0800a424   0x0800a424   0x00000009   Data   RO         2277    .rodata.__fsym_cmd_free_name  board.o
    0x0800a42d   0x0800a42d   0x0000000d   Data   RO          222    .rodata.__fsym_display_test_name  gn1650.o
    0x0800a43a   0x0800a43a   0x00000005   Data   RO         2351    .rodata.__fsym_help_name  msh.o
    0x0800a43f   0x0800a43f   0x00000011   Data   RO          267    .rodata.__fsym_hx711_test_entry_name  hx711.o
    0x0800a450   0x0800a450   0x0000000b   Data   RO         2324    .rodata.__fsym_list_event_name  cmd.o
    0x0800a45b   0x0800a45b   0x0000000d   Data   RO         2330    .rodata.__fsym_list_mempool_name  cmd.o
    0x0800a468   0x0800a468   0x0000000e   Data   RO         2328    .rodata.__fsym_list_msgqueue_name  cmd.o
    0x0800a476   0x0800a476   0x0000000b   Data   RO         2326    .rodata.__fsym_list_mutex_name  cmd.o
    0x0800a481   0x0800a481   0x00000005   Data   RO         2334    .rodata.__fsym_list_name  cmd.o
    0x0800a486   0x0800a486   0x00000009   Data   RO         2322    .rodata.__fsym_list_sem_name  cmd.o
    0x0800a48f   0x0800a48f   0x0000000c   Data   RO         2320    .rodata.__fsym_list_thread_name  cmd.o
    0x0800a49b   0x0800a49b   0x0000000b   Data   RO         2332    .rodata.__fsym_list_timer_name  cmd.o
    0x0800a4a6   0x0800a4a6   0x00000013   Data   RO          382    .rodata.__fsym_pwm_frequency_test_name  pwm.o
    0x0800a4b9   0x0800a4b9   0x00000018   Data   RO          443    .rodata.__fsym_read_accelerometer_data_name  sc7a20.o
    0x0800a4d1   0x0800a4d1   0x0000000d   Data   RO          384    .rodata.__fsym_set_pwm_duty_name  pwm.o
    0x0800a4de   0x0800a4de   0x0000000a   Data   RO         2478    .rodata.__fsym_ulog_test_name  console_be.o
    0x0800a4e8   0x0800a4e8   0x00000008   Data   RO         2317    .rodata.__fsym_version_name  cmd.o
    0x0800a4f0   0x0800a4f0   0x0000000c   Data   RO          265    .rodata.__fsym_weight_task_name  hx711.o
    0x0800a4fc   0x0800a4fc   0x00000100   Data   RO         2044    .rodata.__lowest_bit_bitmap  kservice.o
    0x0800a5fc   0x0800a5fc   0x00000020   Data   RO         2456    .rodata.color_output_info  ulog.o
    0x0800a61c   0x0800a61c   0x0000000a   Data   RO          219    .rodata.seg_codes_digits  gn1650.o
    0x0800a626   0x0800a626   0x00000006   Data   RO          220    .rodata.seg_codes_letters  gn1650.o
    0x0800a62c   0x0800a62c   0x00000023   Data   RO           93    .rodata.str1.1      mm32_soft_i2c_v1.o
    0x0800a64f   0x0800a64f   0x00000145   Data   RO          221    .rodata.str1.1      gn1650.o
    0x0800a794   0x0800a794   0x00000244   Data   RO          269    .rodata.str1.1      hx711.o
    0x0800a9d8   0x0800a9d8   0x00000048   Data   RO          298    .rodata.str1.1      ina226.o
    0x0800aa20   0x0800aa20   0x0000016c   Data   RO          330    .rodata.str1.1      key.o
    0x0800ab8c   0x0800ab8c   0x0000004f   Data   RO          380    .rodata.str1.1      pwm.o
    0x0800abdb   0x0800abdb   0x00000038   Data   RO          442    .rodata.str1.1      sc7a20.o
    0x0800ac13   0x0800ac13   0x0000005e   Data   RO         2042    .rodata.str1.1      kservice.o
    0x0800ac71   0x0800ac71   0x0000015e   Data   RO         2319    .rodata.str1.1      cmd.o
    0x0800adcf   0x0800adcf   0x00000004   Data   RO         2350    .rodata.str1.1      msh.o
    0x0800add3   0x0800add3   0x0000000a   Data   RO         2399    .rodata.str1.1      shell.o
    0x0800addd   0x0800addd   0x00000064   Data   RO         2457    .rodata.str1.1      ulog.o
    0x0800ae41   0x0800ae41   0x00000004   Data   RO         2480    .rodata.str1.1      console_be.o
    0x0800ae45   0x0800ae45   0x00000003   PAD
    0x0800ae48   0x0800ae48   0x00000004   Data   RO         1835    .rti_fn.0           components.o
    0x0800ae4c   0x0800ae4c   0x00000004   Data   RO         1836    .rti_fn.0.end       components.o
    0x0800ae50   0x0800ae50   0x00000004   Data   RO           16    .rti_fn.1           main.o
    0x0800ae54   0x0800ae54   0x00000004   Data   RO         2276    .rti_fn.1           board.o
    0x0800ae58   0x0800ae58   0x00000004   Data   RO         2460    .rti_fn.1           ulog.o
    0x0800ae5c   0x0800ae5c   0x00000004   Data   RO         1837    .rti_fn.1.end       components.o
    0x0800ae60   0x0800ae60   0x00000004   Data   RO          327    .rti_fn.6           key.o
    0x0800ae64   0x0800ae64   0x00000004   Data   RO          379    .rti_fn.6           pwm.o
    0x0800ae68   0x0800ae68   0x00000004   Data   RO         2400    .rti_fn.6           shell.o
    0x0800ae6c   0x0800ae6c   0x00000004   Data   RO         2477    .rti_fn.6           console_be.o
    0x0800ae70   0x0800ae70   0x00000004   Data   RO         1838    .rti_fn.6.end       components.o
    0x0800ae74   0x0800ae74   0x00000008   Data   RO          223    FSymTab             gn1650.o
    0x0800ae7c   0x0800ae7c   0x00000008   Data   RO          266    FSymTab             hx711.o
    0x0800ae84   0x0800ae84   0x00000008   Data   RO          268    FSymTab             hx711.o
    0x0800ae8c   0x0800ae8c   0x00000008   Data   RO          300    FSymTab             ina226.o
    0x0800ae94   0x0800ae94   0x00000008   Data   RO          362    FSymTab             onewire_bus.o
    0x0800ae9c   0x0800ae9c   0x00000008   Data   RO          383    FSymTab             pwm.o
    0x0800aea4   0x0800aea4   0x00000008   Data   RO          385    FSymTab             pwm.o
    0x0800aeac   0x0800aeac   0x00000008   Data   RO          444    FSymTab             sc7a20.o
    0x0800aeb4   0x0800aeb4   0x00000008   Data   RO          480    FSymTab             vl6180x.o
    0x0800aebc   0x0800aebc   0x00000008   Data   RO         2278    FSymTab             board.o
    0x0800aec4   0x0800aec4   0x00000008   Data   RO         2316    FSymTab             cmd.o
    0x0800aecc   0x0800aecc   0x00000008   Data   RO         2318    FSymTab             cmd.o
    0x0800aed4   0x0800aed4   0x00000008   Data   RO         2321    FSymTab             cmd.o
    0x0800aedc   0x0800aedc   0x00000008   Data   RO         2323    FSymTab             cmd.o
    0x0800aee4   0x0800aee4   0x00000008   Data   RO         2325    FSymTab             cmd.o
    0x0800aeec   0x0800aeec   0x00000008   Data   RO         2327    FSymTab             cmd.o
    0x0800aef4   0x0800aef4   0x00000008   Data   RO         2329    FSymTab             cmd.o
    0x0800aefc   0x0800aefc   0x00000008   Data   RO         2331    FSymTab             cmd.o
    0x0800af04   0x0800af04   0x00000008   Data   RO         2333    FSymTab             cmd.o
    0x0800af0c   0x0800af0c   0x00000008   Data   RO         2335    FSymTab             cmd.o
    0x0800af14   0x0800af14   0x00000008   Data   RO         2352    FSymTab             msh.o
    0x0800af1c   0x0800af1c   0x00000008   Data   RO         2479    FSymTab             console_be.o
    0x0800af24   0x0800af24   0x00000020   Data   RO         3215    Region$$Table       anon$$obj.o
    0x0800af44   0x0800af44   0x00000008   Data   RO         3100    c$$dinf             fz_ps.l(fpconst.o)
    0x0800af4c   0x0800af4c   0x00000008   Data   RO         3103    c$$dmax             fz_ps.l(fpconst.o)
    0x0800af54   0x0800af54   0x00000110   Data   RO         2748    locale$$data        c_p.l(lc_ctype_c.o)
    0x0800b064   0x0800b064   0x0000001c   Data   RO         2860    locale$$data        c_p.l(lc_numeric_c.o)


    Execution Region RW_IRAM1 (Exec base: 0x20000000, Load base: 0x0800b080, Size: 0x00002ab0, Max: 0x00004000, ABSOLUTE, COMPRESSED[0x00000090])

    Exec Addr    Load Addr    Size         Type   Attr      Idx    E Section Name        Object

    0x20000000   COMPRESSED   0x00000004   Data   RW         1777    .data.SystemCoreClock  system_mm32f0270.o
    0x20000004   COMPRESSED   0x00000080   Data   RW         2115    .data._object_container  object.o
    0x20000084   COMPRESSED   0x00000008   Data   RW         1859    .data._rt_thread_defunct  idle.o
    0x2000008c   COMPRESSED   0x00000002   Data   RW          328    .data.freq          key.o
    0x2000008e   COMPRESSED   0x00000002   PAD
    0x20000090   COMPRESSED   0x00000020   Data   RW          438    .data.i2c2          sc7a20.o
    0x200000b0   COMPRESSED   0x00000020   Data   RW          477    .data.i2c3          vl6180x.o
    0x200000d0   COMPRESSED   0x00000010   Data   RW         1335    .data.tbPresc       hal_rcc.o
    0x200000e0   COMPRESSED   0x00000030   Data   RW          113    .data.uart1         mm32_uart.o
    0x20000110   COMPRESSED   0x00000030   Data   RW          114    .data.uart2         mm32_uart.o
    0x20000140        -       0x00000060   Zero   RW         2803    .bss                c_p.l(libspace.o)
    0x200001a0        -       0x00000058   Zero   RW          334    .bss..L_MergedGlobals  key.o
    0x200001f8        -       0x00000028   Zero   RW         2045    .bss..L_MergedGlobals  kservice.o
    0x20000220        -       0x0000000c   Zero   RW         2143    .bss..L_MergedGlobals  scheduler.o
    0x2000022c        -       0x00000018   Zero   RW         2228    .bss..L_MergedGlobals  timer.o
    0x20000244        -       0x00000010   Zero   RW         2401    .bss..L_MergedGlobals  shell.o
    0x20000254        -       0x00000008   Zero   RW         2461    .bss..L_MergedGlobals  ulog.o
    0x2000025c        -       0x00000004   Zero   RW          163    .bss.PLATFORM_DelayTick  platform.o
    0x20000260        -       0x00000014   Zero   RW          381    .bss.RCC_Clocks     pwm.o
    0x20000274        -       0x00000080   Zero   RW         2226    .bss._timer_thread  timer.o
    0x200002f4        -       0x00000200   Zero   RW         2227    .bss._timer_thread_stack  timer.o
    0x200004f4        -       0x00000004   Zero   RW            4    .bss.app.tid_key_task  app.o
    0x200004f8        -       0x00000028   Zero   RW         2476    .bss.console        console_be.o
    0x20000520        -       0x00000201   Zero   RW         2398    .bss.finsh_get_prompt.finsh_prompt  shell.o
    0x20000721   COMPRESSED   0x00000003   PAD
    0x20000724        -       0x00000004   Zero   RW         2500    .bss.head_handle    multi_button.o
    0x20000728        -       0x00000018   Zero   RW          264    .bss.hx711_dev      hx711.o
    0x20000740        -       0x00000080   Zero   RW         1860    .bss.idle           idle.o
    0x200007c0        -       0x00000001   Zero   RW          329    .bss.pwm_started    key.o
    0x200007c1        -       0x0000000b   Zero   RW          440    .bss.reg_ok         sc7a20.o
    0x200007cc        -       0x00001800   Zero   RW         2275    .bss.rt_heap        board.o
    0x20001fcc        -       0x00000004   Zero   RW         2248    .bss.rt_interrupt_from_thread  cpuport.o
    0x20001fd0        -       0x00000001   Zero   RW         1954    .bss.rt_interrupt_nest  irq.o
    0x20001fd1   COMPRESSED   0x00000003   PAD
    0x20001fd4        -       0x00000004   Zero   RW         2249    .bss.rt_interrupt_to_thread  cpuport.o
    0x20001fd8        -       0x00000200   Zero   RW         2043    .bss.rt_kprintf.rt_log_buf  kservice.o
    0x200021d8        -       0x00000100   Zero   RW         2142    .bss.rt_thread_priority_table  scheduler.o
    0x200022d8        -       0x00000100   Zero   RW         1861    .bss.rt_thread_stack  idle.o
    0x200023d8        -       0x00000004   Zero   RW         2250    .bss.rt_thread_switch_interrupt_flag  cpuport.o
    0x200023dc        -       0x00000004   Zero   RW         1806    .bss.rt_tick        clock.o
    0x200023e0        -       0x0000000a   Zero   RW          441    .bss.sl_sc7Aa20     sc7a20.o
    0x200023ea        -       0x00000002   Zero   RW          478    .bss.timeoutcnt     vl6180x.o
    0x200023ec        -       0x000000b4   Zero   RW         2454    .bss.ulog           ulog.o
    0x200024a0        -       0x00000004   Zero   RW         2458    .bss.ulog_formater.log_len  ulog.o
    0x200024a4        -       0x00000004   Zero   RW         2455    .bss.ulog_head_formater.log_len  ulog.o
    0x200024a8        -       0x00000001   Zero   RW         2459    .bss.ulog_voutput.ulog_voutput_recursion  ulog.o
    0x200024a9   COMPRESSED   0x00000007   PAD
    0x200024b0        -       0x00000200   Zero   RW         1787    HEAP                startup_mm32f0270_keil.o
    0x200026b0        -       0x00000400   Zero   RW         1786    STACK               startup_mm32f0270_keil.o


==============================================================================

Image component sizes


      Code (inc. data)   RO Data    RW Data    ZI Data      Debug   Object Name

        76         16          0          0          4       3093   app.o
       280         60         21          0       6144       3039   board.o
       132          8          0          0          4       2876   clock.o
      2868       1048        530          0          0      14195   cmd.o
       176         24         16          0          0       3238   components.o
       186         96         26          0         40       2249   console_be.o
       236         32          0          0          0        899   context_gcc.o
       304        168          0          0         12       2438   cpuport.o
       852        132        362          0          0       4484   gn1650.o
       212          8          0          0          0       5195   hal_gpio.o
        80         12          0          0          0       2767   hal_misc.o
       304         48          0         16          0      19513   hal_rcc.o
       418         20          0          0          0      27262   hal_tim.o
       206          4          0          0          0       7123   hal_uart.o
      1096        300        625          0         24       6915   hx711.o
       202         24          0          8        384       3685   idle.o
       440        156         92          0          0       3338   ina226.o
       512          8          0          0          0      18386   ipc.o
        64          4          0          0          1       1162   irq.o
      1516        612        368          2         89       5783   key.o
      2104        290        350          0        552      18362   kservice.o
        32          0          4          0          0        698   main.o
       506         68          0          0          0       5602   mem.o
       130         24          0          0          0       1941   mm32_gpio.o
       900        136         35          0          0       8257   mm32_soft_i2c_v1.o
       452         32          0         96          0       6354   mm32_uart.o
        36          4          0          0          0       1029   mm32f0270_it.o
       680        128         17          0          0       4418   msh.o
       584         10          0          0          4       3411   multi_button.o
       278          4          0        128          0       6275   object.o
       314         20         20          0          0       4110   onewire_bus.o
       172         24          0          0          4       6138   platform.o
       844        308        131          0         20       6337   pwm.o
       820        192         88         32         21      11656   sc7a20.o
       544         32          0          0        268       5409   scheduler.o
      1280        152         14          0        529       6928   shell.o
        68         32        192          0       1536        728   startup_mm32f0270_keil.o
       612         60          0          4          0       3567   system_mm32f0270.o
       856         16          0          0          0       8713   thread.o
       954         58          0          0        664       9936   timer.o
      1228        120        136          0        197      12702   ulog.o
       596         96         26         32          2       4155   vl6180x.o

    ----------------------------------------------------------------------
     24206       4586       3088        320      10512     274366   Object Totals
         0          0         32          0          0          0   (incl. Generated)
        56          0          3          2         13          0   (incl. Padding)

    ----------------------------------------------------------------------

      Code (inc. data)   RO Data    RW Data    ZI Data      Debug   Library Member Name

        58          0          0          0          0          0   __dczerorl.o
         8          0          0          0          0         68   __main.o
       392          6         17          0          0         76   __printf_flags_ss_wp.o
        14          0          0          0          0         60   __printf_wp.o
         0          0          0          0          0          0   __rtentry.o
        12          0          0          0          0          0   __rtentry2.o
         6          0          0          0          0          0   __rtentry4.o
        60          8          0          0          0          0   __scatter.o
        28          0          0          0          0          0   __scatter_zi.o
        66          0          0          0          0         76   _c16rtomb.o
        30          0          0          0          0         60   _chval.o
        10          0          0          0          0          0   _printf_a.o
        10          0          0          0          0          0   _printf_c.o
        46          0          0          0          0        100   _printf_char.o
        48          6          0          0          0         88   _printf_char_common.o
        38          0          0          0          0         60   _printf_charcount.o
        10          0          0          0          0          0   _printf_d.o
       108         18          0          0          0         76   _printf_dec.o
        10          0          0          0          0          0   _printf_e.o
        10          0          0          0          0          0   _printf_f.o
      1044         12          0          0          0        116   _printf_fp_dec.o
       728         10         38          0          0         84   _printf_fp_hex.o
       136         16          0          0          0         76   _printf_fp_infnan.o
        10          0          0          0          0          0   _printf_g.o
       152          4         40          0          0        148   _printf_hex_int_ll_ptr.o
        10          0          0          0          0          0   _printf_i.o
       176          0          0          0          0         84   _printf_intcommon.o
        10          0          0          0          0          0   _printf_l.o
        10          0          0          0          0          0   _printf_lc.o
        10          0          0          0          0          0   _printf_ll.o
        10          0          0          0          0          0   _printf_lld.o
        10          0          0          0          0          0   _printf_lli.o
        10          0          0          0          0          0   _printf_llo.o
        10          0          0          0          0          0   _printf_llu.o
        10          0          0          0          0          0   _printf_llx.o
       112         18          0          0          0         76   _printf_longlong_dec.o
        10          0          0          0          0          0   _printf_ls.o
        10          0          0          0          0          0   _printf_n.o
        10          0          0          0          0          0   _printf_o.o
       112         10          0          0          0        112   _printf_oct_int_ll.o
        10          0          0          0          0          0   _printf_p.o
        78          0          0          0          0        100   _printf_pad.o
         2          0          0          0          0          0   _printf_percent.o
         4          0          0          0          0          0   _printf_percent_end.o
        10          0          0          0          0          0   _printf_s.o
        82          0          0          0          0         72   _printf_str.o
        36          0          0          0          0         76   _printf_truncate.o
        10          0          0          0          0          0   _printf_u.o
        46          0          0          0          0        100   _printf_wchar.o
       188          6          8          0          0         80   _printf_wctomb.o
        10          0          0          0          0          0   _printf_x.o
        22          0          0          0          0         92   _rserrno.o
        68          0          0          0          0         76   _sgetc.o
        16          0          0          0          0         60   _snputc.o
       166          0          0          0          0         84   _strtoul.o
       364          4          0          0          0         92   aeabi_sdiv.o
        26          0          0          0          0         72   atoi.o
       216          6        148          0          0         80   bigflt0.o
      1456         30          0          0          0        336   btod.o
        16          0          0          0          0         68   exit.o
         6          0          0          0          0        136   heapauxi.o
         0          0          0          0          0          0   indicate_semi.o
        18          0          0          0          0         68   isspace.o
        44         10        272          0          0         76   lc_ctype_c.o
        44         10         28          0          0         76   lc_numeric_c.o
         2          0          0          0          0          0   libinit.o
        30          0          0          0          0          0   libinit2.o
         2          0          0          0          0          0   libshutdown.o
         2          0          0          0          0          0   libshutdown2.o
         8          4          0          0         96         68   libspace.o
        48          0          0          0          0         72   llmul.o
       166          0          0          0          0         72   llsdiv.o
        32          0          0          0          0         68   llshl.o
       272          0          0          0          0         88   lludiv.o
       122          0          0          0          0         72   lludiv10.o
        90          0          0          0          0         68   memcmp.o
        16          4          0          0          0         76   rt_ctype_table.o
         8          4          0          0          0         68   rt_errno_addr_intlibspace.o
         8          4          0          0          0         68   rt_locale_intlibspace.o
        64          0          0          0          0        108   rt_memclr.o
       186          0          0          0          0        144   rt_memcpy.o
         2          0          0          0          0          0   rtexit.o
        10          0          0          0          0          0   rtexit2.o
        40          0          0          0          0         60   rtudiv10.o
      1312         26          0          0          0        124   scanf_fp.o
       820         14          0          0          0         84   scanf_hexfp.o
       316         16          0          0          0         84   scanf_infnan.o
       136          4          0          0          0         72   strcmp.o
        68          6          0          0          0         72   strlen.o
       160          6          0          0          0         76   strncmp.o
       108          4          0          0          0         76   strncpy.o
       184         16          0          0          0        120   strtod.o
       112          4          0          0          0         76   strtol.o
        12          4          0          0          0         60   sys_exit.o
        62          0          0          0          0         80   sys_stackheap_outer.o
         2          0          0          0          0         68   use_no_semi.o
        60          4          0          0          0         72   vsnprintf.o
        46          0          0          0          0         60   cmpret.o
       124          4          0          0          0         72   d2f.o
       856         20          0          0          0        208   daddsub.o
       160          6          0          0          0         76   dcmpin.o
      1096         26        128          0          0        112   ddiv.o
       100          4          0          0          0         92   deqf.o
       108         10          0          0          0         72   dfixi.o
        72          4          0          0          0         68   dfixui.o
        88          0          0          0          0         92   dflti.o
       584         26          0          0          0         84   dmul.o
        20          6          0          0          0         68   dnan2.o
       104          4          0          0          0        104   drlef.o
        96         12          0          0          0         72   dscalbn.o
       256          8          0          0          0         76   dsqrt.o
        84          4          0          0          0         60   f2d.o
       352         10         64          0          0         92   fdiv.o
        48          0          0          0          0         60   ffixui.o
        94          0          0          0          0         92   fflti.o
       176          4          0          0          0         80   fmul.o
         0          0         16          0          0          0   fpconst.o
        16          4          0          0          0         76   printf1.o
        16          4          0          0          0         76   printf2.o
        94          0          0          0          0         68   retnan.o
        16          4          0          0          0         76   scanf1.o
        32          8          0          0          0        100   scanf2.o
         0          0          0          0          0          0   usenofp.o
       540         68        152          0          0        112   atan.o
        44          0          0          0          0         76   atof.o
        50         10          0          0          0        204   dunder.o
        44          4          0          0          0         60   fpclassify.o
        88         16          0          0          0         72   frexp.o
       132          0          0          0          0        140   ldexp.o
       216         10          0          0          0        144   narrow.o
       172          0          0          0          0         76   poly.o
        72          6          0          0          0         76   sqrt.o

    ----------------------------------------------------------------------
     16970        576        920          0         96       8196   Library Totals
        22          0          9          0          0          0   (incl. Padding)

    ----------------------------------------------------------------------

      Code (inc. data)   RO Data    RW Data    ZI Data      Debug   Library Name

     10952        294        551          0         96       5200   c_p.l
      4638        168        208          0          0       2036   fz_ps.l
      1358        114        152          0          0        960   m_ps.l

    ----------------------------------------------------------------------
     16970        576        920          0         96       8196   Library Totals

    ----------------------------------------------------------------------

==============================================================================


      Code (inc. data)   RO Data    RW Data    ZI Data      Debug   

     41176       5162       4008        320      10608     277534   Grand Totals
     41176       5162       4008        144      10608     277534   ELF Image Totals (compressed)
     41176       5162       4008        144          0          0   ROM Totals

==============================================================================

    Total RO  Size (Code + RO Data)                45184 (  44.12kB)
    Total RW  Size (RW Data + ZI Data)             10928 (  10.67kB)
    Total ROM Size (Code + RO Data + RW Data)      45328 (  44.27kB)

==============================================================================

