Component: Arm Compiler for Embedded 6.19 Tool: armlink [5e73cb00]

==============================================================================

Section Cross References

    app.o(.text.app) refers to thread.o(.text.rt_thread_create) for rt_thread_create
    app.o(.text.app) refers to thread.o(.text.rt_thread_startup) for rt_thread_startup
    app.o(.text.app) refers to mm32_gpio.o(.text.gpio_toggle) for gpio_toggle
    app.o(.text.app) refers to thread.o(.text.rt_thread_mdelay) for rt_thread_mdelay
    app.o(.text.app) refers to key.o(.text.thread_key_task_entry) for thread_key_task_entry
    app.o(.text.app) refers to app.o(.bss.app.tid_key_task) for [Anonymous Symbol]
    app.o(.ARM.exidx.text.app) refers to app.o(.text.app) for [Anonymous Symbol]
    main.o(.text.main) refers to app.o(.text.app) for app
    main.o(.text.main) refers to thread.o(.text.rt_thread_mdelay) for rt_thread_mdelay
    main.o(.ARM.exidx.text.main) refers to main.o(.text.main) for [Anonymous Symbol]
    main.o(.text.init_hardware) refers to platform.o(.text.platform_init) for platform_init
    main.o(.ARM.exidx.text.init_hardware) refers to main.o(.text.init_hardware) for [Anonymous Symbol]
    main.o(.rti_fn.1) refers to main.o(.text.init_hardware) for init_hardware
    mm32_adc.o(.ARM.exidx.text.adc_channel_to_gpio) refers to mm32_adc.o(.text.adc_channel_to_gpio) for [Anonymous Symbol]
    mm32_adc.o(.text.enable_gpio_clock) refers to hal_rcc.o(.text.RCC_AHBPeriphClockCmd) for RCC_AHBPeriphClockCmd
    mm32_adc.o(.ARM.exidx.text.enable_gpio_clock) refers to mm32_adc.o(.text.enable_gpio_clock) for [Anonymous Symbol]
    mm32_adc.o(.text.adc_config_single) refers to hal_rcc.o(.text.RCC_APB2PeriphClockCmd) for RCC_APB2PeriphClockCmd
    mm32_adc.o(.text.adc_config_single) refers to hal_adc.o(.text.ADC_StructInit) for ADC_StructInit
    mm32_adc.o(.text.adc_config_single) refers to hal_adc.o(.text.ADC_Init) for ADC_Init
    mm32_adc.o(.text.adc_config_single) refers to hal_adc.o(.text.ADC_Cmd) for ADC_Cmd
    mm32_adc.o(.ARM.exidx.text.adc_config_single) refers to mm32_adc.o(.text.adc_config_single) for [Anonymous Symbol]
    mm32_adc.o(.text.adc_read_single) refers to hal_rcc.o(.text.RCC_APB2PeriphClockCmd) for RCC_APB2PeriphClockCmd
    mm32_adc.o(.text.adc_read_single) refers to hal_adc.o(.text.ADC_StructInit) for ADC_StructInit
    mm32_adc.o(.text.adc_read_single) refers to hal_adc.o(.text.ADC_Init) for ADC_Init
    mm32_adc.o(.text.adc_read_single) refers to hal_adc.o(.text.ADC_TempSensorVrefintCmd) for ADC_TempSensorVrefintCmd
    mm32_adc.o(.text.adc_read_single) refers to hal_adc.o(.text.ADC_RegularChannelConfig) for ADC_RegularChannelConfig
    mm32_adc.o(.text.adc_read_single) refers to hal_adc.o(.text.ADC_ANY_NUM_Config) for ADC_ANY_NUM_Config
    mm32_adc.o(.text.adc_read_single) refers to hal_adc.o(.text.ADC_ANY_CH_Config) for ADC_ANY_CH_Config
    mm32_adc.o(.text.adc_read_single) refers to hal_adc.o(.text.ADC_ANY_Cmd) for ADC_ANY_Cmd
    mm32_adc.o(.text.adc_read_single) refers to hal_adc.o(.text.ADC_Cmd) for ADC_Cmd
    mm32_adc.o(.text.adc_read_single) refers to hal_adc.o(.text.ADC_SoftwareStartConvCmd) for ADC_SoftwareStartConvCmd
    mm32_adc.o(.text.adc_read_single) refers to hal_adc.o(.text.ADC_GetFlagStatus) for ADC_GetFlagStatus
    mm32_adc.o(.text.adc_read_single) refers to hal_adc.o(.text.ADC_ClearFlag) for ADC_ClearFlag
    mm32_adc.o(.text.adc_read_single) refers to hal_adc.o(.text.ADC_GetConversionValue) for ADC_GetConversionValue
    mm32_adc.o(.text.adc_read_single) refers to fflti.o(.text) for __aeabi_ui2f
    mm32_adc.o(.text.adc_read_single) refers to fmul.o(x$fpl$fmul) for __aeabi_fmul
    mm32_adc.o(.text.adc_read_single) refers to fdiv.o(.text) for __aeabi_fdiv
    mm32_adc.o(.text.adc_read_single) refers to ffixi.o(.text) for __aeabi_f2iz
    mm32_adc.o(.text.adc_read_single) refers to mm32_adc.o(.text.adc_channel_to_gpio) for adc_channel_to_gpio
    mm32_adc.o(.text.adc_read_single) refers to mm32_adc.o(.text.enable_gpio_clock) for enable_gpio_clock
    mm32_adc.o(.text.adc_read_single) refers to hal_gpio.o(.text.GPIO_StructInit) for GPIO_StructInit
    mm32_adc.o(.text.adc_read_single) refers to hal_gpio.o(.text.GPIO_Init) for GPIO_Init
    mm32_adc.o(.ARM.exidx.text.adc_read_single) refers to mm32_adc.o(.text.adc_read_single) for [Anonymous Symbol]
    mm32_gpio.o(.text.gpio_config) refers to hal_rcc.o(.text.RCC_AHBPeriphClockCmd) for RCC_AHBPeriphClockCmd
    mm32_gpio.o(.text.gpio_config) refers to hal_gpio.o(.text.GPIO_StructInit) for GPIO_StructInit
    mm32_gpio.o(.text.gpio_config) refers to hal_gpio.o(.text.GPIO_Init) for GPIO_Init
    mm32_gpio.o(.ARM.exidx.text.gpio_config) refers to mm32_gpio.o(.text.gpio_config) for [Anonymous Symbol]
    mm32_gpio.o(.text.gpio_toggle) refers to hal_gpio.o(.text.GPIO_ReadOutputDataBit) for GPIO_ReadOutputDataBit
    mm32_gpio.o(.text.gpio_toggle) refers to hal_gpio.o(.text.GPIO_ResetBits) for GPIO_ResetBits
[...]
    rt_timer_stop                            0x08008d4d   Thumb Code    54  timer.o(.text.rt_timer_stop)
    rt_voice_us_delay                        0x08008d85   Thumb Code    28  onewire_bus.o(.text.rt_voice_us_delay)
    rt_vsnprintf                             0x08008da5   Thumb Code   700  kservice.o(.text.rt_vsnprintf)
    rt_vsprintf                              0x08009069   Thumb Code    16  kservice.o(.text.rt_vsprintf)
    rtthread_startup                         0x08009089   Thumb Code    42  components.o(.text.rtthread_startup)
    set_pwm_duty                             0x080090b5   Thumb Code   164  pwm.o(.text.set_pwm_duty)
    systick_init                             0x08009241   Thumb Code    68  platform.o(.text.systick_init)
    thread_key_task_entry                    0x08009291   Thumb Code   164  key.o(.text.thread_key_task_entry)
    uart_config                              0x08009375   Thumb Code   276  mm32_uart.o(.text.uart_config)
    ulog_backend_register                    0x080094b1   Thumb Code    68  ulog.o(.text.ulog_backend_register)
    ulog_console_backend_init                0x080094f5   Thumb Code    24  console_be.o(.text.ulog_console_backend_init)
    ulog_console_backend_output              0x0800951d   Thumb Code    10  console_be.o(.text.ulog_console_backend_output)
    ulog_formater                            0x08009529   Thumb Code    64  ulog.o(.text.ulog_formater)
    ulog_head_formater                       0x0800956d   Thumb Code    96  ulog.o(.text.ulog_head_formater)
    ulog_hex_formater                        0x080095dd   Thumb Code   228  ulog.o(.text.ulog_hex_formater)
    ulog_init                                0x080096e9   Thumb Code    36  ulog.o(.text.ulog_init)
    ulog_output                              0x08009719   Thumb Code    30  ulog.o(.text.ulog_output)
    ulog_strcpy                              0x08009737   Thumb Code    26  ulog.o(.text.ulog_strcpy)
    ulog_tail_formater                       0x08009751   Thumb Code    76  ulog.o(.text.ulog_tail_formater)
    ulog_voutput                             0x08009831   Thumb Code   152  ulog.o(.text.ulog_voutput)
    version                                  0x080098d5   Thumb Code    10  cmd.o(.text.version)
    __ARM_common_ll_muluu                    0x080098df   Thumb Code    48  btod.o(i.__ARM_common_ll_muluu)
    __ARM_fpclassify                         0x08009911   Thumb Code    40  fpclassify.o(i.__ARM_fpclassify)
    __kernel_poly                            0x0800993d   Thumb Code   172  poly.o(i.__kernel_poly)
    __mathlib_dbl_infnan                     0x080099e9   Thumb Code    10  dunder.o(i.__mathlib_dbl_infnan)
    __mathlib_dbl_overflow                   0x080099f5   Thumb Code    16  dunder.o(i.__mathlib_dbl_overflow)
    __mathlib_dbl_underflow                  0x08009a09   Thumb Code    14  dunder.o(i.__mathlib_dbl_underflow)
    __mathlib_narrow                         0x08009a1d   Thumb Code    16  narrow.o(i.__mathlib_narrow)
    __mathlib_tofloat                        0x08009a2d   Thumb Code   190  narrow.o(i.__mathlib_tofloat)
    __support_ldexp                          0x08009af5   Thumb Code    20  ldexp.o(i.__support_ldexp)
    _is_digit                                0x08009b09   Thumb Code    14  __printf_wp.o(i._is_digit)
    atan                                     0x08009b19   Thumb Code   472  atan.o(i.atan)
    atof                                     0x08009d35   Thumb Code    44  atof.o(i.atof)
    frexp                                    0x08009d61   Thumb Code    72  frexp.o(i.frexp)
    ldexp                                    0x08009db9   Thumb Code   112  ldexp.o(i.ldexp)
    sqrt                                     0x08009e29   Thumb Code    66  sqrt.o(i.sqrt)
    _get_lc_ctype                            0x08009e71   Thumb Code    44  lc_ctype_c.o(locale$$code)
    _get_lc_numeric                          0x08009e9d   Thumb Code    44  lc_numeric_c.o(locale$$code)
    __aeabi_cdcmpeq                          0x08009ec9   Thumb Code     0  deqf.o(x$fpl$deqf)
    _dcmpeq                                  0x08009ec9   Thumb Code    94  deqf.o(x$fpl$deqf)
    __aeabi_cdrcmple                         0x08009f2d   Thumb Code     0  drlef.o(x$fpl$drleqf)
    _drcmple                                 0x08009f2d   Thumb Code   100  drlef.o(x$fpl$drleqf)
    __aeabi_fmul                             0x08009f95   Thumb Code     0  fmul.o(x$fpl$fmul)
    _fmul                                    0x08009f95   Thumb Code   172  fmul.o(x$fpl$fmul)
    _printf_fp_dec                           0x0800a045   Thumb Code    16  printf1.o(x$fpl$printf1)
    _printf_fp_hex                           0x0800a055   Thumb Code    16  printf2.o(x$fpl$printf2)
    _scanf_real                              0x0800a065   Thumb Code    16  scanf1.o(x$fpl$scanf1)
    _scanf_hex_real                          0x0800a075   Thumb Code    16  scanf2.o(x$fpl$scanf2)
    _scanf_infnan                            0x0800a085   Thumb Code    16  scanf2.o(x$fpl$scanf2)
    __I$use$fp                               0x0800a094   Number         0  usenofp.o(x$fpl$usenofp)
    __fsym_INA226_Test_name                  0x0800a2ac   Data          12  ina226.o(.rodata.__fsym_INA226_Test_name)
    __fsym_VL6180_ReadAndLog_name            0x0800a2b8   Data          18  vl6180x.o(.rodata.__fsym_VL6180_ReadAndLog_name)
    __fsym_WT588F_Init_name                  0x0800a2ca   Data          12  onewire_bus.o(.rodata.__fsym_WT588F_Init_name)
    __fsym_clear_name                        0x0800a2d6   Data           6  cmd.o(.rodata.__fsym_clear_name)
    __fsym_cmd_free_name                     0x0800a2dc   Data           9  board.o(.rodata.__fsym_cmd_free_name)
    __fsym_display_test_name                 0x0800a2e5   Data          13  gn1650.o(.rodata.__fsym_display_test_name)
    __fsym_help_name                         0x0800a2f2   Data           5  msh.o(.rodata.__fsym_help_name)
    __fsym_hx711_test_entry_name             0x0800a2f7   Data          17  hx711.o(.rodata.__fsym_hx711_test_entry_name)
    __fsym_list_event_name                   0x0800a308   Data          11  cmd.o(.rodata.__fsym_list_event_name)
    __fsym_list_mempool_name                 0x0800a313   Data          13  cmd.o(.rodata.__fsym_list_mempool_name)
    __fsym_list_msgqueue_name                0x0800a320   Data          14  cmd.o(.rodata.__fsym_list_msgqueue_name)
    __fsym_list_mutex_name                   0x0800a32e   Data          11  cmd.o(.rodata.__fsym_list_mutex_name)
    __fsym_list_name                         0x0800a339   Data           5  cmd.o(.rodata.__fsym_list_name)
    __fsym_list_sem_name                     0x0800a33e   Data           9  cmd.o(.rodata.__fsym_list_sem_name)
    __fsym_list_thread_name                  0x0800a347   Data          12  cmd.o(.rodata.__fsym_list_thread_name)
    __fsym_list_timer_name                   0x0800a353   Data          11  cmd.o(.rodata.__fsym_list_timer_name)
    __fsym_pwm_frequency_test_name           0x0800a35e   Data          19  pwm.o(.rodata.__fsym_pwm_frequency_test_name)
    __fsym_read_accelerometer_data_name      0x0800a371   Data          24  sc7a20.o(.rodata.__fsym_read_accelerometer_data_name)
    __fsym_set_pwm_duty_name                 0x0800a389   Data          13  pwm.o(.rodata.__fsym_set_pwm_duty_name)
    __fsym_ulog_test_name                    0x0800a396   Data          10  console_be.o(.rodata.__fsym_ulog_test_name)
    __fsym_version_name                      0x0800a3a0   Data           8  cmd.o(.rodata.__fsym_version_name)
    __lowest_bit_bitmap                      0x0800a3a8   Data         256  kservice.o(.rodata.__lowest_bit_bitmap)
    seg_codes_digits                         0x0800a4c8   Data          10  gn1650.o(.rodata.seg_codes_digits)
    seg_codes_letters                        0x0800a4d2   Data           6  gn1650.o(.rodata.seg_codes_letters)
    __rt_init_rti_start                      0x0800a98c   Data           4  components.o(.rti_fn.0)
    __rt_init_rti_board_start                0x0800a990   Data           4  components.o(.rti_fn.0.end)
    __rt_init_init_hardware                  0x0800a994   Data           4  main.o(.rti_fn.1)
    __rt_init_uart_init                      0x0800a998   Data           4  board.o(.rti_fn.1)
    __rt_init_ulog_init                      0x0800a99c   Data           4  ulog.o(.rti_fn.1)
    __rt_init_rti_board_end                  0x0800a9a0   Data           4  components.o(.rti_fn.1.end)
    __rt_init_gpio_init                      0x0800a9a4   Data           4  key.o(.rti_fn.6)
    __rt_init_full_bridge_init_app           0x0800a9a8   Data           4  pwm.o(.rti_fn.6)
    __rt_init_finsh_system_init              0x0800a9ac   Data           4  shell.o(.rti_fn.6)
    __rt_init_ulog_console_backend_init      0x0800a9b0   Data           4  console_be.o(.rti_fn.6)
    __rt_init_rti_end                        0x0800a9b4   Data           4  components.o(.rti_fn.6.end)
    FSymTab$$Base                            0x0800a9b8   Number         0  gn1650.o(FSymTab)
    __fsym_display_test                      0x0800a9b8   Data           8  gn1650.o(FSymTab)
    __fsym_hx711_test_entry                  0x0800a9c0   Data           8  hx711.o(FSymTab)
    __fsym_INA226_Test                       0x0800a9c8   Data           8  ina226.o(FSymTab)
    __fsym_WT588F_Init                       0x0800a9d0   Data           8  onewire_bus.o(FSymTab)
    __fsym_pwm_frequency_test                0x0800a9d8   Data           8  pwm.o(FSymTab)
    __fsym_set_pwm_duty                      0x0800a9e0   Data           8  pwm.o(FSymTab)
    __fsym_read_accelerometer_data           0x0800a9e8   Data           8  sc7a20.o(FSymTab)
    __fsym_VL6180_ReadAndLog                 0x0800a9f0   Data           8  vl6180x.o(FSymTab)
    __fsym_cmd_free                          0x0800a9f8   Data           8  board.o(FSymTab)
    __fsym_clear                             0x0800aa00   Data           8  cmd.o(FSymTab)
    __fsym_version                           0x0800aa08   Data           8  cmd.o(FSymTab)
    __fsym_list_thread                       0x0800aa10   Data           8  cmd.o(FSymTab)
    __fsym_list_sem                          0x0800aa18   Data           8  cmd.o(FSymTab)
    __fsym_list_event                        0x0800aa20   Data           8  cmd.o(FSymTab)
    __fsym_list_mutex                        0x0800aa28   Data           8  cmd.o(FSymTab)
    __fsym_list_msgqueue                     0x0800aa30   Data           8  cmd.o(FSymTab)
    __fsym_list_mempool                      0x0800aa38   Data           8  cmd.o(FSymTab)
    __fsym_list_timer                        0x0800aa40   Data           8  cmd.o(FSymTab)
    __fsym_list                              0x0800aa48   Data           8  cmd.o(FSymTab)
    __fsym_help                              0x0800aa50   Data           8  msh.o(FSymTab)
    __fsym_ulog_test                         0x0800aa58   Data           8  console_be.o(FSymTab)
    FSymTab$$Limit                           0x0800aa60   Number         0  console_be.o(FSymTab)
    Region$$Table$$Base                      0x0800aa60   Number         0  anon$$obj.o(Region$$Table)
    Region$$Table$$Limit                     0x0800aa80   Number         0  anon$$obj.o(Region$$Table)
    __aeabi_HUGE_VAL                         0x0800aa80   Data           0  fpconst.o(c$$dinf)
    __aeabi_HUGE_VALL                        0x0800aa80   Data           0  fpconst.o(c$$dinf)
    __aeabi_INFINITY                         0x0800aa80   Data           0  fpconst.o(c$$dinf)
    __dInf                                   0x0800aa80   Data           0  fpconst.o(c$$dinf)
    __huge_val                               0x0800aa80   Data           0  fpconst.o(c$$dinf)
    __dbl_max                                0x0800aa88   Data           0  fpconst.o(c$$dmax)
    __ctype                                  0x0800aa9d   Data           0  lc_ctype_c.o(locale$$data)
    SystemCoreClock                          0x20000000   Data           4  system_mm32f0270.o(.data.SystemCoreClock)
    freq                                     0x2000008c   Data           2  key.o(.data.freq)
    i2c2                                     0x20000090   Data          32  sc7a20.o(.data.i2c2)
    i2c3                                     0x200000b0   Data          32  vl6180x.o(.data.i2c3)
    tbPresc                                  0x200000d0   Data          16  hal_rcc.o(.data.tbPresc)
    uart1                                    0x200000e0   Data          48  mm32_uart.o(.data.uart1)
    uart2                                    0x20000110   Data          48  mm32_uart.o(.data.uart2)
    __libspace_start                         0x20000140   Data          96  libspace.o(.bss)
    __temporary_stack_top$libspace           0x200001a0   Data           0  libspace.o(.bss)
    btn1                                     0x200001a0   Data          44  key.o(.bss..L_MergedGlobals)
    btn2                                     0x200001cc   Data          44  key.o(.bss..L_MergedGlobals)
    rt_current_priority                      0x20000220   Data           1  scheduler.o(.bss..L_MergedGlobals)
    rt_current_thread                        0x20000224   Data           4  scheduler.o(.bss..L_MergedGlobals)
    rt_thread_ready_priority_group           0x20000228   Data           4  scheduler.o(.bss..L_MergedGlobals)
    _syscall_table_begin                     0x20000244   Data           4  shell.o(.bss..L_MergedGlobals)
    _syscall_table_end                       0x20000248   Data           4  shell.o(.bss..L_MergedGlobals)
    shell                                    0x20000250   Data           4  shell.o(.bss..L_MergedGlobals)
    PLATFORM_DelayTick                       0x2000025c   Data           4  platform.o(.bss.PLATFORM_DelayTick)
    RCC_Clocks                               0x20000260   Data          20  pwm.o(.bss.RCC_Clocks)
    pwm_started                              0x200007c0   Data           1  key.o(.bss.pwm_started)
    reg_ok                                   0x200007c1   Data          11  sc7a20.o(.bss.reg_ok)
    rt_interrupt_from_thread                 0x20001fcc   Data           4  cpuport.o(.bss.rt_interrupt_from_thread)
    rt_interrupt_nest                        0x20001fd0   Data           1  irq.o(.bss.rt_interrupt_nest)
    rt_interrupt_to_thread                   0x20001fd4   Data           4  cpuport.o(.bss.rt_interrupt_to_thread)
    rt_thread_priority_table                 0x200021d8   Data         256  scheduler.o(.bss.rt_thread_priority_table)
    rt_thread_switch_interrupt_flag          0x200023d8   Data           4  cpuport.o(.bss.rt_thread_switch_interrupt_flag)
    sl_sc7Aa20                               0x200023e0   Data          10  sc7a20.o(.bss.sl_sc7Aa20)
    timeoutcnt                               0x200023ea   Data           2  vl6180x.o(.bss.timeoutcnt)



==============================================================================

Memory Map of the image

  Image Entry point : 0x080000c1

  Load Region LR_IROM1 (Base: 0x08000000, Size: 0x0000ad00, Max: 0x00020000, ABSOLUTE, COMPRESSED[0x0000ac50])

    Execution Region ER_IROM1 (Exec base: 0x08000000, Load base: 0x08000000, Size: 0x0000abbc, Max: 0x00020000, ABSOLUTE)

    Exec Addr    Load Addr    Size         Type   Attr      Idx    E Section Name        Object

    0x08000000   0x08000000   0x000000c0   Data   RO         1782    RESET               startup_mm32f0270_keil.o
    0x080000c0   0x080000c0   0x00000008   Code   RO         2569  * !!!main             c_p.l(__main.o)
    0x080000c8   0x080000c8   0x0000003c   Code   RO         3212    !!!scatter          c_p.l(__scatter.o)
    0x08000104   0x08000104   0x0000001c   Code   RO         3214    !!handler_zi        c_p.l(__scatter_zi.o)
    0x08000120   0x08000120   0x00000002   Code   RO         2542    .ARM.Collect$$_printf_percent$$00000000  c_p.l(_printf_percent.o)
    0x08000122   0x08000122   0x0000000a   Code   RO         2712    .ARM.Collect$$_printf_percent$$00000001  c_p.l(_printf_n.o)
    0x0800012c   0x0800012c   0x0000000a   Code   RO         2714    .ARM.Collect$$_printf_percent$$00000002  c_p.l(_printf_p.o)
    0x08000136   0x08000136   0x0000000a   Code   RO         2541    .ARM.Collect$$_printf_percent$$00000003  c_p.l(_printf_f.o)
    0x08000140   0x08000140   0x0000000a   Code   RO         2719    .ARM.Collect$$_printf_percent$$00000004  c_p.l(_printf_e.o)
    0x0800014a   0x0800014a   0x0000000a   Code   RO         2720    .ARM.Collect$$_printf_percent$$00000005  c_p.l(_printf_g.o)
    0x08000154   0x08000154   0x0000000a   Code   RO         2721    .ARM.Collect$$_printf_percent$$00000006  c_p.l(_printf_a.o)
    0x0800015e   0x0800015e   0x0000000a   Code   RO         2726    .ARM.Collect$$_printf_percent$$00000007  c_p.l(_printf_ll.o)
    0x08000168   0x08000168   0x0000000a   Code   RO         2716    .ARM.Collect$$_printf_percent$$00000008  c_p.l(_printf_i.o)
    0x08000172   0x08000172   0x0000000a   Code   RO         2717    .ARM.Collect$$_printf_percent$$00000009  c_p.l(_printf_d.o)
    0x0800017c   0x0800017c   0x0000000a   Code   RO         2718    .ARM.Collect$$_printf_percent$$0000000A  c_p.l(_printf_u.o)
    0x08000186   0x08000186   0x0000000a   Code   RO         2715    .ARM.Collect$$_printf_percent$$0000000B  c_p.l(_printf_o.o)
    0x08000190   0x08000190   0x0000000a   Code   RO         2713    .ARM.Collect$$_printf_percent$$0000000C  c_p.l(_printf_x.o)
    0x0800019a   0x0800019a   0x0000000a   Code   RO         2723    .ARM.Collect$$_printf_percent$$0000000D  c_p.l(_printf_lli.o)
    0x080001a4   0x080001a4   0x0000000a   Code   RO         2724    .ARM.Collect$$_printf_percent$$0000000E  c_p.l(_printf_lld.o)
    0x080001ae   0x080001ae   0x0000000a   Code   RO         2725    .ARM.Collect$$_printf_percent$$0000000F  c_p.l(_printf_llu.o)
    0x080001b8   0x080001b8   0x0000000a   Code   RO         2730    .ARM.Collect$$_printf_percent$$00000010  c_p.l(_printf_llo.o)
    0x080001c2   0x080001c2   0x0000000a   Code   RO         2731    .ARM.Collect$$_printf_percent$$00000011  c_p.l(_printf_llx.o)
    0x080001cc   0x080001cc   0x0000000a   Code   RO         2727    .ARM.Collect$$_printf_percent$$00000012  c_p.l(_printf_l.o)
    0x080001d6   0x080001d6   0x0000000a   Code   RO         2711    .ARM.Collect$$_printf_percent$$00000013  c_p.l(_printf_c.o)
    0x080001e0   0x080001e0   0x0000000a   Code   RO         2540    .ARM.Collect$$_printf_percent$$00000014  c_p.l(_printf_s.o)
    0x080001ea   0x080001ea   0x0000000a   Code   RO         2728    .ARM.Collect$$_printf_percent$$00000015  c_p.l(_printf_lc.o)
    0x080001f4   0x080001f4   0x0000000a   Code   RO         2729    .ARM.Collect$$_printf_percent$$00000016  c_p.l(_printf_ls.o)
    0x080001fe   0x080001fe   0x00000004   Code   RO         2722    .ARM.Collect$$_printf_percent$$00000017  c_p.l(_printf_percent_end.o)
    0x08000202   0x08000202   0x00000002   Code   RO         3014    .ARM.Collect$$libinit$$00000000  c_p.l(libinit.o)
    0x08000204   0x08000204   0x00000000   Code   RO         2860    .ARM.Collect$$libinit$$00000002  c_p.l(libinit2.o)
    0x08000204   0x08000204   0x00000000   Code   RO         2862    .ARM.Collect$$libinit$$00000004  c_p.l(libinit2.o)
    0x08000204   0x08000204   0x00000000   Code   RO         2864    .ARM.Collect$$libinit$$00000006  c_p.l(libinit2.o)
    0x08000204   0x08000204   0x00000000   Code   RO         2867    .ARM.Collect$$libinit$$0000000C  c_p.l(libinit2.o)
    0x08000204   0x08000204   0x00000000   Code   RO         2869    .ARM.Collect$$libinit$$0000000E  c_p.l(libinit2.o)
    0x08000204   0x08000204   0x00000000   Code   RO         2871    .ARM.Collect$$libinit$$00000010  c_p.l(libinit2.o)
    0x08000204   0x08000204   0x00000006   Code   RO         2872    .ARM.Collect$$libinit$$00000011  c_p.l(libinit2.o)
    0x0800020a   0x0800020a   0x00000000   Code   RO         2874    .ARM.Collect$$libinit$$00000013  c_p.l(libinit2.o)
    0x0800020a   0x0800020a   0x0000000c   Code   RO         2875    .ARM.Collect$$libinit$$00000014  c_p.l(libinit2.o)
    0x08000216   0x08000216   0x00000000   Code   RO         2876    .ARM.Collect$$libinit$$00000015  c_p.l(libinit2.o)
    0x08000216   0x08000216   0x00000000   Code   RO         2878    .ARM.Collect$$libinit$$00000017  c_p.l(libinit2.o)
    0x08000216   0x08000216   0x0000000a   Code   RO         2879    .ARM.Collect$$libinit$$00000018  c_p.l(libinit2.o)
    0x08000220   0x08000220   0x00000000   Code   RO         2880    .ARM.Collect$$libinit$$00000019  c_p.l(libinit2.o)
    0x08000220   0x08000220   0x00000000   Code   RO         2882    .ARM.Collect$$libinit$$0000001B  c_p.l(libinit2.o)
    0x08000220   0x08000220   0x00000000   Code   RO         2884    .ARM.Collect$$libinit$$0000001D  c_p.l(libinit2.o)
    0x08000220   0x08000220   0x00000000   Code   RO         2886    .ARM.Collect$$libinit$$0000001F  c_p.l(libinit2.o)
    0x08000220   0x08000220   0x00000000   Code   RO         2888    .ARM.Collect$$libinit$$00000021  c_p.l(libinit2.o)
    0x08000220   0x08000220   0x00000000   Code   RO         2890    .ARM.Collect$$libinit$$00000023  c_p.l(libinit2.o)
    0x08000220   0x08000220   0x00000000   Code   RO         2892    .ARM.Collect$$libinit$$00000025  c_p.l(libinit2.o)
    0x08000220   0x08000220   0x00000000   Code   RO         2894    .ARM.Collect$$libinit$$00000027  c_p.l(libinit2.o)
    0x08000220   0x08000220   0x00000000   Code   RO         2898    .ARM.Collect$$libinit$$0000002E  c_p.l(libinit2.o)
    0x08000220   0x08000220   0x00000000   Code   RO         2900    .ARM.Collect$$libinit$$00000030  c_p.l(libinit2.o)
    0x08000220   0x08000220   0x00000000   Code   RO         2902    .ARM.Collect$$libinit$$00000032  c_p.l(libinit2.o)
    0x08000220   0x08000220   0x00000000   Code   RO         2904    .ARM.Collect$$libinit$$00000034  c_p.l(libinit2.o)
    0x08000220   0x08000220   0x00000002   Code   RO         2905    .ARM.Collect$$libinit$$00000035  c_p.l(libinit2.o)
    0x08000222   0x08000222   0x00000002   Code   RO         3181    .ARM.Collect$$libshutdown$$00000000  c_p.l(libshutdown.o)
    0x08000224   0x08000224   0x00000000   Code   RO         3016    .ARM.Collect$$libshutdown$$00000002  c_p.l(libshutdown2.o)
    0x08000224   0x08000224   0x00000000   Code   RO         3018    .ARM.Collect$$libshutdown$$00000004  c_p.l(libshutdown2.o)
    0x08000224   0x08000224   0x00000000   Code   RO         3021    .ARM.Collect$$libshutdown$$00000007  c_p.l(libshutdown2.o)
    0x08000224   0x08000224   0x00000000   Code   RO         3024    .ARM.Collect$$libshutdown$$0000000A  c_p.l(libshutdown2.o)
    0x08000224   0x08000224   0x00000000   Code   RO         3026    .ARM.Collect$$libshutdown$$0000000C  c_p.l(libshutdown2.o)
    0x08000224   0x08000224   0x00000000   Code   RO         3029    .ARM.Collect$$libshutdown$$0000000F  c_p.l(libshutdown2.o)
    0x08000224   0x08000224   0x00000002   Code   RO         3030    .ARM.Collect$$libshutdown$$00000010  c_p.l(libshutdown2.o)
    0x08000226   0x08000226   0x00000000   Code   RO         2636    .ARM.Collect$$rtentry$$00000000  c_p.l(__rtentry.o)
    0x08000226   0x08000226   0x00000000   Code   RO         2800    .ARM.Collect$$rtentry$$00000002  c_p.l(__rtentry2.o)
    0x08000226   0x08000226   0x00000006   Code   RO         2812    .ARM.Collect$$rtentry$$00000004  c_p.l(__rtentry4.o)
    0x0800022c   0x0800022c   0x00000000   Code   RO         2802    .ARM.Collect$$rtentry$$00000009  c_p.l(__rtentry2.o)
    0x0800022c   0x0800022c   0x00000004   Code   RO         2803    .ARM.Collect$$rtentry$$0000000A  c_p.l(__rtentry2.o)
    0x08000230   0x08000230   0x00000000   Code   RO         2805    .ARM.Collect$$rtentry$$0000000C  c_p.l(__rtentry2.o)
    0x08000230   0x08000230   0x00000008   Code   RO         2806    .ARM.Collect$$rtentry$$0000000D  c_p.l(__rtentry2.o)
    0x08000238   0x08000238   0x00000002   Code   RO         3042    .ARM.Collect$$rtexit$$00000000  c_p.l(rtexit.o)
    0x0800023a   0x0800023a   0x00000000   Code   RO         3124    .ARM.Collect$$rtexit$$00000002  c_p.l(rtexit2.o)
    0x0800023a   0x0800023a   0x00000004   Code   RO         3125    .ARM.Collect$$rtexit$$00000003  c_p.l(rtexit2.o)
    0x0800023e   0x0800023e   0x00000006   Code   RO         3126    .ARM.Collect$$rtexit$$00000004  c_p.l(rtexit2.o)
    0x08000244   0x08000244   0x00000038   Code   RO         2553    .emb_text           c_p.l(rt_memcpy.o)
    0x0800027c   0x0800027c   0x00000044   Code   RO         1783    .text               startup_mm32f0270_keil.o
    0x080002c0   0x080002c0   0x000000ec   Code   RO         2230    .text               context_gcc.o
    0x080003ac   0x080003ac   0x00000010   Code   RO         2504    .text               c_p.l(rt_ctype_table.o)
    0x080003bc   0x080003bc   0x000000a6   Code   RO         2506    .text               c_p.l(llsdiv.o)
    0x08000462   0x08000462   0x00000002   PAD
    0x08000464   0x08000464   0x0000003c   Code   RO         2510    .text               c_p.l(vsnprintf.o)
    0x080004a0   0x080004a0   0x00000052   Code   RO         2518    .text               c_p.l(_printf_str.o)
    0x080004f2   0x080004f2   0x00000002   PAD
    0x080004f4   0x080004f4   0x00000188   Code   RO         2537    .text               c_p.l(__printf_flags_ss_wp.o)
    0x0800067c   0x0800067c   0x0000001a   Code   RO         2543    .text               c_p.l(atoi.o)
    0x08000696   0x08000696   0x0000005a   Code   RO         2545    .text               c_p.l(memcmp.o)
    0x080006f0   0x080006f0   0x00000044   Code   RO         2549    .text               c_p.l(strlen.o)
    0x08000734   0x08000734   0x000000a0   Code   RO         2551    .text               c_p.l(strncmp.o)
    0x080007d4   0x080007d4   0x00000082   Code   RO         2554    .text               c_p.l(rt_memcpy.o)
    0x08000856   0x08000856   0x00000040   Code   RO         2557    .text               c_p.l(rt_memclr.o)
    0x08000896   0x08000896   0x00000002   PAD
    0x08000898   0x08000898   0x0000006c   Code   RO         2559    .text               c_p.l(strncpy.o)
    0x08000904   0x08000904   0x00000088   Code   RO         2561    .text               c_p.l(strcmp.o)
    0x0800098c   0x0800098c   0x0000016c   Code   RO         2563    .text               c_p.l(aeabi_sdiv.o)
    0x08000af8   0x08000af8   0x00000006   Code   RO         2567    .text               c_p.l(heapauxi.o)
    0x08000afe   0x08000afe   0x00000002   PAD
    0x08000b00   0x08000b00   0x0000007c   Code   RO         2571    .text               fz_ps.l(d2f.o)
    0x08000b7c   0x08000b7c   0x00000358   Code   RO         2573    .text               fz_ps.l(daddsub.o)
    0x08000ed4   0x08000ed4   0x00000448   Code   RO         2575    .text               fz_ps.l(ddiv.o)
    0x0800131c   0x0800131c   0x0000006c   Code   RO         2578    .text               fz_ps.l(dfixi.o)
    0x08001388   0x08001388   0x00000048   Code   RO         2580    .text               fz_ps.l(dfixui.o)
    0x080013d0   0x080013d0   0x00000058   Code   RO         2582    .text               fz_ps.l(dflti.o)
    0x08001428   0x08001428   0x00000248   Code   RO         2584    .text               fz_ps.l(dmul.o)
    0x08001670   0x08001670   0x00000030   Code   RO         2611    .text               fz_ps.l(ffixui.o)
    0x080016a0   0x080016a0   0x0000005e   Code   RO         2613    .text               fz_ps.l(fflti.o)
    0x080016fe   0x080016fe   0x00000002   PAD
    0x08001700   0x08001700   0x00000008   Code   RO         2648    .text               c_p.l(rt_locale_intlibspace.o)
    0x08001708   0x08001708   0x00000008   Code   RO         2653    .text               c_p.l(rt_errno_addr_intlibspace.o)
    0x08001710   0x08001710   0x00000110   Code   RO         2655    .text               c_p.l(lludiv.o)
    0x08001820   0x08001820   0x00000016   Code   RO         2657    .text               c_p.l(_rserrno.o)
    0x08001836   0x08001836   0x0000004e   Code   RO         2659    .text               c_p.l(_printf_pad.o)
    0x08001884   0x08001884   0x00000024   Code   RO         2661    .text               c_p.l(_printf_truncate.o)
    0x080018a8   0x080018a8   0x0000006c   Code   RO         2663    .text               c_p.l(_printf_dec.o)
    0x08001914   0x08001914   0x00000026   Code   RO         2665    .text               c_p.l(_printf_charcount.o)
    0x0800193a   0x0800193a   0x00000002   PAD
    0x0800193c   0x0800193c   0x00000414   Code   RO         2667    .text               c_p.l(_printf_fp_dec.o)
    0x08001d50   0x08001d50   0x00000030   Code   RO         2671    .text               c_p.l(_printf_char_common.o)
    0x08001d80   0x08001d80   0x00000010   Code   RO         2673    .text               c_p.l(_snputc.o)
    0x08001d90   0x08001d90   0x0000002e   Code   RO         2675    .text               c_p.l(_printf_char.o)
    0x08001dbe   0x08001dbe   0x00000002   PAD
    0x08001dc0   0x08001dc0   0x000000bc   Code   RO         2679    .text               c_p.l(_printf_wctomb.o)
    0x08001e7c   0x08001e7c   0x00000070   Code   RO         2682    .text               c_p.l(_printf_longlong_dec.o)
    0x08001eec   0x08001eec   0x00000070   Code   RO         2688    .text               c_p.l(_printf_oct_int_ll.o)
    0x08001f5c   0x08001f5c   0x00000098   Code   RO         2708    .text               c_p.l(_printf_hex_int_ll_ptr.o)
    0x08001ff4   0x08001ff4   0x000000b8   Code   RO         2732    .text               c_p.l(strtod.o)
    0x080020ac   0x080020ac   0x00000070   Code   RO         2734    .text               c_p.l(strtol.o)
    0x0800211c   0x0800211c   0x00000060   Code   RO         2745    .text               fz_ps.l(dscalbn.o)
    0x0800217c   0x0800217c   0x00000100   Code   RO         2747    .text               fz_ps.l(dsqrt.o)
    0x0800227c   0x0800227c   0x00000008   Code   RO         2796    .text               c_p.l(libspace.o)
    0x08002284   0x08002284   0x0000007a   Code   RO         2816    .text               c_p.l(lludiv10.o)
    0x080022fe   0x080022fe   0x00000012   Code   RO         2818    .text               c_p.l(isspace.o)
    0x08002310   0x08002310   0x000000b0   Code   RO         2820    .text               c_p.l(_printf_intcommon.o)
    0x080023c0   0x080023c0   0x000002d8   Code   RO         2822    .text               c_p.l(_printf_fp_hex.o)
    0x08002698   0x08002698   0x00000088   Code   RO         2825    .text               c_p.l(_printf_fp_infnan.o)
    0x08002720   0x08002720   0x0000002e   Code   RO         2829    .text               c_p.l(_printf_wchar.o)
    0x0800274e   0x0800274e   0x00000044   Code   RO         2831    .text               c_p.l(_sgetc.o)
    0x08002792   0x08002792   0x000000a6   Code   RO         2833    .text               c_p.l(_strtoul.o)
    0x08002838   0x08002838   0x000000d8   Code   RO         2835    .text               c_p.l(bigflt0.o)
    0x08002910   0x08002910   0x00000580   Code   RO         2838    .text               c_p.l(btod.o)
    0x08002e90   0x08002e90   0x00000042   Code   RO         2852    .text               c_p.l(_c16rtomb.o)
    0x08002ed2   0x08002ed2   0x00000028   Code   RO         2857    .text               c_p.l(rtudiv10.o)
    0x08002efa   0x08002efa   0x0000003e   Code   RO         2919    .text               c_p.l(sys_stackheap_outer.o)
    0x08002f38   0x08002f38   0x0000001e   Code   RO         2978    .text               c_p.l(_chval.o)
    0x08002f56   0x08002f56   0x00000002   PAD
    0x08002f58   0x08002f58   0x00000520   Code   RO         2980    .text               c_p.l(scanf_fp.o)
    0x08003478   0x08003478   0x00000010   Code   RO         2997    .text               c_p.l(exit.o)
    0x08003488   0x08003488   0x0000002e   Code   RO         3031    .text               fz_ps.l(cmpret.o)
    0x080034b6   0x080034b6   0x00000020   Code   RO         3071    .text               c_p.l(llshl.o)
    0x080034d6   0x080034d6   0x00000030   Code   RO         3075    .text               c_p.l(llmul.o)
    0x08003506   0x08003506   0x0000005e   Code   RO         3098    .text               fz_ps.l(retnan.o)
    0x08003564   0x08003564   0x0000000c   Code   RO         3114    .text               c_p.l(sys_exit.o)
    0x08003570   0x08003570   0x00000002   Code   RO         3120    .text               c_p.l(use_no_semi.o)
    0x08003572   0x08003572   0x00000000   Code   RO         3122    .text               c_p.l(indicate_semi.o)
    0x08003572   0x08003572   0x00000002   PAD
    0x08003574   0x08003574   0x00000334   Code   RO         3142    .text               c_p.l(scanf_hexfp.o)
    0x080038a8   0x080038a8   0x0000013c   Code   RO         3144    .text               c_p.l(scanf_infnan.o)
    0x080039e4   0x080039e4   0x000000a0   Code   RO         3182    .text               fz_ps.l(dcmpin.o)
    0x08003a84   0x08003a84   0x00000014   Code   RO         3206    .text               fz_ps.l(dnan2.o)
    0x08003a98   0x08003a98   0x0000003a   Code   RO         3210    .text               c_p.l(__dczerorl.o)
    0x08003ad2   0x08003ad2   0x0000000a   Code   RO         1821    .text.$Sub$$main    components.o
    0x08003adc   0x08003adc   0x00000058   Code   RO         1767    .text.AutoCalPllFactor  system_mm32f0270.o
    0x08003b34   0x08003b34   0x00000030   Code   RO          309    .text.BTN1_DOUBLE_CLICK_Handler  key.o
    0x08003b64   0x08003b64   0x000001f4   Code   RO          307    .text.BTN1_LONG_PRESS_START_Handler  key.o
    0x08003d58   0x08003d58   0x00000104   Code   RO          311    .text.BTN1_SINGLE_CLICK_Handler  key.o
    0x08003e5c   0x08003e5c   0x000000c4   Code   RO          317    .text.BTN2_DOUBLE_CLICK_Handler  key.o
    0x08003f20   0x08003f20   0x00000034   Code   RO          315    .text.BTN2_LONG_PRESS_START_Handler  key.o
    0x08003f54   0x08003f54   0x00000134   Code   RO          313    .text.BTN2_SINGLE_CLICK_Handler  key.o
    0x08004088   0x08004088   0x00000030   Code   RO         1769    .text.DELAY_xUs     system_mm32f0270.o
    0x080040b8   0x080040b8   0x0000002c   Code   RO          205    .text.GN1650_IIC_start  gn1650.o
    0x080040e4   0x080040e4   0x0000002c   Code   RO          211    .text.GN1650_IIC_stop  gn1650.o
    0x08004110   0x08004110   0x00000030   Code   RO          209    .text.GN1650_IIC_wait_ack  gn1650.o
    0x08004140   0x08004140   0x0000004c   Code   RO          207    .text.GN1650_IIC_write_byte  gn1650.o
    0x0800418c   0x0800418c   0x00000022   Code   RO          201    .text.GN1650_cfg_display  gn1650.o
    0x080041ae   0x080041ae   0x00000016   Code   RO          203    .text.GN1650_clear  gn1650.o
    0x080041c4   0x080041c4   0x00000048   Code   RO          199    .text.GN1650_init   gn1650.o
    0x0800420c   0x0800420c   0x00000028   Code   RO          213    .text.GN1650_print  gn1650.o
    0x08004234   0x08004234   0x00000084   Code   RO          939    .text.GPIO_Init     hal_gpio.o
    0x080042b8   0x080042b8   0x00000020   Code   RO          963    .text.GPIO_PinAFConfig  hal_gpio.o
    0x080042d8   0x080042d8   0x0000000a   Code   RO          943    .text.GPIO_ReadInputDataBit  hal_gpio.o
    0x080042e2   0x080042e2   0x0000000a   Code   RO          947    .text.GPIO_ReadOutputDataBit  hal_gpio.o
    0x080042ec   0x080042ec   0x00000004   Code   RO          953    .text.GPIO_ResetBits  hal_gpio.o
    0x080042f0   0x080042f0   0x00000004   Code   RO          951    .text.GPIO_SetBits  hal_gpio.o
    0x080042f4   0x080042f4   0x00000014   Code   RO          941    .text.GPIO_StructInit  hal_gpio.o
    0x08004308   0x08004308   0x00000020   Code   RO          280    .text.INA226_GetBusVoltage  ina226.o
    0x08004328   0x08004328   0x00000024   Code   RO          282    .text.INA226_GetCurrent  ina226.o
    0x0800434c   0x0800434c   0x0000000a   Code   RO          286    .text.INA226_GetDieID  ina226.o
    0x08004356   0x08004356   0x0000000e   Code   RO          284    .text.INA226_GetPower  ina226.o
    0x08004364   0x08004364   0x00000020   Code   RO          278    .text.INA226_GetShuntVoltage  ina226.o
    0x08004384   0x08004384   0x00000020   Code   RO          276    .text.INA226_Init   ina226.o
    0x080043a4   0x080043a4   0x00000020   Code   RO          274    .text.INA226_ReadReg  ina226.o
    0x080043c4   0x080043c4   0x00000108   Code   RO          288    .text.INA226_Test   ina226.o
    0x080044cc   0x080044cc   0x00000020   Code   RO          272    .text.INA226_WriteReg  ina226.o
    0x080044ec   0x080044ec   0x00000002   Code   RO          124    .text.NMI_Handler   mm32f0270_it.o
    0x080044ee   0x080044ee   0x00000002   PAD
    0x080044f0   0x080044f0   0x00000050   Code   RO         1175    .text.NVIC_Init     hal_misc.o
    0x08004540   0x08004540   0x00000018   Code   RO         1269    .text.RCC_AHBPeriphClockCmd  hal_rcc.o
    0x08004558   0x08004558   0x00000018   Code   RO         1273    .text.RCC_APB1PeriphClockCmd  hal_rcc.o
    0x08004570   0x08004570   0x00000018   Code   RO         1271    .text.RCC_APB2PeriphClockCmd  hal_rcc.o
    0x08004588   0x08004588   0x00000040   Code   RO         1267    .text.RCC_GetClocksFreq  hal_rcc.o
    0x080045c8   0x080045c8   0x00000018   Code   RO         1261    .text.RCC_GetHCLKFreq  hal_rcc.o
    0x080045e0   0x080045e0   0x00000018   Code   RO         1263    .text.RCC_GetPCLK1Freq  hal_rcc.o
    0x080045f8   0x080045f8   0x00000020   Code   RO         1265    .text.RCC_GetPCLK2Freq  hal_rcc.o
    0x08004618   0x08004618   0x00000058   Code   RO         1259    .text.RCC_GetSysClockFreq  hal_rcc.o
    0x08004670   0x08004670   0x00000014   Code   RO          453    .text.ReadByte      vl6180x.o
    0x08004684   0x08004684   0x000000a4   Code   RO          422    .text.SC7A20_GetZAxisAngle  sc7a20.o
    0x08004728   0x08004728   0x0000008c   Code   RO          406    .text.SC7A20_Init   sc7a20.o
    0x080047b4   0x080047b4   0x000000b8   Code   RO          418    .text.SC7A20_ReadXYZ  sc7a20.o
    0x0800486c   0x0800486c   0x00000002   Code   RO          128    .text.SVC_Handler   mm32f0270_it.o
    0x0800486e   0x0800486e   0x00000002   PAD
    0x08004870   0x08004870   0x0000001c   Code   RO          132    .text.SysTick_Handler  mm32f0270_it.o
    0x0800488c   0x0800488c   0x000001dc   Code   RO         1765    .text.SystemInit    system_mm32f0270.o
    0x08004a68   0x08004a68   0x00000002   Code   RO          140    .text.TIM2_IRQHandler  mm32f0270_it.o
    0x08004a6a   0x08004a6a   0x00000002   Code   RO          138    .text.TIM3_IRQHandler  mm32f0270_it.o
    0x08004a6c   0x08004a6c   0x00000012   Code   RO         1514    .text.TIM_ARRPreloadConfig  hal_tim.o
    0x08004a7e   0x08004a7e   0x00000010   Code   RO         1474    .text.TIM_Cmd       hal_tim.o
    0x08004a8e   0x08004a8e   0x00000014   Code   RO         1476    .text.TIM_CtrlPWMOutputs  hal_tim.o
    0x08004aa2   0x08004aa2   0x00000002   PAD
    0x08004aa4   0x08004aa4   0x00000068   Code   RO         1440    .text.TIM_OC1Init   hal_tim.o
    0x08004b0c   0x08004b0c   0x0000000c   Code   RO         1522    .text.TIM_OC1PreloadConfig  hal_tim.o
    0x08004b18   0x08004b18   0x00000058   Code   RO         1442    .text.TIM_OC2Init   hal_tim.o
    0x08004b70   0x08004b70   0x00000010   Code   RO         1524    .text.TIM_OC2PreloadConfig  hal_tim.o
    0x08004b80   0x08004b80   0x0000000e   Code   RO         1468    .text.TIM_OCStructInit  hal_tim.o
    0x08004b8e   0x08004b8e   0x00000012   Code   RO         1628    .text.TIM_PWMShiftConfig  hal_tim.o
    0x08004ba0   0x08004ba0   0x00000060   Code   RO         1438    .text.TIM_TimeBaseInit  hal_tim.o
    0x08004c00   0x08004c00   0x00000010   Code   RO         1466    .text.TIM_TimeBaseStructInit  hal_tim.o
    0x08004c10   0x08004c10   0x00000040   Code   RO          107    .text.UART1_IRQHandler  mm32_uart.o
    0x08004c50   0x08004c50   0x00000058   Code   RO          109    .text.UART2_IRQHandler  mm32_uart.o
    0x08004ca8   0x08004ca8   0x00000004   Code   RO         1668    .text.UART_ClearITPendingBit  hal_uart.o
    0x08004cac   0x08004cac   0x0000000c   Code   RO         1654    .text.UART_Cmd      hal_uart.o
    0x08004cb8   0x08004cb8   0x0000000a   Code   RO         1664    .text.UART_GetFlagStatus  hal_uart.o
    0x08004cc2   0x08004cc2   0x0000000a   Code   RO         1666    .text.UART_GetITStatus  hal_uart.o
    0x08004ccc   0x08004ccc   0x00000012   Code   RO         1656    .text.UART_ITConfig  hal_uart.o
    0x08004cde   0x08004cde   0x00000002   PAD
    0x08004ce0   0x08004ce0   0x00000074   Code   RO         1650    .text.UART_Init     hal_uart.o
    0x08004d54   0x08004d54   0x00000006   Code   RO         1662    .text.UART_ReceiveData  hal_uart.o
    0x08004d5a   0x08004d5a   0x00000006   Code   RO         1660    .text.UART_SendData  hal_uart.o
    0x08004d60   0x08004d60   0x00000018   Code   RO         1652    .text.UART_StructInit  hal_uart.o
    0x08004d78   0x08004d78   0x0000000c   Code   RO          463    .text.VL6180X_Clear_Interrupt  vl6180x.o
    0x08004d84   0x08004d84   0x00000148   Code   RO          455    .text.VL6180X_Init  vl6180x.o
    0x08004ecc   0x08004ecc   0x00000038   Code   RO          459    .text.VL6180X_Poll_Range  vl6180x.o
    0x08004f04   0x08004f04   0x0000000e   Code   RO          457    .text.VL6180X_Start_Range  vl6180x.o
    0x08004f12   0x08004f12   0x00000002   PAD
    0x08004f14   0x08004f14   0x00000074   Code   RO          467    .text.VL6180_ReadAndLog  vl6180x.o
    0x08004f88   0x08004f88   0x0000000a   Code   RO          461    .text.VL6180_Read_Range  vl6180x.o
    0x08004f92   0x08004f92   0x00000002   PAD
    0x08004f94   0x08004f94   0x00000030   Code   RO          341    .text.WT588F_GPIO_Init  onewire_bus.o
    0x08004fc4   0x08004fc4   0x00000050   Code   RO          353    .text.WT588F_Init   onewire_bus.o
    0x08005014   0x08005014   0x00000090   Code   RO          347    .text.WT588F_Send_Byte  onewire_bus.o
    0x080050a4   0x080050a4   0x0000000a   Code   RO          351    .text.WT588F_Stop_Voice  onewire_bus.o
    0x080050ae   0x080050ae   0x00000002   PAD
    0x080050b0   0x080050b0   0x0000001c   Code   RO          451    .text.WriteByte     vl6180x.o
    0x080050cc   0x080050cc   0x0000003c   Code   RO         2033    .text.__rt_ffs      kservice.o
    0x08005108   0x08005108   0x00000018   Code   RO         2017    .text._heap_lock    kservice.o
    0x08005120   0x08005120   0x00000018   Code   RO         2019    .text._heap_unlock  kservice.o
    0x08005138   0x08005138   0x0000000c   Code   RO         1882    .text._ipc_list_resume  ipc.o
    0x08005144   0x08005144   0x0000004c   Code   RO         1876    .text._ipc_list_suspend  ipc.o
    0x08005190   0x08005190   0x00000024   Code   RO         2122    .text._scheduler_get_highest_priority_thread  scheduler.o
    0x080051b4   0x080051b4   0x00000038   Code   RO         2180    .text._thread_exit  thread.o
    0x080051ec   0x080051ec   0x0000006c   Code   RO         2150    .text._thread_init  thread.o
    0x08005258   0x08005258   0x00000034   Code   RO         2182    .text._thread_timeout  thread.o
    0x0800528c   0x0800528c   0x00000022   Code   RO         2210    .text._timer_list_next_timeout  timer.o
    0x080052ae   0x080052ae   0x00000002   PAD
    0x080052b0   0x080052b0   0x00000044   Code   RO         2218    .text._timer_thread_entry  timer.o
    0x080052f4   0x080052f4   0x0000004c   Code   RO            2    .text.app           app.o
    0x08005340   0x08005340   0x00000008   Code   RO         2484    .text.button_attach  multi_button.o
    0x08005348   0x08005348   0x00000028   Code   RO         2482    .text.button_init   multi_button.o
    0x08005370   0x08005370   0x00000024   Code   RO         2488    .text.button_start  multi_button.o
    0x08005394   0x08005394   0x000001f4   Code   RO         2492    .text.button_ticks  multi_button.o
    0x08005588   0x08005588   0x00000014   Code   RO         2281    .text.clear         cmd.o
    0x0800559c   0x0800559c   0x00000064   Code   RO         2267    .text.cmd_free      board.o
    0x08005600   0x08005600   0x0000016c   Code   RO         2307    .text.cmd_list      cmd.o
    0x0800576c   0x0800576c   0x00000034   Code   RO          153    .text.console_init  platform.o
    0x080057a0   0x080057a0   0x00000008   Code   RO           55    .text.default_delay_us  mm32_soft_i2c_v1.o
    0x080057a8   0x080057a8   0x000001dc   Code   RO          215    .text.display_test  gn1650.o
    0x08005984   0x08005984   0x00000110   Code   RO         2426    .text.do_output     ulog.o
    0x08005a94   0x08005a94   0x00000058   Code   RO         2372    .text.finsh_get_prompt  shell.o
    0x08005aec   0x08005aec   0x00000008   Code   RO         2378    .text.finsh_getchar  shell.o
    0x08005af4   0x08005af4   0x000000a0   Code   RO         2390    .text.finsh_system_init  shell.o
    0x08005b94   0x08005b94   0x000003d0   Code   RO         2384    .text.finsh_thread_entry  shell.o
    0x08005f64   0x08005f64   0x000000f0   Code   RO          365    .text.full_bridge_init  pwm.o
    0x08006054   0x08006054   0x00000010   Code   RO          367    .text.full_bridge_init_app  pwm.o
    0x08006064   0x08006064   0x00000024   Code   RO         2420    .text.get_log_buf   ulog.o
    0x08006088   0x08006088   0x0000005c   Code   RO          217    .text.gn1650_demo   gn1650.o
    0x080060e4   0x080060e4   0x00000060   Code   RO           42    .text.gpio_config   mm32_gpio.o
    0x08006144   0x08006144   0x00000008   Code   RO           87    .text.gpio_get      mm32_soft_i2c_v1.o
    0x0800614c   0x0800614c   0x00000064   Code   RO          303    .text.gpio_init     key.o
    0x080061b0   0x080061b0   0x00000022   Code   RO           44    .text.gpio_toggle   mm32_gpio.o
    0x080061d2   0x080061d2   0x0000000a   Code   RO          232    .text.hx711_delay_us  hx711.o
    0x080061dc   0x080061dc   0x00000064   Code   RO          238    .text.hx711_init    hx711.o
    0x08006240   0x08006240   0x00000018   Code   RO          234    .text.hx711_lock    hx711.o
    0x08006258   0x08006258   0x0000001c   Code   RO          254    .text.hx711_power_down  hx711.o
    0x08006274   0x08006274   0x00000042   Code   RO          244    .text.hx711_tare    hx711.o
    0x080062b6   0x080062b6   0x00000002   PAD
    0x080062b8   0x080062b8   0x00000190   Code   RO          258    .text.hx711_test_entry  hx711.o
    0x08006448   0x08006448   0x00000084   Code   RO          240    .text.hx711_value   hx711.o
    0x080064cc   0x080064cc   0x00000040   Code   RO          242    .text.hx711_value_ave  hx711.o
    0x0800650c   0x0800650c   0x000000f8   Code   RO           79    .text.i2c_bus_init  mm32_soft_i2c_v1.o
    0x08006604   0x08006604   0x00000058   Code   RO           91    .text.i2c_clock_cycle  mm32_soft_i2c_v1.o
    0x0800665c   0x0800665c   0x0000001a   Code   RO           77    .text.i2c_delay_us  mm32_soft_i2c_v1.o
    0x08006676   0x08006676   0x00000034   Code   RO           65    .text.i2c_read_byte  mm32_soft_i2c_v1.o
    0x080066aa   0x080066aa   0x00000002   PAD
    0x080066ac   0x080066ac   0x00000050   Code   RO           71    .text.i2c_read_bytes  mm32_soft_i2c_v1.o
    0x080066fc   0x080066fc   0x00000044   Code   RO           67    .text.i2c_read_reg16  mm32_soft_i2c_v1.o
    0x08006740   0x08006740   0x0000000c   Code   RO           85    .text.i2c_read_sda  mm32_soft_i2c_v1.o
    0x0800674c   0x0800674c   0x00000018   Code   RO           83    .text.i2c_scl       mm32_soft_i2c_v1.o
    0x08006764   0x08006764   0x00000018   Code   RO           81    .text.i2c_sda       mm32_soft_i2c_v1.o
    0x0800677c   0x0800677c   0x0000003a   Code   RO           59    .text.i2c_start     mm32_soft_i2c_v1.o
    0x080067b6   0x080067b6   0x00000002   PAD
    0x080067b8   0x080067b8   0x00000038   Code   RO           61    .text.i2c_stop      mm32_soft_i2c_v1.o
    0x080067f0   0x080067f0   0x0000002e   Code   RO           75    .text.i2c_write_byte_ack  mm32_soft_i2c_v1.o
    0x0800681e   0x0800681e   0x00000036   Code   RO           69    .text.i2c_write_bytes  mm32_soft_i2c_v1.o
    0x08006854   0x08006854   0x00000030   Code   RO           57    .text.i2c_write_reg  mm32_soft_i2c_v1.o
    0x08006884   0x08006884   0x0000000a   Code   RO           14    .text.init_hardware  main.o
    0x0800688e   0x0800688e   0x00000002   PAD
    0x08006890   0x08006890   0x00000138   Code   RO         2297    .text.list_event    cmd.o
    0x080069c8   0x080069c8   0x00000064   Code   RO         2289    .text.list_get_next  cmd.o
    0x08006a2c   0x08006a2c   0x00000158   Code   RO         2303    .text.list_mempool  cmd.o
    0x08006b84   0x08006b84   0x0000012c   Code   RO         2301    .text.list_msgqueue  cmd.o
    0x08006cb0   0x08006cb0   0x0000010c   Code   RO         2299    .text.list_mutex    cmd.o
    0x08006dbc   0x08006dbc   0x0000012c   Code   RO         2291    .text.list_sem      cmd.o
    0x08006ee8   0x08006ee8   0x00000188   Code   RO         2285    .text.list_thread   cmd.o
    0x08007070   0x08007070   0x00000164   Code   RO         2305    .text.list_timer    cmd.o
    0x080071d4   0x080071d4   0x00000016   Code   RO           12    .text.main          main.o
    0x080071ea   0x080071ea   0x0000000c   Code   RO         1825    .text.main_thread_entry  components.o
    0x080071f6   0x080071f6   0x00000002   PAD
    0x080071f8   0x080071f8   0x0000009c   Code   RO         2342    .text.msh_auto_complete  msh.o
    0x08007294   0x08007294   0x000001b4   Code   RO         2340    .text.msh_exec      msh.o
    0x08007448   0x08007448   0x00000058   Code   RO         2338    .text.msh_help      msh.o
    0x080074a0   0x080074a0   0x0000001c   Code   RO         2287    .text.object_split  cmd.o
    0x080074bc   0x080074bc   0x00000018   Code   RO         2422    .text.output_lock   ulog.o
    0x080074d4   0x080074d4   0x00000018   Code   RO         2424    .text.output_unlock  ulog.o
    0x080074ec   0x080074ec   0x00000008   Code   RO          159    .text.platform_init  platform.o
    0x080074f4   0x080074f4   0x00000054   Code   RO         2058    .text.plug_holes    mem.o
    0x08007548   0x08007548   0x00000194   Code   RO         2003    .text.print_number  kservice.o
    0x080076dc   0x080076dc   0x00000198   Code   RO          369    .text.pwm_frequency_test  pwm.o
    0x08007874   0x08007874   0x00000148   Code   RO          420    .text.read_accelerometer_data  sc7a20.o
    0x080079bc   0x080079bc   0x00000048   Code   RO          305    .text.read_button_GPIO  key.o
    0x08007a04   0x08007a04   0x0000002c   Code   RO         1827    .text.rt_application_init  components.o
    0x08007a30   0x08007a30   0x00000020   Code   RO         2023    .text.rt_calloc     kservice.o
    0x08007a50   0x08007a50   0x00000018   Code   RO         1817    .text.rt_components_board_init  components.o
    0x08007a68   0x08007a68   0x0000001c   Code   RO         1819    .text.rt_components_init  components.o
    0x08007a84   0x08007a84   0x00000014   Code   RO         2130    .text.rt_enter_critical  scheduler.o
    0x08007a98   0x08007a98   0x00000034   Code   RO         2132    .text.rt_exit_critical  scheduler.o
    0x08007acc   0x08007acc   0x00000018   Code   RO         2025    .text.rt_free       kservice.o
    0x08007ae4   0x08007ae4   0x00000004   Code   RO         2253    .text.rt_heap_begin_get  board.o
    0x08007ae8   0x08007ae8   0x00000010   Code   RO         2255    .text.rt_heap_end_get  board.o
    0x08007af8   0x08007af8   0x0000001a   Code   RO         2259    .text.rt_hw_board_init  board.o
    0x08007b12   0x08007b12   0x00000002   PAD
    0x08007b14   0x08007b14   0x00000024   Code   RO         2265    .text.rt_hw_console_getchar  board.o
    0x08007b38   0x08007b38   0x00000044   Code   RO         2263    .text.rt_hw_console_output  board.o
    0x08007b7c   0x08007b7c   0x000000e4   Code   RO         2238    .text.rt_hw_hard_fault_exception  cpuport.o
    0x08007c60   0x08007c60   0x0000004c   Code   RO         2236    .text.rt_hw_stack_init  cpuport.o
    0x08007cac   0x08007cac   0x00000020   Code   RO          161    .text.rt_hw_us_delay  platform.o
    0x08007ccc   0x08007ccc   0x00000014   Code   RO         1942    .text.rt_interrupt_enter  irq.o
    0x08007ce0   0x08007ce0   0x00000014   Code   RO         1946    .text.rt_interrupt_get_nest  irq.o
    0x08007cf4   0x08007cf4   0x00000018   Code   RO         1944    .text.rt_interrupt_leave  irq.o
    0x08007d0c   0x08007d0c   0x0000003c   Code   RO         1997    .text.rt_kprintf    kservice.o
    0x08007d48   0x08007d48   0x0000000c   Code   RO         2013    .text.rt_kputs      kservice.o
    0x08007d54   0x08007d54   0x00000012   Code   RO         2293    .text.rt_list_len   cmd.o
    0x08007d66   0x08007d66   0x00000002   PAD
    0x08007d68   0x08007d68   0x0000001c   Code   RO         1993    .text.rt_malloc     kservice.o
    0x08007d84   0x08007d84   0x00000056   Code   RO         1969    .text.rt_memcpy     kservice.o
    0x08007dda   0x08007dda   0x00000030   Code   RO         1971    .text.rt_memmove    kservice.o
    0x08007e0a   0x08007e0a   0x00000002   PAD
    0x08007e0c   0x08007e0c   0x0000003c   Code   RO         2027    .text.rt_memory_info  kservice.o
    0x08007e48   0x08007e48   0x00000044   Code   RO         1967    .text.rt_memset     kservice.o
    0x08007e8c   0x08007e8c   0x00000028   Code   RO         1886    .text.rt_mutex_init  ipc.o
    0x08007eb4   0x08007eb4   0x000000a8   Code   RO         1898    .text.rt_mutex_release  ipc.o
    0x08007f5c   0x08007f5c   0x000000b8   Code   RO         1894    .text.rt_mutex_take  ipc.o
    0x08008014   0x08008014   0x00000050   Code   RO         2099    .text.rt_object_allocate  object.o
    0x08008064   0x08008064   0x0000002a   Code   RO         2101    .text.rt_object_delete  object.o
    0x0800808e   0x0800808e   0x00000024   Code   RO         2097    .text.rt_object_detach  object.o
    0x080080b2   0x080080b2   0x00000002   PAD
    0x080080b4   0x080080b4   0x00000028   Code   RO         2089    .text.rt_object_get_information  object.o
    0x080080dc   0x080080dc   0x0000004a   Code   RO         2095    .text.rt_object_init  object.o
    0x08008126   0x08008126   0x00000006   Code   RO         2103    .text.rt_object_is_systemobject  object.o
    0x0800812c   0x0800812c   0x00000010   Code   RO         2257    .text.rt_os_tick_callback  board.o
    0x0800813c   0x0800813c   0x000000c8   Code   RO         2126    .text.rt_schedule   scheduler.o
    0x08008204   0x08008204   0x00000060   Code   RO         2128    .text.rt_schedule_insert_thread  scheduler.o
    0x08008264   0x08008264   0x00000044   Code   RO         2124    .text.rt_schedule_remove_thread  scheduler.o
    0x080082a8   0x080082a8   0x00000020   Code   RO         1864    .text.rt_sem_init   ipc.o
    0x080082c8   0x080082c8   0x000000b8   Code   RO         1995    .text.rt_show_version  kservice.o
    0x08008380   0x08008380   0x000000b8   Code   RO         2052    .text.rt_smem_alloc  mem.o
    0x08008438   0x08008438   0x00000032   Code   RO         2056    .text.rt_smem_free  mem.o
    0x0800846a   0x0800846a   0x00000002   PAD
    0x0800846c   0x0800846c   0x000000bc   Code   RO         2048    .text.rt_smem_init  mem.o
    0x08008528   0x08008528   0x00000016   Code   RO         2005    .text.rt_snprintf   kservice.o
    0x0800853e   0x0800853e   0x00000002   PAD
    0x08008540   0x08008540   0x000000a4   Code   RO         2212    .text.rt_soft_timer_check  timer.o
    0x080085e4   0x080085e4   0x00000018   Code   RO         2009    .text.rt_sprintf    kservice.o
    0x080085fc   0x080085fc   0x0000004c   Code   RO         1959    .text.rt_strerror   kservice.o
    0x08008648   0x08008648   0x0000000e   Code   RO         1977    .text.rt_strlen     kservice.o
    0x08008656   0x08008656   0x0000002a   Code   RO         1981    .text.rt_strncpy    kservice.o
    0x08008680   0x08008680   0x00000034   Code   RO         2015    .text.rt_system_heap_init  kservice.o
    0x080086b4   0x080086b4   0x00000020   Code   RO         2118    .text.rt_system_scheduler_init  scheduler.o
    0x080086d4   0x080086d4   0x00000028   Code   RO         2120    .text.rt_system_scheduler_start  scheduler.o
    0x080086fc   0x080086fc   0x0000000c   Code   RO         2214    .text.rt_system_timer_init  timer.o
    0x08008708   0x08008708   0x0000004c   Code   RO         2216    .text.rt_system_timer_thread_init  timer.o
    0x08008754   0x08008754   0x00000078   Code   RO         2176    .text.rt_thread_control  thread.o
    0x080087cc   0x080087cc   0x0000004a   Code   RO         2160    .text.rt_thread_create  thread.o
    0x08008816   0x08008816   0x00000002   PAD
    0x08008818   0x08008818   0x0000002c   Code   RO         1845    .text.rt_thread_defunct_dequeue  idle.o
    0x08008844   0x08008844   0x00000018   Code   RO         1843    .text.rt_thread_defunct_enqueue  idle.o
    0x0800885c   0x0800885c   0x00000008   Code   RO         2170    .text.rt_thread_delay  thread.o
    0x08008864   0x08008864   0x0000003e   Code   RO         2162    .text.rt_thread_delete  thread.o
    0x080088a2   0x080088a2   0x0000003e   Code   RO         2158    .text.rt_thread_detach  thread.o
    0x080088e0   0x080088e0   0x00000036   Code   RO         1849    .text.rt_thread_idle_entry  idle.o
    0x08008916   0x08008916   0x00000002   PAD
    0x08008918   0x08008918   0x00000050   Code   RO         1847    .text.rt_thread_idle_init  idle.o
    0x08008968   0x08008968   0x0000002e   Code   RO         2148    .text.rt_thread_init  thread.o
    0x08008996   0x08008996   0x0000000c   Code   RO         2174    .text.rt_thread_mdelay  thread.o
    0x080089a2   0x080089a2   0x00000046   Code   RO         2156    .text.rt_thread_resume  thread.o
    0x080089e8   0x080089e8   0x00000008   Code   RO         2152    .text.rt_thread_self  thread.o
    0x080089f0   0x080089f0   0x00000044   Code   RO         2166    .text.rt_thread_sleep  thread.o
    0x08008a34   0x08008a34   0x0000002c   Code   RO         2154    .text.rt_thread_startup  thread.o
    0x08008a60   0x08008a60   0x00000042   Code   RO         2168    .text.rt_thread_suspend  thread.o
    0x08008aa2   0x08008aa2   0x00000002   PAD
    0x08008aa4   0x08008aa4   0x00000034   Code   RO         1796    .text.rt_tick_from_millisecond  clock.o
    0x08008ad8   0x08008ad8   0x00000008   Code   RO         1790    .text.rt_tick_get   clock.o
    0x08008ae0   0x08008ae0   0x00000048   Code   RO         1794    .text.rt_tick_increase  clock.o
    0x08008b28   0x08008b28   0x00000098   Code   RO         2206    .text.rt_timer_check  timer.o
    0x08008bc0   0x08008bc0   0x00000054   Code   RO         2204    .text.rt_timer_control  timer.o
    0x08008c14   0x08008c14   0x00000030   Code   RO         2194    .text.rt_timer_detach  timer.o
    0x08008c44   0x08008c44   0x0000002e   Code   RO         2192    .text.rt_timer_init  timer.o
    0x08008c72   0x08008c72   0x00000002   PAD
    0x08008c74   0x08008c74   0x000000d8   Code   RO         2200    .text.rt_timer_start  timer.o
    0x08008d4c   0x08008d4c   0x00000036   Code   RO         2202    .text.rt_timer_stop  timer.o
    0x08008d82   0x08008d82   0x00000002   PAD
    0x08008d84   0x08008d84   0x00000020   Code   RO          339    .text.rt_voice_us_delay  onewire_bus.o
    0x08008da4   0x08008da4   0x000002c4   Code   RO         1999    .text.rt_vsnprintf  kservice.o
    0x08009068   0x08009068   0x00000010   Code   RO         2007    .text.rt_vsprintf   kservice.o
    0x08009078   0x08009078   0x00000004   Code   RO         1813    .text.rti_board_end  components.o
    0x0800907c   0x0800907c   0x00000004   Code   RO         1811    .text.rti_board_start  components.o
    0x08009080   0x08009080   0x00000004   Code   RO         1815    .text.rti_end       components.o
    0x08009084   0x08009084   0x00000004   Code   RO         1809    .text.rti_start     components.o
    0x08009088   0x08009088   0x0000002a   Code   RO         1823    .text.rtthread_startup  components.o
    0x080090b2   0x080090b2   0x00000002   PAD
    0x080090b4   0x080090b4   0x00000100   Code   RO          371    .text.set_pwm_duty  pwm.o
    0x080091b4   0x080091b4   0x00000030   Code   RO         2386    .text.shell_handle_history  shell.o
    0x080091e4   0x080091e4   0x00000038   Code   RO         2295    .text.show_wait_queue  cmd.o
    0x0800921c   0x0800921c   0x00000024   Code   RO         2001    .text.skip_atoi     kservice.o
    0x08009240   0x08009240   0x00000050   Code   RO          149    .text.systick_init  platform.o
    0x08009290   0x08009290   0x000000e4   Code   RO          319    .text.thread_key_task_entry  key.o
    0x08009374   0x08009374   0x0000012c   Code   RO          103    .text.uart_config   mm32_uart.o
    0x080094a0   0x080094a0   0x0000000e   Code   RO         2261    .text.uart_init     board.o
    0x080094ae   0x080094ae   0x00000002   PAD
    0x080094b0   0x080094b0   0x00000044   Code   RO         2434    .text.ulog_backend_register  ulog.o
    0x080094f4   0x080094f4   0x00000028   Code   RO         2466    .text.ulog_console_backend_init  console_be.o
    0x0800951c   0x0800951c   0x0000000a   Code   RO         2464    .text.ulog_console_backend_output  console_be.o
    0x08009526   0x08009526   0x00000002   PAD
    0x08009528   0x08009528   0x00000044   Code   RO         2414    .text.ulog_formater  ulog.o
    0x0800956c   0x0800956c   0x00000070   Code   RO         2410    .text.ulog_head_formater  ulog.o
    0x080095dc   0x080095dc   0x0000010c   Code   RO         2416    .text.ulog_hex_formater  ulog.o
    0x080096e8   0x080096e8   0x00000030   Code   RO         2444    .text.ulog_init     ulog.o
    0x08009718   0x08009718   0x0000001e   Code   RO         2428    .text.ulog_output   ulog.o
    0x08009736   0x08009736   0x0000001a   Code   RO         2404    .text.ulog_strcpy   ulog.o
    0x08009750   0x08009750   0x00000058   Code   RO         2412    .text.ulog_tail_formater  ulog.o
    0x080097a8   0x080097a8   0x00000088   Code   RO         2468    .text.ulog_test     console_be.o
    0x08009830   0x08009830   0x000000a4   Code   RO         2418    .text.ulog_voutput  ulog.o
    0x080098d4   0x080098d4   0x0000000a   Code   RO         2283    .text.version       cmd.o
    0x080098de   0x080098de   0x00000030   Code   RO         2840    i.__ARM_common_ll_muluu  c_p.l(btod.o)
    0x0800990e   0x0800990e   0x00000002   PAD
    0x08009910   0x08009910   0x0000002c   Code   RO         2776    i.__ARM_fpclassify  m_ps.l(fpclassify.o)
    0x0800993c   0x0800993c   0x000000ac   Code   RO         2794    i.__kernel_poly     m_ps.l(poly.o)
    0x080099e8   0x080099e8   0x0000000a   Code   RO         2763    i.__mathlib_dbl_infnan  m_ps.l(dunder.o)
    0x080099f2   0x080099f2   0x00000002   PAD
    0x080099f4   0x080099f4   0x00000014   Code   RO         2766    i.__mathlib_dbl_overflow  m_ps.l(dunder.o)
    0x08009a08   0x08009a08   0x00000014   Code   RO         2768    i.__mathlib_dbl_underflow  m_ps.l(dunder.o)
    0x08009a1c   0x08009a1c   0x00000010   Code   RO         3106    i.__mathlib_narrow  m_ps.l(narrow.o)
    0x08009a2c   0x08009a2c   0x000000c8   Code   RO         3107    i.__mathlib_tofloat  m_ps.l(narrow.o)
    0x08009af4   0x08009af4   0x00000014   Code   RO         3185    i.__support_ldexp   m_ps.l(ldexp.o)
    0x08009b08   0x08009b08   0x0000000e   Code   RO         2530    i._is_digit         c_p.l(__printf_wp.o)
    0x08009b16   0x08009b16   0x00000002   PAD
    0x08009b18   0x08009b18   0x0000021c   Code   RO         2620    i.atan              m_ps.l(atan.o)
    0x08009d34   0x08009d34   0x0000002c   Code   RO         2629    i.atof              m_ps.l(atof.o)
    0x08009d60   0x08009d60   0x00000058   Code   RO         3166    i.frexp             m_ps.l(frexp.o)
    0x08009db8   0x08009db8   0x00000070   Code   RO         3186    i.ldexp             m_ps.l(ldexp.o)
    0x08009e28   0x08009e28   0x00000048   Code   RO         2633    i.sqrt              m_ps.l(sqrt.o)
    0x08009e70   0x08009e70   0x0000002c   Code   RO         2743    locale$$code        c_p.l(lc_ctype_c.o)
    0x08009e9c   0x08009e9c   0x0000002c   Code   RO         2855    locale$$code        c_p.l(lc_numeric_c.o)
    0x08009ec8   0x08009ec8   0x00000064   Code   RO         3161    x$fpl$deqf          fz_ps.l(deqf.o)
    0x08009f2c   0x08009f2c   0x00000068   Code   RO         3163    x$fpl$drleqf        fz_ps.l(drlef.o)
    0x08009f94   0x08009f94   0x000000b0   Code   RO         2615    x$fpl$fmul          fz_ps.l(fmul.o)
    0x0800a044   0x0800a044   0x00000010   Code   RO         2617    x$fpl$printf1       fz_ps.l(printf1.o)
    0x0800a054   0x0800a054   0x00000010   Code   RO         2755    x$fpl$printf2       fz_ps.l(printf2.o)
    0x0800a064   0x0800a064   0x00000010   Code   RO         2912    x$fpl$scanf1        fz_ps.l(scanf1.o)
    0x0800a074   0x0800a074   0x00000020   Code   RO         3100    x$fpl$scanf2        fz_ps.l(scanf2.o)
    0x0800a094   0x0800a094   0x00000000   Code   RO         2761    x$fpl$usenofp       fz_ps.l(usenofp.o)
    0x0800a094   0x0800a094   0x00000011   Data   RO         2538    .constdata          c_p.l(__printf_flags_ss_wp.o)
    0x0800a0a5   0x0800a0a5   0x00000080   Data   RO         2576    .constdata          fz_ps.l(ddiv.o)
    0x0800a125   0x0800a125   0x00000003   PAD
    0x0800a128   0x0800a128   0x00000098   Data   RO         2621    .constdata          m_ps.l(atan.o)
    0x0800a1c0   0x0800a1c0   0x00000008   Data   RO         2680    .constdata          c_p.l(_printf_wctomb.o)
    0x0800a1c8   0x0800a1c8   0x00000028   Data   RO         2709    .constdata          c_p.l(_printf_hex_int_ll_ptr.o)
    0x0800a1f0   0x0800a1f0   0x00000026   Data   RO         2823    .constdata          c_p.l(_printf_fp_hex.o)
    0x0800a216   0x0800a216   0x00000002   PAD
    0x0800a218   0x0800a218   0x00000094   Data   RO         2836    .constdata          c_p.l(bigflt0.o)
    0x0800a2ac   0x0800a2ac   0x0000000c   Data   RO          293    .rodata.__fsym_INA226_Test_name  ina226.o
    0x0800a2b8   0x0800a2b8   0x00000012   Data   RO          474    .rodata.__fsym_VL6180_ReadAndLog_name  vl6180x.o
    0x0800a2ca   0x0800a2ca   0x0000000c   Data   RO          355    .rodata.__fsym_WT588F_Init_name  onewire_bus.o
    0x0800a2d6   0x0800a2d6   0x00000006   Data   RO         2309    .rodata.__fsym_clear_name  cmd.o
    0x0800a2dc   0x0800a2dc   0x00000009   Data   RO         2271    .rodata.__fsym_cmd_free_name  board.o
    0x0800a2e5   0x0800a2e5   0x0000000d   Data   RO          222    .rodata.__fsym_display_test_name  gn1650.o
    0x0800a2f2   0x0800a2f2   0x00000005   Data   RO         2345    .rodata.__fsym_help_name  msh.o
    0x0800a2f7   0x0800a2f7   0x00000011   Data   RO          260    .rodata.__fsym_hx711_test_entry_name  hx711.o
    0x0800a308   0x0800a308   0x0000000b   Data   RO         2318    .rodata.__fsym_list_event_name  cmd.o
    0x0800a313   0x0800a313   0x0000000d   Data   RO         2324    .rodata.__fsym_list_mempool_name  cmd.o
    0x0800a320   0x0800a320   0x0000000e   Data   RO         2322    .rodata.__fsym_list_msgqueue_name  cmd.o
    0x0800a32e   0x0800a32e   0x0000000b   Data   RO         2320    .rodata.__fsym_list_mutex_name  cmd.o
    0x0800a339   0x0800a339   0x00000005   Data   RO         2328    .rodata.__fsym_list_name  cmd.o
    0x0800a33e   0x0800a33e   0x00000009   Data   RO         2316    .rodata.__fsym_list_sem_name  cmd.o
    0x0800a347   0x0800a347   0x0000000c   Data   RO         2314    .rodata.__fsym_list_thread_name  cmd.o
    0x0800a353   0x0800a353   0x0000000b   Data   RO         2326    .rodata.__fsym_list_timer_name  cmd.o
    0x0800a35e   0x0800a35e   0x00000013   Data   RO          376    .rodata.__fsym_pwm_frequency_test_name  pwm.o
    0x0800a371   0x0800a371   0x00000018   Data   RO          437    .rodata.__fsym_read_accelerometer_data_name  sc7a20.o
    0x0800a389   0x0800a389   0x0000000d   Data   RO          378    .rodata.__fsym_set_pwm_duty_name  pwm.o
    0x0800a396   0x0800a396   0x0000000a   Data   RO         2472    .rodata.__fsym_ulog_test_name  console_be.o
    0x0800a3a0   0x0800a3a0   0x00000008   Data   RO         2311    .rodata.__fsym_version_name  cmd.o
    0x0800a3a8   0x0800a3a8   0x00000100   Data   RO         2038    .rodata.__lowest_bit_bitmap  kservice.o
    0x0800a4a8   0x0800a4a8   0x00000020   Data   RO         2450    .rodata.color_output_info  ulog.o
    0x0800a4c8   0x0800a4c8   0x0000000a   Data   RO          219    .rodata.seg_codes_digits  gn1650.o
    0x0800a4d2   0x0800a4d2   0x00000006   Data   RO          220    .rodata.seg_codes_letters  gn1650.o
    0x0800a4d8   0x0800a4d8   0x00000023   Data   RO           93    .rodata.str1.1      mm32_soft_i2c_v1.o
    0x0800a4fb   0x0800a4fb   0x000000db   Data   RO          221    .rodata.str1.1      gn1650.o
    0x0800a5d6   0x0800a5d6   0x0000007b   Data   RO          262    .rodata.str1.1      hx711.o
    0x0800a651   0x0800a651   0x00000096   Data   RO          324    .rodata.str1.1      key.o
    0x0800a6e7   0x0800a6e7   0x00000039   Data   RO          374    .rodata.str1.1      pwm.o
    0x0800a720   0x0800a720   0x00000038   Data   RO          436    .rodata.str1.1      sc7a20.o
    0x0800a758   0x0800a758   0x0000005e   Data   RO         2036    .rodata.str1.1      kservice.o
    0x0800a7b6   0x0800a7b6   0x0000015e   Data   RO         2313    .rodata.str1.1      cmd.o
    0x0800a914   0x0800a914   0x00000004   Data   RO         2344    .rodata.str1.1      msh.o
    0x0800a918   0x0800a918   0x0000000a   Data   RO         2393    .rodata.str1.1      shell.o
    0x0800a922   0x0800a922   0x00000064   Data   RO         2451    .rodata.str1.1      ulog.o
    0x0800a986   0x0800a986   0x00000004   Data   RO         2474    .rodata.str1.1      console_be.o
    0x0800a98a   0x0800a98a   0x00000002   PAD
    0x0800a98c   0x0800a98c   0x00000004   Data   RO         1829    .rti_fn.0           components.o
    0x0800a990   0x0800a990   0x00000004   Data   RO         1830    .rti_fn.0.end       components.o
    0x0800a994   0x0800a994   0x00000004   Data   RO           16    .rti_fn.1           main.o
    0x0800a998   0x0800a998   0x00000004   Data   RO         2270    .rti_fn.1           board.o
    0x0800a99c   0x0800a99c   0x00000004   Data   RO         2454    .rti_fn.1           ulog.o
    0x0800a9a0   0x0800a9a0   0x00000004   Data   RO         1831    .rti_fn.1.end       components.o
    0x0800a9a4   0x0800a9a4   0x00000004   Data   RO          321    .rti_fn.6           key.o
    0x0800a9a8   0x0800a9a8   0x00000004   Data   RO          373    .rti_fn.6           pwm.o
    0x0800a9ac   0x0800a9ac   0x00000004   Data   RO         2394    .rti_fn.6           shell.o
    0x0800a9b0   0x0800a9b0   0x00000004   Data   RO         2471    .rti_fn.6           console_be.o
    0x0800a9b4   0x0800a9b4   0x00000004   Data   RO         1832    .rti_fn.6.end       components.o
    0x0800a9b8   0x0800a9b8   0x00000008   Data   RO          223    FSymTab             gn1650.o
    0x0800a9c0   0x0800a9c0   0x00000008   Data   RO          261    FSymTab             hx711.o
    0x0800a9c8   0x0800a9c8   0x00000008   Data   RO          294    FSymTab             ina226.o
    0x0800a9d0   0x0800a9d0   0x00000008   Data   RO          356    FSymTab             onewire_bus.o
    0x0800a9d8   0x0800a9d8   0x00000008   Data   RO          377    FSymTab             pwm.o
    0x0800a9e0   0x0800a9e0   0x00000008   Data   RO          379    FSymTab             pwm.o
    0x0800a9e8   0x0800a9e8   0x00000008   Data   RO          438    FSymTab             sc7a20.o
    0x0800a9f0   0x0800a9f0   0x00000008   Data   RO          475    FSymTab             vl6180x.o
    0x0800a9f8   0x0800a9f8   0x00000008   Data   RO         2272    FSymTab             board.o
    0x0800aa00   0x0800aa00   0x00000008   Data   RO         2310    FSymTab             cmd.o
    0x0800aa08   0x0800aa08   0x00000008   Data   RO         2312    FSymTab             cmd.o
    0x0800aa10   0x0800aa10   0x00000008   Data   RO         2315    FSymTab             cmd.o
    0x0800aa18   0x0800aa18   0x00000008   Data   RO         2317    FSymTab             cmd.o
    0x0800aa20   0x0800aa20   0x00000008   Data   RO         2319    FSymTab             cmd.o
    0x0800aa28   0x0800aa28   0x00000008   Data   RO         2321    FSymTab             cmd.o
    0x0800aa30   0x0800aa30   0x00000008   Data   RO         2323    FSymTab             cmd.o
    0x0800aa38   0x0800aa38   0x00000008   Data   RO         2325    FSymTab             cmd.o
    0x0800aa40   0x0800aa40   0x00000008   Data   RO         2327    FSymTab             cmd.o
    0x0800aa48   0x0800aa48   0x00000008   Data   RO         2329    FSymTab             cmd.o
    0x0800aa50   0x0800aa50   0x00000008   Data   RO         2346    FSymTab             msh.o
    0x0800aa58   0x0800aa58   0x00000008   Data   RO         2473    FSymTab             console_be.o
    0x0800aa60   0x0800aa60   0x00000020   Data   RO         3209    Region$$Table       anon$$obj.o
    0x0800aa80   0x0800aa80   0x00000008   Data   RO         3094    c$$dinf             fz_ps.l(fpconst.o)
    0x0800aa88   0x0800aa88   0x00000008   Data   RO         3097    c$$dmax             fz_ps.l(fpconst.o)
    0x0800aa90   0x0800aa90   0x00000110   Data   RO         2742    locale$$data        c_p.l(lc_ctype_c.o)
    0x0800aba0   0x0800aba0   0x0000001c   Data   RO         2854    locale$$data        c_p.l(lc_numeric_c.o)


    Execution Region RW_IRAM1 (Exec base: 0x20000000, Load base: 0x0800abc0, Size: 0x00002ab0, Max: 0x00004000, ABSOLUTE, COMPRESSED[0x00000090])

    Exec Addr    Load Addr    Size         Type   Attr      Idx    E Section Name        Object

    0x20000000   COMPRESSED   0x00000004   Data   RW         1771    .data.SystemCoreClock  system_mm32f0270.o
    0x20000004   COMPRESSED   0x00000080   Data   RW         2109    .data._object_container  object.o
    0x20000084   COMPRESSED   0x00000008   Data   RW         1853    .data._rt_thread_defunct  idle.o
    0x2000008c   COMPRESSED   0x00000002   Data   RW          322    .data.freq          key.o
    0x2000008e   COMPRESSED   0x00000002   PAD
    0x20000090   COMPRESSED   0x00000020   Data   RW          432    .data.i2c2          sc7a20.o
    0x200000b0   COMPRESSED   0x00000020   Data   RW          471    .data.i2c3          vl6180x.o
    0x200000d0   COMPRESSED   0x00000010   Data   RW         1329    .data.tbPresc       hal_rcc.o
    0x200000e0   COMPRESSED   0x00000030   Data   RW          113    .data.uart1         mm32_uart.o
    0x20000110   COMPRESSED   0x00000030   Data   RW          114    .data.uart2         mm32_uart.o
    0x20000140        -       0x00000060   Zero   RW         2797    .bss                c_p.l(libspace.o)
    0x200001a0        -       0x00000058   Zero   RW          328    .bss..L_MergedGlobals  key.o
    0x200001f8        -       0x00000028   Zero   RW         2039    .bss..L_MergedGlobals  kservice.o
    0x20000220        -       0x0000000c   Zero   RW         2137    .bss..L_MergedGlobals  scheduler.o
    0x2000022c        -       0x00000018   Zero   RW         2222    .bss..L_MergedGlobals  timer.o
    0x20000244        -       0x00000010   Zero   RW         2395    .bss..L_MergedGlobals  shell.o
    0x20000254        -       0x00000008   Zero   RW         2455    .bss..L_MergedGlobals  ulog.o
    0x2000025c        -       0x00000004   Zero   RW          163    .bss.PLATFORM_DelayTick  platform.o
    0x20000260        -       0x00000014   Zero   RW          375    .bss.RCC_Clocks     pwm.o
    0x20000274        -       0x00000080   Zero   RW         2220    .bss._timer_thread  timer.o
    0x200002f4        -       0x00000200   Zero   RW         2221    .bss._timer_thread_stack  timer.o
    0x200004f4        -       0x00000004   Zero   RW            4    .bss.app.tid_key_task  app.o
    0x200004f8        -       0x00000028   Zero   RW         2470    .bss.console        console_be.o
    0x20000520        -       0x00000201   Zero   RW         2392    .bss.finsh_get_prompt.finsh_prompt  shell.o
    0x20000721   COMPRESSED   0x00000003   PAD
    0x20000724        -       0x00000004   Zero   RW         2494    .bss.head_handle    multi_button.o
    0x20000728        -       0x00000018   Zero   RW          263    .bss.hx711_dev      hx711.o
    0x20000740        -       0x00000080   Zero   RW         1854    .bss.idle           idle.o
    0x200007c0        -       0x00000001   Zero   RW          323    .bss.pwm_started    key.o
    0x200007c1        -       0x0000000b   Zero   RW          434    .bss.reg_ok         sc7a20.o
    0x200007cc        -       0x00001800   Zero   RW         2269    .bss.rt_heap        board.o
    0x20001fcc        -       0x00000004   Zero   RW         2242    .bss.rt_interrupt_from_thread  cpuport.o
    0x20001fd0        -       0x00000001   Zero   RW         1948    .bss.rt_interrupt_nest  irq.o
    0x20001fd1   COMPRESSED   0x00000003   PAD
    0x20001fd4        -       0x00000004   Zero   RW         2243    .bss.rt_interrupt_to_thread  cpuport.o
    0x20001fd8        -       0x00000200   Zero   RW         2037    .bss.rt_kprintf.rt_log_buf  kservice.o
    0x200021d8        -       0x00000100   Zero   RW         2136    .bss.rt_thread_priority_table  scheduler.o
    0x200022d8        -       0x00000100   Zero   RW         1855    .bss.rt_thread_stack  idle.o
    0x200023d8        -       0x00000004   Zero   RW         2244    .bss.rt_thread_switch_interrupt_flag  cpuport.o
    0x200023dc        -       0x00000004   Zero   RW         1800    .bss.rt_tick        clock.o
    0x200023e0        -       0x0000000a   Zero   RW          435    .bss.sl_sc7Aa20     sc7a20.o
    0x200023ea        -       0x00000002   Zero   RW          472    .bss.timeoutcnt     vl6180x.o
    0x200023ec        -       0x000000b4   Zero   RW         2448    .bss.ulog           ulog.o
    0x200024a0        -       0x00000004   Zero   RW         2452    .bss.ulog_formater.log_len  ulog.o
    0x200024a4        -       0x00000004   Zero   RW         2449    .bss.ulog_head_formater.log_len  ulog.o
    0x200024a8        -       0x00000001   Zero   RW         2453    .bss.ulog_voutput.ulog_voutput_recursion  ulog.o
    0x200024a9   COMPRESSED   0x00000007   PAD
    0x200024b0        -       0x00000200   Zero   RW         1781    HEAP                startup_mm32f0270_keil.o
    0x200026b0        -       0x00000400   Zero   RW         1780    STACK               startup_mm32f0270_keil.o


==============================================================================

Image component sizes


      Code (inc. data)   RO Data    RW Data    ZI Data      Debug   Object Name

        76         16          0          0          4       3073   app.o
       280         60         21          0       6144       2949   board.o
       132          8          0          0          4       2767   clock.o
      2868       1048        530          0          0      14055   cmd.o
       176         24         16          0          0       3148   components.o
       186         96         26          0         40       2148   console_be.o
       236         32          0          0          0        899   context_gcc.o
       304        168          0          0         12       2348   cpuport.o
       948        168        256          0          0       4446   gn1650.o
       212          8          0          0          0       5195   hal_gpio.o
        80         12          0          0          0       2767   hal_misc.o
       304         48          0         16          0      19513   hal_rcc.o
       418         20          0          0          0      27262   hal_tim.o
       206          4          0          0          0       7123   hal_uart.o
       824        180        148          0         24       6523   hx711.o
       202         24          0          8        384       3595   idle.o
       484        160         20          0          0       3399   ina226.o
       512          8          0          0          0      18227   ipc.o
        64          4          0          0          1       1092   irq.o
      1764        536        154          2         89       5852   key.o
      2104        290        350          0        552      18223   kservice.o
        32          0          4          0          0        698   main.o
       506         68          0          0          0       5502   mem.o
       130         24          0          0          0       1941   mm32_gpio.o
       900        136         35          0          0       8257   mm32_soft_i2c_v1.o
       452         32          0         96          0       6354   mm32_uart.o
        36          4          0          0          0       1029   mm32f0270_it.o
       680        128         17          0          0       4349   msh.o
       584         10          0          0          4       3411   multi_button.o
       278          4          0        128          0       6175   object.o
       314         24         20          0          0       4109   onewire_bus.o
       172         24          0          0          4       6138   platform.o
       920        268        109          0         20       6417   pwm.o
       816        188         88         32         21      11656   sc7a20.o
       544         32          0          0        268       5280   scheduler.o
      1280        152         14          0        529       6818   shell.o
        68         32        192          0       1536        728   startup_mm32f0270_keil.o
       612         60          0          4          0       3567   system_mm32f0270.o
       856         16          0          0          0       8604   thread.o
       954         58          0          0        664       9816   timer.o
      1228        120        136          0        197      12601   ulog.o
       584         68         26         32          2       4206   vl6180x.o

    ----------------------------------------------------------------------
     24380       4362       2196        320      10512     272260   Object Totals
         0          0         32          0          0          0   (incl. Generated)
        54          0          2          2         13          0   (incl. Padding)

    ----------------------------------------------------------------------

      Code (inc. data)   RO Data    RW Data    ZI Data      Debug   Library Member Name

        58          0          0          0          0          0   __dczerorl.o
         8          0          0          0          0         68   __main.o
       392          6         17          0          0         76   __printf_flags_ss_wp.o
        14          0          0          0          0         60   __printf_wp.o
         0          0          0          0          0          0   __rtentry.o
        12          0          0          0          0          0   __rtentry2.o
         6          0          0          0          0          0   __rtentry4.o
        60          8          0          0          0          0   __scatter.o
        28          0          0          0          0          0   __scatter_zi.o
        66          0          0          0          0         76   _c16rtomb.o
        30          0          0          0          0         60   _chval.o
        10          0          0          0          0          0   _printf_a.o
        10          0          0          0          0          0   _printf_c.o
        46          0          0          0          0        100   _printf_char.o
        48          6          0          0          0         88   _printf_char_common.o
        38          0          0          0          0         60   _printf_charcount.o
        10          0          0          0          0          0   _printf_d.o
       108         18          0          0          0         76   _printf_dec.o
        10          0          0          0          0          0   _printf_e.o
        10          0          0          0          0          0   _printf_f.o
      1044         12          0          0          0        116   _printf_fp_dec.o
       728         10         38          0          0         84   _printf_fp_hex.o
       136         16          0          0          0         76   _printf_fp_infnan.o
        10          0          0          0          0          0   _printf_g.o
       152          4         40          0          0        148   _printf_hex_int_ll_ptr.o
        10          0          0          0          0          0   _printf_i.o
       176          0          0          0          0         84   _printf_intcommon.o
        10          0          0          0          0          0   _printf_l.o
        10          0          0          0          0          0   _printf_lc.o
        10          0          0          0          0          0   _printf_ll.o
        10          0          0          0          0          0   _printf_lld.o
        10          0          0          0          0          0   _printf_lli.o
        10          0          0          0          0          0   _printf_llo.o
        10          0          0          0          0          0   _printf_llu.o
        10          0          0          0          0          0   _printf_llx.o
       112         18          0          0          0         76   _printf_longlong_dec.o
        10          0          0          0          0          0   _printf_ls.o
        10          0          0          0          0          0   _printf_n.o
        10          0          0          0          0          0   _printf_o.o
       112         10          0          0          0        112   _printf_oct_int_ll.o
        10          0          0          0          0          0   _printf_p.o
        78          0          0          0          0        100   _printf_pad.o
         2          0          0          0          0          0   _printf_percent.o
         4          0          0          0          0          0   _printf_percent_end.o
        10          0          0          0          0          0   _printf_s.o
        82          0          0          0          0         72   _printf_str.o
        36          0          0          0          0         76   _printf_truncate.o
        10          0          0          0          0          0   _printf_u.o
        46          0          0          0          0        100   _printf_wchar.o
       188          6          8          0          0         80   _printf_wctomb.o
        10          0          0          0          0          0   _printf_x.o
        22          0          0          0          0         92   _rserrno.o
        68          0          0          0          0         76   _sgetc.o
        16          0          0          0          0         60   _snputc.o
       166          0          0          0          0         84   _strtoul.o
       364          4          0          0          0         92   aeabi_sdiv.o
        26          0          0          0          0         72   atoi.o
       216          6        148          0          0         80   bigflt0.o
      1456         30          0          0          0        336   btod.o
        16          0          0          0          0         68   exit.o
         6          0          0          0          0        136   heapauxi.o
         0          0          0          0          0          0   indicate_semi.o
        18          0          0          0          0         68   isspace.o
        44         10        272          0          0         76   lc_ctype_c.o
        44         10         28          0          0         76   lc_numeric_c.o
         2          0          0          0          0          0   libinit.o
        30          0          0          0          0          0   libinit2.o
         2          0          0          0          0          0   libshutdown.o
         2          0          0          0          0          0   libshutdown2.o
         8          4          0          0         96         68   libspace.o
        48          0          0          0          0         72   llmul.o
       166          0          0          0          0         72   llsdiv.o
        32          0          0          0          0         68   llshl.o
       272          0          0          0          0         88   lludiv.o
       122          0          0          0          0         72   lludiv10.o
        90          0          0          0          0         68   memcmp.o
        16          4          0          0          0         76   rt_ctype_table.o
         8          4          0          0          0         68   rt_errno_addr_intlibspace.o
         8          4          0          0          0         68   rt_locale_intlibspace.o
        64          0          0          0          0        108   rt_memclr.o
       186          0          0          0          0        144   rt_memcpy.o
         2          0          0          0          0          0   rtexit.o
        10          0          0          0          0          0   rtexit2.o
        40          0          0          0          0         60   rtudiv10.o
      1312         26          0          0          0        124   scanf_fp.o
       820         14          0          0          0         84   scanf_hexfp.o
       316         16          0          0          0         84   scanf_infnan.o
       136          4          0          0          0         72   strcmp.o
        68          6          0          0          0         72   strlen.o
       160          6          0          0          0         76   strncmp.o
       108          4          0          0          0         76   strncpy.o
       184         16          0          0          0        120   strtod.o
       112          4          0          0          0         76   strtol.o
        12          4          0          0          0         60   sys_exit.o
        62          0          0          0          0         80   sys_stackheap_outer.o
         2          0          0          0          0         68   use_no_semi.o
        60          4          0          0          0         72   vsnprintf.o
        46          0          0          0          0         60   cmpret.o
       124          4          0          0          0         72   d2f.o
       856         20          0          0          0        208   daddsub.o
       160          6          0          0          0         76   dcmpin.o
      1096         26        128          0          0        112   ddiv.o
       100          4          0          0          0         92   deqf.o
       108         10          0          0          0         72   dfixi.o
        72          4          0          0          0         68   dfixui.o
        88          0          0          0          0         92   dflti.o
       584         26          0          0          0         84   dmul.o
        20          6          0          0          0         68   dnan2.o
       104          4          0          0          0        104   drlef.o
        96         12          0          0          0         72   dscalbn.o
       256          8          0          0          0         76   dsqrt.o
        48          0          0          0          0         60   ffixui.o
        94          0          0          0          0         92   fflti.o
       176          4          0          0          0         80   fmul.o
         0          0         16          0          0          0   fpconst.o
        16          4          0          0          0         76   printf1.o
        16          4          0          0          0         76   printf2.o
        94          0          0          0          0         68   retnan.o
        16          4          0          0          0         76   scanf1.o
        32          8          0          0          0        100   scanf2.o
         0          0          0          0          0          0   usenofp.o
       540         68        152          0          0        112   atan.o
        44          0          0          0          0         76   atof.o
        50         10          0          0          0        204   dunder.o
        44          4          0          0          0         60   fpclassify.o
        88         16          0          0          0         72   frexp.o
       132          0          0          0          0        140   ldexp.o
       216         10          0          0          0        144   narrow.o
       172          0          0          0          0         76   poly.o
        72          6          0          0          0         76   sqrt.o

    ----------------------------------------------------------------------
     16536        562        852          0         96       8044   Library Totals
        24          0          5          0          0          0   (incl. Padding)

    ----------------------------------------------------------------------

      Code (inc. data)   RO Data    RW Data    ZI Data      Debug   Library Name

     10952        294        551          0         96       5200   c_p.l
      4202        154        144          0          0       1884   fz_ps.l
      1358        114        152          0          0        960   m_ps.l

    ----------------------------------------------------------------------
     16536        562        852          0         96       8044   Library Totals

    ----------------------------------------------------------------------

==============================================================================


      Code (inc. data)   RO Data    RW Data    ZI Data      Debug   

     40916       4924       3048        320      10608     275364   Grand Totals
     40916       4924       3048        144      10608     275364   ELF Image Totals (compressed)
     40916       4924       3048        144          0          0   ROM Totals

==============================================================================

    Total RO  Size (Code + RO Data)                43964 (  42.93kB)
    Total RW  Size (RW Data + ZI Data)             10928 (  10.67kB)
    Total ROM Size (Code + RO Data + RW Data)      44108 (  43.07kB)

==============================================================================

