Component: Arm Compiler for Embedded 6.19 Tool: armlink [5e73cb00]

==============================================================================

Section Cross References

    main.o(.text.main) refers to thread.o(.text.rt_thread_mdelay) for rt_thread_mdelay
    main.o(.ARM.exidx.text.main) refers to main.o(.text.main) for [Anonymous Symbol]
    main.o(.text.init_hardware) refers to platform.o(.text.platform_init) for platform_init
    main.o(.ARM.exidx.text.init_hardware) refers to main.o(.text.init_hardware) for [Anonymous Symbol]
    main.o(.rti_fn.1) refers to main.o(.text.init_hardware) for init_hardware
    app.o(.text.app) refers to thread.o(.text.rt_thread_mdelay) for rt_thread_mdelay
    app.o(.ARM.exidx.text.app) refers to app.o(.text.app) for [Anonymous Symbol]
    mm32f0270_it.o(.ARM.exidx.text.NMI_Handler) refers to mm32f0270_it.o(.text.NMI_Handler) for [Anonymous Symbol]
    mm32f0270_it.o(.ARM.exidx.text.HardFault_Handler) refers to mm32f0270_it.o(.text.HardFault_Handler) for [Anonymous Symbol]
    mm32f0270_it.o(.ARM.exidx.text.SVC_Handler) refers to mm32f0270_it.o(.text.SVC_Handler) for [Anonymous Symbol]
    mm32f0270_it.o(.ARM.exidx.text.PendSV_Handler) refers to mm32f0270_it.o(.text.PendSV_Handler) for [Anonymous Symbol]
    mm32f0270_it.o(.text.SysTick_Handler) refers to board.o(.text.rt_os_tick_callback) for rt_os_tick_callback
    mm32f0270_it.o(.text.SysTick_Handler) refers to platform.o(.bss.PLATFORM_DelayTick) for PLATFORM_DelayTick
    mm32f0270_it.o(.ARM.exidx.text.SysTick_Handler) refers to mm32f0270_it.o(.text.SysTick_Handler) for [Anonymous Symbol]
    mm32f0270_it.o(.ARM.exidx.text.UART2_IRQHandler) refers to mm32f0270_it.o(.text.UART2_IRQHandler) for [Anonymous Symbol]
    mm32f0270_it.o(.ARM.exidx.text.UART3_IRQHandler) refers to mm32f0270_it.o(.text.UART3_IRQHandler) for [Anonymous Symbol]
    mm32f0270_it.o(.ARM.exidx.text.TIM3_IRQHandler) refers to mm32f0270_it.o(.text.TIM3_IRQHandler) for [Anonymous Symbol]
    mm32f0270_it.o(.ARM.exidx.text.TIM2_IRQHandler) refers to mm32f0270_it.o(.text.TIM2_IRQHandler) for [Anonymous Symbol]
    mm32_adc.o(.ARM.exidx.text.adc_channel_to_gpio) refers to mm32_adc.o(.text.adc_channel_to_gpio) for [Anonymous Symbol]
    mm32_adc.o(.text.enable_gpio_clock) refers to hal_rcc.o(.text.RCC_AHBPeriphClockCmd) for RCC_AHBPeriphClockCmd
    mm32_adc.o(.ARM.exidx.text.enable_gpio_clock) refers to mm32_adc.o(.text.enable_gpio_clock) for [Anonymous Symbol]
    mm32_adc.o(.text.adc_config_single) refers to hal_rcc.o(.text.RCC_APB2PeriphClockCmd) for RCC_APB2PeriphClockCmd
    mm32_adc.o(.text.adc_config_single) refers to hal_adc.o(.text.ADC_StructInit) for ADC_StructInit
    mm32_adc.o(.text.adc_config_single) refers to hal_adc.o(.text.ADC_Init) for ADC_Init
    mm32_adc.o(.text.adc_config_single) refers to hal_adc.o(.text.ADC_Cmd) for ADC_Cmd
    mm32_adc.o(.ARM.exidx.text.adc_config_single) refers to mm32_adc.o(.text.adc_config_single) for [Anonymous Symbol]
    mm32_adc.o(.text.adc_read_single) refers to hal_adc.o(.text.ADC_RegularChannelConfig) for ADC_RegularChannelConfig
    mm32_adc.o(.text.adc_read_single) refers to hal_adc.o(.text.ADC_ANY_NUM_Config) for ADC_ANY_NUM_Config
    mm32_adc.o(.text.adc_read_single) refers to hal_adc.o(.text.ADC_ANY_CH_Config) for ADC_ANY_CH_Config
    mm32_adc.o(.text.adc_read_single) refers to hal_adc.o(.text.ADC_ANY_Cmd) for ADC_ANY_Cmd
    mm32_adc.o(.text.adc_read_single) refers to mm32_adc.o(.text.adc_channel_to_gpio) for adc_channel_to_gpio
    mm32_adc.o(.text.adc_read_single) refers to mm32_adc.o(.text.enable_gpio_clock) for enable_gpio_clock
    mm32_adc.o(.text.adc_read_single) refers to hal_gpio.o(.text.GPIO_StructInit) for GPIO_StructInit
    mm32_adc.o(.text.adc_read_single) refers to hal_gpio.o(.text.GPIO_Init) for GPIO_Init
    mm32_adc.o(.text.adc_read_single) refers to hal_adc.o(.text.ADC_SoftwareStartConvCmd) for ADC_SoftwareStartConvCmd
    mm32_adc.o(.text.adc_read_single) refers to hal_adc.o(.text.ADC_GetFlagStatus) for ADC_GetFlagStatus
    mm32_adc.o(.text.adc_read_single) refers to hal_adc.o(.text.ADC_ClearFlag) for ADC_ClearFlag
    mm32_adc.o(.text.adc_read_single) refers to hal_adc.o(.text.ADC_GetChannelConvertedValue) for ADC_GetChannelConvertedValue
    mm32_adc.o(.ARM.exidx.text.adc_read_single) refers to mm32_adc.o(.text.adc_read_single) for [Anonymous Symbol]
    mm32_gpio.o(.text.gpio_config) refers to hal_rcc.o(.text.RCC_AHBPeriphClockCmd) for RCC_AHBPeriphClockCmd
    mm32_gpio.o(.text.gpio_config) refers to hal_gpio.o(.text.GPIO_StructInit) for GPIO_StructInit
    mm32_gpio.o(.text.gpio_config) refers to hal_gpio.o(.text.GPIO_Init) for GPIO_Init
    mm32_gpio.o(.ARM.exidx.text.gpio_config) refers to mm32_gpio.o(.text.gpio_config) for [Anonymous Symbol]
    mm32_gpio.o(.text.gpio_toggle) refers to hal_gpio.o(.text.GPIO_ReadOutputDataBit) for GPIO_ReadOutputDataBit
    mm32_gpio.o(.text.gpio_toggle) refers to hal_gpio.o(.text.GPIO_ResetBits) for GPIO_ResetBits
[...]
    [Anonymous Symbol]                       0x08002d6c   Section        0  board.o(.text.rt_os_tick_callback)
    [Anonymous Symbol]                       0x08002d7c   Section        0  scheduler.o(.text.rt_schedule)
    __arm_cp.4_1                             0x08002e40   Number         4  scheduler.o(.text.rt_schedule)
    [Anonymous Symbol]                       0x08002e44   Section        0  scheduler.o(.text.rt_schedule_insert_thread)
    [Anonymous Symbol]                       0x08002ea4   Section        0  scheduler.o(.text.rt_schedule_remove_thread)
    __arm_cp.3_0                             0x08002ee0   Number         4  scheduler.o(.text.rt_schedule_remove_thread)
    __arm_cp.3_1                             0x08002ee4   Number         4  scheduler.o(.text.rt_schedule_remove_thread)
    [Anonymous Symbol]                       0x08002ee8   Section        0  ipc.o(.text.rt_sem_init)
    [Anonymous Symbol]                       0x08002f08   Section        0  kservice.o(.text.rt_show_version)
    __arm_cp.19_0                            0x08002f2c   Number         4  kservice.o(.text.rt_show_version)
    __arm_cp.19_1                            0x08002f30   Number         4  kservice.o(.text.rt_show_version)
    [Anonymous Symbol]                       0x08002fc0   Section        0  mem.o(.text.rt_smem_alloc)
    [Anonymous Symbol]                       0x08003078   Section        0  mem.o(.text.rt_smem_free)
    [Anonymous Symbol]                       0x080030ac   Section        0  mem.o(.text.rt_smem_init)
    [Anonymous Symbol]                       0x08003168   Section        0  kservice.o(.text.rt_snprintf)
    [Anonymous Symbol]                       0x08003180   Section        0  timer.o(.text.rt_soft_timer_check)
    __arm_cp.10_1                            0x08003220   Number         4  timer.o(.text.rt_soft_timer_check)
    [Anonymous Symbol]                       0x08003224   Section        0  kservice.o(.text.rt_sprintf)
    [Anonymous Symbol]                       0x0800323c   Section        0  kservice.o(.text.rt_strerror)
    __arm_cp.1_0                             0x08003254   Number         4  kservice.o(.text.rt_strerror)
    rt_errno_strs                            0x08003258   Number         0  kservice.o(.text.rt_strerror)
    [Anonymous Symbol]                       0x08003288   Section        0  kservice.o(.text.rt_strlen)
    [Anonymous Symbol]                       0x08003296   Section        0  kservice.o(.text.rt_strncpy)
    [Anonymous Symbol]                       0x080032c0   Section        0  kservice.o(.text.rt_system_heap_init)
    __arm_cp.29_0                            0x080032ec   Number         4  kservice.o(.text.rt_system_heap_init)
    __arm_cp.29_1                            0x080032f0   Number         4  kservice.o(.text.rt_system_heap_init)
    [Anonymous Symbol]                       0x080032f4   Section        0  scheduler.o(.text.rt_system_scheduler_init)
    __arm_cp.0_1                             0x08003310   Number         4  scheduler.o(.text.rt_system_scheduler_init)
    [Anonymous Symbol]                       0x08003314   Section        0  scheduler.o(.text.rt_system_scheduler_start)
    __arm_cp.1_0                             0x08003338   Number         4  scheduler.o(.text.rt_system_scheduler_start)
    [Anonymous Symbol]                       0x0800333c   Section        0  timer.o(.text.rt_system_timer_init)
    [Anonymous Symbol]                       0x08003348   Section        0  timer.o(.text.rt_system_timer_thread_init)
    __arm_cp.12_0                            0x0800337c   Number         4  timer.o(.text.rt_system_timer_thread_init)
    __arm_cp.12_1                            0x08003380   Number         4  timer.o(.text.rt_system_timer_thread_init)
    __arm_cp.12_2                            0x08003384   Number         4  timer.o(.text.rt_system_timer_thread_init)
    __arm_cp.12_4                            0x08003390   Number         4  timer.o(.text.rt_system_timer_thread_init)
    [Anonymous Symbol]                       0x08003394   Section        0  thread.o(.text.rt_thread_control)
    [Anonymous Symbol]                       0x0800340c   Section        0  thread.o(.text.rt_thread_create)
    [Anonymous Symbol]                       0x08003458   Section        0  idle.o(.text.rt_thread_defunct_dequeue)
    [Anonymous Symbol]                       0x08003484   Section        0  idle.o(.text.rt_thread_defunct_enqueue)
    __arm_cp.0_0                             0x08003498   Number         4  idle.o(.text.rt_thread_defunct_enqueue)
    [Anonymous Symbol]                       0x0800349c   Section        0  thread.o(.text.rt_thread_delay)
    [Anonymous Symbol]                       0x080034a4   Section        0  thread.o(.text.rt_thread_delete)
    [Anonymous Symbol]                       0x080034e2   Section        0  thread.o(.text.rt_thread_detach)
    rt_thread_idle_entry                     0x08003521   Thumb Code    54  idle.o(.text.rt_thread_idle_entry)
    [Anonymous Symbol]                       0x08003520   Section        0  idle.o(.text.rt_thread_idle_entry)
    [Anonymous Symbol]                       0x08003558   Section        0  idle.o(.text.rt_thread_idle_init)
    __arm_cp.2_1                             0x0800359c   Number         4  idle.o(.text.rt_thread_idle_init)
    __arm_cp.2_2                             0x080035a0   Number         4  idle.o(.text.rt_thread_idle_init)
    __arm_cp.2_3                             0x080035a4   Number         4  idle.o(.text.rt_thread_idle_init)
    [Anonymous Symbol]                       0x080035a8   Section        0  thread.o(.text.rt_thread_init)
    [Anonymous Symbol]                       0x080035d6   Section        0  thread.o(.text.rt_thread_mdelay)
    [Anonymous Symbol]                       0x080035e2   Section        0  thread.o(.text.rt_thread_resume)
    [Anonymous Symbol]                       0x08003628   Section        0  thread.o(.text.rt_thread_self)
    [Anonymous Symbol]                       0x08003630   Section        0  thread.o(.text.rt_thread_sleep)
    [Anonymous Symbol]                       0x08003674   Section        0  thread.o(.text.rt_thread_startup)
    __arm_cp.3_0                             0x0800369c   Number         4  thread.o(.text.rt_thread_startup)
    [Anonymous Symbol]                       0x080036a0   Section        0  thread.o(.text.rt_thread_suspend)
    [Anonymous Symbol]                       0x080036e4   Section        0  clock.o(.text.rt_tick_from_millisecond)
    __arm_cp.3_0                             0x08003714   Number         4  clock.o(.text.rt_tick_from_millisecond)
    [Anonymous Symbol]                       0x08003718   Section        0  clock.o(.text.rt_tick_get)
    [Anonymous Symbol]                       0x08003720   Section        0  clock.o(.text.rt_tick_increase)
    __arm_cp.2_0                             0x08003764   Number         4  clock.o(.text.rt_tick_increase)
    [Anonymous Symbol]                       0x08003768   Section        0  timer.o(.text.rt_timer_check)
    __arm_cp.7_1                             0x080037fc   Number         4  timer.o(.text.rt_timer_check)
    [Anonymous Symbol]                       0x08003800   Section        0  timer.o(.text.rt_timer_control)
    [Anonymous Symbol]                       0x08003854   Section        0  timer.o(.text.rt_timer_detach)
    [Anonymous Symbol]                       0x08003884   Section        0  timer.o(.text.rt_timer_init)
    [Anonymous Symbol]                       0x080038b4   Section        0  timer.o(.text.rt_timer_start)
    __arm_cp.4_0                             0x08003980   Number         4  timer.o(.text.rt_timer_start)
    __arm_cp.4_1                             0x08003984   Number         4  timer.o(.text.rt_timer_start)
    __arm_cp.4_2                             0x08003988   Number         4  timer.o(.text.rt_timer_start)
    [Anonymous Symbol]                       0x0800398c   Section        0  timer.o(.text.rt_timer_stop)
    [Anonymous Symbol]                       0x080039c4   Section        0  kservice.o(.text.rt_vsnprintf)
    [Anonymous Symbol]                       0x08003c88   Section        0  kservice.o(.text.rt_vsprintf)
    rti_board_end                            0x08003c99   Thumb Code     4  components.o(.text.rti_board_end)
    [Anonymous Symbol]                       0x08003c98   Section        0  components.o(.text.rti_board_end)
    rti_board_start                          0x08003c9d   Thumb Code     4  components.o(.text.rti_board_start)
    [Anonymous Symbol]                       0x08003c9c   Section        0  components.o(.text.rti_board_start)
    rti_end                                  0x08003ca1   Thumb Code     4  components.o(.text.rti_end)
    [Anonymous Symbol]                       0x08003ca0   Section        0  components.o(.text.rti_end)
    rti_start                                0x08003ca5   Thumb Code     4  components.o(.text.rti_start)
    [Anonymous Symbol]                       0x08003ca4   Section        0  components.o(.text.rti_start)
    [Anonymous Symbol]                       0x08003ca8   Section        0  components.o(.text.rtthread_startup)
    shell_handle_history                     0x08003cd5   Thumb Code    32  shell.o(.text.shell_handle_history)
    [Anonymous Symbol]                       0x08003cd4   Section        0  shell.o(.text.shell_handle_history)
    __arm_cp.8_1                             0x08003cfc   Number         4  shell.o(.text.shell_handle_history)
    __arm_cp.8_2                             0x08003d00   Number         4  shell.o(.text.shell_handle_history)
    show_wait_queue                          0x08003d05   Thumb Code    44  cmd.o(.text.show_wait_queue)
    [Anonymous Symbol]                       0x08003d04   Section        0  cmd.o(.text.show_wait_queue)
    skip_atoi                                0x08003d3d   Thumb Code    36  kservice.o(.text.skip_atoi)
    [Anonymous Symbol]                       0x08003d3c   Section        0  kservice.o(.text.skip_atoi)
    [Anonymous Symbol]                       0x08003d60   Section        0  platform.o(.text.systick_init)
    __arm_cp.0_0                             0x08003da4   Number         4  platform.o(.text.systick_init)
    __arm_cp.0_1                             0x08003da8   Number         4  platform.o(.text.systick_init)
    __arm_cp.0_2                             0x08003dac   Number         4  platform.o(.text.systick_init)
    [Anonymous Symbol]                       0x08003db0   Section        0  mm32_uart.o(.text.uart_config)
    __arm_cp.0_0                             0x08003ec4   Number         4  mm32_uart.o(.text.uart_config)
    __arm_cp.0_1                             0x08003ec8   Number         4  mm32_uart.o(.text.uart_config)
    __arm_cp.0_2                             0x08003ecc   Number         4  mm32_uart.o(.text.uart_config)
    __arm_cp.0_3                             0x08003ed0   Number         4  mm32_uart.o(.text.uart_config)
    __arm_cp.0_4                             0x08003ed4   Number         4  mm32_uart.o(.text.uart_config)
    __arm_cp.0_5                             0x08003ed8   Number         4  mm32_uart.o(.text.uart_config)
    uart_init                                0x08003edd   Thumb Code    14  board.o(.text.uart_init)
    [Anonymous Symbol]                       0x08003edc   Section        0  board.o(.text.uart_init)
    [Anonymous Symbol]                       0x08003eec   Section        0  ulog.o(.text.ulog_backend_register)
    [Anonymous Symbol]                       0x08003f30   Section        0  console_be.o(.text.ulog_console_backend_init)
    __arm_cp.1_0                             0x08003f48   Number         4  console_be.o(.text.ulog_console_backend_init)
    __arm_cp.1_1                             0x08003f4c   Number         4  console_be.o(.text.ulog_console_backend_init)
    [Anonymous Symbol]                       0x08003f58   Section        0  console_be.o(.text.ulog_console_backend_output)
    [Anonymous Symbol]                       0x08003f64   Section        0  ulog.o(.text.ulog_formater)
    __arm_cp.5_0                             0x08003fa4   Number         4  ulog.o(.text.ulog_formater)
    [Anonymous Symbol]                       0x08003fa8   Section        0  ulog.o(.text.ulog_head_formater)
    __arm_cp.3_0                             0x08004008   Number         4  ulog.o(.text.ulog_head_formater)
    __arm_cp.3_1                             0x0800400c   Number         4  ulog.o(.text.ulog_head_formater)
    __arm_cp.3_2                             0x08004010   Number         4  ulog.o(.text.ulog_head_formater)
    [Anonymous Symbol]                       0x08004018   Section        0  ulog.o(.text.ulog_hex_formater)
    __arm_cp.6_0                             0x080040fc   Number         4  ulog.o(.text.ulog_hex_formater)
    [Anonymous Symbol]                       0x08004124   Section        0  ulog.o(.text.ulog_init)
    __arm_cp.20_0                            0x08004148   Number         4  ulog.o(.text.ulog_init)
    [Anonymous Symbol]                       0x08004154   Section        0  ulog.o(.text.ulog_output)
    [Anonymous Symbol]                       0x08004172   Section        0  ulog.o(.text.ulog_strcpy)
    [Anonymous Symbol]                       0x0800418c   Section        0  ulog.o(.text.ulog_tail_formater)
    __arm_cp.4_0                             0x080041d8   Number         4  ulog.o(.text.ulog_tail_formater)
    ulog_test                                0x080041e5   Thumb Code    56  console_be.o(.text.ulog_test)
    [Anonymous Symbol]                       0x080041e4   Section        0  console_be.o(.text.ulog_test)
    __arm_cp.2_0                             0x0800421c   Number         4  console_be.o(.text.ulog_test)
    __arm_cp.2_2                             0x08004238   Number         4  console_be.o(.text.ulog_test)
    [Anonymous Symbol]                       0x0800426c   Section        0  ulog.o(.text.ulog_voutput)
    __arm_cp.7_0                             0x08004304   Number         4  ulog.o(.text.ulog_voutput)
    __arm_cp.7_1                             0x08004308   Number         4  ulog.o(.text.ulog_voutput)
    __arm_cp.7_2                             0x0800430c   Number         4  ulog.o(.text.ulog_voutput)
    [Anonymous Symbol]                       0x08004310   Section        0  cmd.o(.text.version)
    i.__0vsnprintf                           0x0800431c   Section        0  printfa.o(i.__0vsnprintf)
    i.__ARM_clz                              0x0800434c   Section        0  depilogue.o(i.__ARM_clz)
    i.__scatterload_copy                     0x0800437a   Section       14  handlers.o(i.__scatterload_copy)
    i.__scatterload_null                     0x08004388   Section        2  handlers.o(i.__scatterload_null)
    i.__scatterload_zeroinit                 0x0800438a   Section       14  handlers.o(i.__scatterload_zeroinit)
    _fp_digits                               0x08004399   Thumb Code   344  printfa.o(i._fp_digits)
    i._fp_digits                             0x08004398   Section        0  printfa.o(i._fp_digits)
    _printf_core                             0x0800450d   Thumb Code  1754  printfa.o(i._printf_core)
    i._printf_core                           0x0800450c   Section        0  printfa.o(i._printf_core)
    _printf_post_padding                     0x08004bf9   Thumb Code    32  printfa.o(i._printf_post_padding)
    i._printf_post_padding                   0x08004bf8   Section        0  printfa.o(i._printf_post_padding)
    _printf_pre_padding                      0x08004c19   Thumb Code    44  printfa.o(i._printf_pre_padding)
    i._printf_pre_padding                    0x08004c18   Section        0  printfa.o(i._printf_pre_padding)
    _snputc                                  0x08004c45   Thumb Code    22  printfa.o(i._snputc)
    i._snputc                                0x08004c44   Section        0  printfa.o(i._snputc)
    color_output_info                        0x08004dd8   Data          32  ulog.o(.rodata.color_output_info)
    [Anonymous Symbol]                       0x08004dd8   Section        0  ulog.o(.rodata.color_output_info)
    [Anonymous Symbol]                       0x08004df8   Section        0  ulog.o(.rodata.str1.1)
    [Anonymous Symbol]                       0x08004e5f   Section        0  console_be.o(.rodata.str1.1)
    [Anonymous Symbol]                       0x08004e63   Section        0  kservice.o(.rodata.str1.1)
    [Anonymous Symbol]                       0x08004ec1   Section        0  cmd.o(.rodata.str1.1)
    [Anonymous Symbol]                       0x0800501f   Section        0  msh.o(.rodata.str1.1)
    [Anonymous Symbol]                       0x08005023   Section        0  shell.o(.rodata.str1.1)
    __tagsym$$used.0                         0x08005030   Number         0  components.o(.rti_fn.0)
    __tagsym$$used.1                         0x08005034   Number         0  components.o(.rti_fn.0.end)
    __tagsym$$used.0                         0x08005038   Number         0  main.o(.rti_fn.1)
    __tagsym$$used.0                         0x0800503c   Number         0  ulog.o(.rti_fn.1)
    __tagsym$$used.0                         0x08005040   Number         0  board.o(.rti_fn.1)
    __tagsym$$used.2                         0x08005044   Number         0  components.o(.rti_fn.1.end)
    __tagsym$$used.0                         0x08005048   Number         0  console_be.o(.rti_fn.6)
    __tagsym$$used.0                         0x0800504c   Number         0  shell.o(.rti_fn.6)
    __tagsym$$used.3                         0x08005050   Number         0  components.o(.rti_fn.6.end)
    __tagsym$$used.1                         0x08005054   Number         0  console_be.o(FSymTab)
    __tagsym$$used.1                         0x0800505c   Number         0  board.o(FSymTab)
    __tagsym$$used.0                         0x08005064   Number         0  cmd.o(FSymTab)
    __tagsym$$used.1                         0x0800506c   Number         0  cmd.o(FSymTab)
    __tagsym$$used.2                         0x08005074   Number         0  cmd.o(FSymTab)
    __tagsym$$used.3                         0x0800507c   Number         0  cmd.o(FSymTab)
    __tagsym$$used.4                         0x08005084   Number         0  cmd.o(FSymTab)
    __tagsym$$used.5                         0x0800508c   Number         0  cmd.o(FSymTab)
    __tagsym$$used.6                         0x08005094   Number         0  cmd.o(FSymTab)
    __tagsym$$used.7                         0x0800509c   Number         0  cmd.o(FSymTab)
    __tagsym$$used.8                         0x080050a4   Number         0  cmd.o(FSymTab)
    __tagsym$$used.9                         0x080050ac   Number         0  cmd.o(FSymTab)
    __tagsym$$used.0                         0x080050b4   Number         0  msh.o(FSymTab)
    NVIC_PENDSVSET                           0x10000000   Number         0  context_gcc.o ABSOLUTE
    _object_container                        0x20000004   Data         128  object.o(.data._object_container)
    [Anonymous Symbol]                       0x20000004   Section        0  object.o(.data._object_container)
    _rt_thread_defunct                       0x20000084   Data           8  idle.o(.data._rt_thread_defunct)
    [Anonymous Symbol]                       0x20000084   Section        0  idle.o(.data._rt_thread_defunct)
    ulog_hex_formater.log_len                0x20000100   Data           4  ulog.o(.bss..L_MergedGlobals)
    [Anonymous Symbol]                       0x20000100   Section        0  ulog.o(.bss..L_MergedGlobals)
    ulog_hex_formater.j                      0x20000104   Data           4  ulog.o(.bss..L_MergedGlobals)
    system_heap                              0x20000108   Data           4  kservice.o(.bss..L_MergedGlobals)
    [Anonymous Symbol]                       0x20000108   Section        0  kservice.o(.bss..L_MergedGlobals)
    _lock                                    0x2000010c   Data          36  kservice.o(.bss..L_MergedGlobals)
    [Anonymous Symbol]                       0x20000130   Section        0  scheduler.o(.bss..L_MergedGlobals)
    rt_scheduler_lock_nest                   0x20000132   Data           2  scheduler.o(.bss..L_MergedGlobals)
    _soft_timer_status                       0x2000013c   Data           1  timer.o(.bss..L_MergedGlobals)
    [Anonymous Symbol]                       0x2000013c   Section        0  timer.o(.bss..L_MergedGlobals)
    rt_timer_start.random_nr                 0x20000140   Data           4  timer.o(.bss..L_MergedGlobals)
    _soft_timer_list                         0x20000144   Data           8  timer.o(.bss..L_MergedGlobals)
    _timer_list                              0x2000014c   Data           8  timer.o(.bss..L_MergedGlobals)
    [Anonymous Symbol]                       0x20000154   Section        0  shell.o(.bss..L_MergedGlobals)
    finsh_prompt_custom                      0x2000015c   Data           4  shell.o(.bss..L_MergedGlobals)
    _timer_thread                            0x20000168   Data         128  timer.o(.bss._timer_thread)
    [Anonymous Symbol]                       0x20000168   Section        0  timer.o(.bss._timer_thread)
    _timer_thread_stack                      0x200001e8   Data         512  timer.o(.bss._timer_thread_stack)
    [Anonymous Symbol]                       0x200001e8   Section        0  timer.o(.bss._timer_thread_stack)
    console                                  0x200003e8   Data          40  console_be.o(.bss.console)
    [Anonymous Symbol]                       0x200003e8   Section        0  console_be.o(.bss.console)
    finsh_get_prompt.finsh_prompt            0x20000410   Data         513  shell.o(.bss.finsh_get_prompt.finsh_prompt)
    [Anonymous Symbol]                       0x20000410   Section        0  shell.o(.bss.finsh_get_prompt.finsh_prompt)
    idle                                     0x20000614   Data         128  idle.o(.bss.idle)
    [Anonymous Symbol]                       0x20000614   Section        0  idle.o(.bss.idle)
    rt_heap                                  0x20000694   Data        6144  board.o(.bss.rt_heap)
    [Anonymous Symbol]                       0x20000694   Section        0  board.o(.bss.rt_heap)
    rt_kprintf.rt_log_buf                    0x20001ea0   Data         512  kservice.o(.bss.rt_kprintf.rt_log_buf)
    [Anonymous Symbol]                       0x20001ea0   Section        0  kservice.o(.bss.rt_kprintf.rt_log_buf)
    rt_thread_stack                          0x200021a0   Data         256  idle.o(.bss.rt_thread_stack)
    [Anonymous Symbol]                       0x200021a0   Section        0  idle.o(.bss.rt_thread_stack)
    rt_tick                                  0x200022a4   Data           4  clock.o(.bss.rt_tick)
    [Anonymous Symbol]                       0x200022a4   Section        0  clock.o(.bss.rt_tick)
    ulog                                     0x200022a8   Data         180  ulog.o(.bss.ulog)
    [Anonymous Symbol]                       0x200022a8   Section        0  ulog.o(.bss.ulog)
    ulog_formater.log_len                    0x2000235c   Data           4  ulog.o(.bss.ulog_formater.log_len)
    [Anonymous Symbol]                       0x2000235c   Section        0  ulog.o(.bss.ulog_formater.log_len)
    ulog_head_formater.log_len               0x20002360   Data           4  ulog.o(.bss.ulog_head_formater.log_len)
    [Anonymous Symbol]                       0x20002360   Section        0  ulog.o(.bss.ulog_head_formater.log_len)
    ulog_voutput.ulog_voutput_recursion      0x20002364   Data           1  ulog.o(.bss.ulog_voutput.ulog_voutput_recursion)
    [Anonymous Symbol]                       0x20002364   Section        0  ulog.o(.bss.ulog_voutput.ulog_voutput_recursion)
    STACK                                    0x20002368   Section     1024  startup_mm32f0270_keil.o(STACK)
    NVIC_INT_CTRL                            0xe000ed04   Number         0  context_gcc.o ABSOLUTE
    SCB_VTOR                                 0xe000ed08   Number         0  context_gcc.o ABSOLUTE
    NVIC_SHPR3                               0xe000ed20   Number         0  context_gcc.o ABSOLUTE
    NVIC_PENDSV_PRI                          0xffff0000   Number         0  context_gcc.o ABSOLUTE

    Global Symbols

    Symbol Name                              Value     Ov Type        Size  Object(Section)

    BuildAttributes$$THM_ISAv3M$S$PE$A:L22$X:L11$S22$IEEE1$IW$~IW$USESV6$~STKCKD$USESV7$~SHL$OSPACE$ROPI$EBA8$MICROLIB$REQ8$EABIv2 0x00000000   Number         0  anon$$obj.o ABSOLUTE
    __cpp_initialize__aeabi_                  - Undefined Weak Reference
    __cxa_finalize                            - Undefined Weak Reference
    __decompress                              - Undefined Weak Reference
    _clock_init                               - Undefined Weak Reference
    _microlib_exit                            - Undefined Weak Reference
    __Vectors_Size                           0x000000c0   Number         0  startup_mm32f0270_keil.o ABSOLUTE
    __Vectors                                0x08000000   Data           4  startup_mm32f0270_keil.o(RESET)
    __Vectors_End                            0x080000c0   Data           0  startup_mm32f0270_keil.o(RESET)
    __main                                   0x080000c1   Thumb Code     0  entry.o(.ARM.Collect$$$$00000000)
    _main_stk                                0x080000c1   Thumb Code     0  entry2.o(.ARM.Collect$$$$00000001)
    _main_scatterload                        0x080000c5   Thumb Code     0  entry5.o(.ARM.Collect$$$$00000004)
    __main_after_scatterload                 0x080000c9   Thumb Code     0  entry5.o(.ARM.Collect$$$$00000004)
    _main_clock                              0x080000c9   Thumb Code     0  entry7b.o(.ARM.Collect$$$$00000008)
    _main_cpp_init                           0x080000c9   Thumb Code     0  entry8b.o(.ARM.Collect$$$$0000000A)
    _main_init                               0x080000c9   Thumb Code     0  entry9a.o(.ARM.Collect$$$$0000000B)
    __rt_final_cpp                           0x080000d1   Thumb Code     0  entry10a.o(.ARM.Collect$$$$0000000D)
    __rt_final_exit                          0x080000d1   Thumb Code     0  entry11a.o(.ARM.Collect$$$$0000000F)
    Reset_Handler                            0x080000d5   Thumb Code    14  startup_mm32f0270_keil.o(.text)
    ADC_COMP_IRQHandler                      0x080000ed   Thumb Code     0  startup_mm32f0270_keil.o(.text)
    CAN_IRQHandler                           0x080000ed   Thumb Code     0  startup_mm32f0270_keil.o(.text)
    DMA1_Channel1_IRQHandler                 0x080000ed   Thumb Code     0  startup_mm32f0270_keil.o(.text)
    DMA1_Channel2_3_IRQHandler               0x080000ed   Thumb Code     0  startup_mm32f0270_keil.o(.text)
    DMA1_Channel4_5_6_7_IRQHandler           0x080000ed   Thumb Code     0  startup_mm32f0270_keil.o(.text)
    EXTI0_1_IRQHandler                       0x080000ed   Thumb Code     0  startup_mm32f0270_keil.o(.text)
    EXTI2_3_IRQHandler                       0x080000ed   Thumb Code     0  startup_mm32f0270_keil.o(.text)
    EXTI4_15_IRQHandler                      0x080000ed   Thumb Code     0  startup_mm32f0270_keil.o(.text)
    FLASH_IRQHandler                         0x080000ed   Thumb Code     0  startup_mm32f0270_keil.o(.text)
    HWDIV_IRQHandler                         0x080000ed   Thumb Code     0  startup_mm32f0270_keil.o(.text)
    I2C1_IRQHandler                          0x080000ed   Thumb Code     0  startup_mm32f0270_keil.o(.text)
    I2C2_IRQHandler                          0x080000ed   Thumb Code     0  startup_mm32f0270_keil.o(.text)
    LPTIMER_IRQHandler                       0x080000ed   Thumb Code     0  startup_mm32f0270_keil.o(.text)
    LPUART_IRQHandler                        0x080000ed   Thumb Code     0  startup_mm32f0270_keil.o(.text)
    PVD_IRQHandler                           0x080000ed   Thumb Code     0  startup_mm32f0270_keil.o(.text)
    RCC_CRS_IRQHandler                       0x080000ed   Thumb Code     0  startup_mm32f0270_keil.o(.text)
    RTC_BKP_IRQHandler                       0x080000ed   Thumb Code     0  startup_mm32f0270_keil.o(.text)
    SPI1_IRQHandler                          0x080000ed   Thumb Code     0  startup_mm32f0270_keil.o(.text)
    SPI2_IRQHandler                          0x080000ed   Thumb Code     0  startup_mm32f0270_keil.o(.text)
    TIM14_IRQHandler                         0x080000ed   Thumb Code     0  startup_mm32f0270_keil.o(.text)
    TIM15_IRQHandler                         0x080000ed   Thumb Code     0  startup_mm32f0270_keil.o(.text)
    TIM16_IRQHandler                         0x080000ed   Thumb Code     0  startup_mm32f0270_keil.o(.text)
    TIM17_IRQHandler                         0x080000ed   Thumb Code     0  startup_mm32f0270_keil.o(.text)
    TIM1_BRK_UP_TRG_COM_IRQHandler           0x080000ed   Thumb Code     0  startup_mm32f0270_keil.o(.text)
    TIM1_CC_IRQHandler                       0x080000ed   Thumb Code     0  startup_mm32f0270_keil.o(.text)
    UART3_4_IRQHandler                       0x080000ed   Thumb Code     0  startup_mm32f0270_keil.o(.text)
    USB_IRQHandler                           0x080000ed   Thumb Code     0  startup_mm32f0270_keil.o(.text)
    WWDG_IWDG_IRQHandler                     0x080000ed   Thumb Code     0  startup_mm32f0270_keil.o(.text)
    rt_hw_interrupt_disable                  0x080000fd   Thumb Code     0  context_gcc.o(.text)
    rt_hw_interrupt_enable                   0x08000105   Thumb Code     0  context_gcc.o(.text)
    rt_hw_context_switch                     0x0800010b   Thumb Code     0  context_gcc.o(.text)
    rt_hw_context_switch_interrupt           0x0800010b   Thumb Code     0  context_gcc.o(.text)
    PendSV_Handler                           0x08000127   Thumb Code     0  context_gcc.o(.text)
    rt_hw_context_switch_to                  0x0800017b   Thumb Code     0  context_gcc.o(.text)
    rt_hw_interrupt_thread_switch            0x080001b3   Thumb Code     0  context_gcc.o(.text)
    HardFault_Handler                        0x080001b7   Thumb Code     0  context_gcc.o(.text)
    rt_hw_interrupt_check                    0x080001c3   Thumb Code     0  context_gcc.o(.text)
    __aeabi_memcpy                           0x080001e9   Thumb Code    36  memcpya.o(.text)
    __aeabi_memcpy4                          0x080001e9   Thumb Code     0  memcpya.o(.text)
    __aeabi_memcpy8                          0x080001e9   Thumb Code     0  memcpya.o(.text)
    strncpy                                  0x0800020d   Thumb Code    26  strncpy.o(.text)
    strlen                                   0x08000227   Thumb Code    14  strlen.o(.text)
    strcmp                                   0x08000235   Thumb Code    28  strcmp.o(.text)
    memcmp                                   0x08000251   Thumb Code    26  memcmp.o(.text)
    strncmp                                  0x0800026b   Thumb Code    30  strncmp.o(.text)
    __aeabi_ddiv                             0x08000289   Thumb Code   234  ddiv.o(.text)
    __aeabi_uidiv                            0x08000379   Thumb Code     0  uidiv_div0.o(.text)
    __aeabi_uidivmod                         0x08000379   Thumb Code    62  uidiv_div0.o(.text)
    __aeabi_uldivmod                         0x080003b7   Thumb Code    96  uldiv.o(.text)
    __I$use$fp                               0x08000417   Thumb Code     0  iusefp.o(.text)
    _double_round                            0x08000417   Thumb Code    26  depilogue.o(.text)
    _double_epilogue                         0x08000431   Thumb Code   164  depilogue.o(.text)
    __aeabi_dadd                             0x080004d5   Thumb Code   328  dadd.o(.text)
    __aeabi_dsub                             0x0800061d   Thumb Code    12  dadd.o(.text)
    __aeabi_drsub                            0x08000629   Thumb Code    12  dadd.o(.text)
    __aeabi_dmul                             0x08000639   Thumb Code   202  dmul.o(.text)
    __aeabi_d2ulz                            0x08000709   Thumb Code    54  dfixul.o(.text)
    __aeabi_cdrcmple                         0x08000749   Thumb Code    38  cdrcmple.o(.text)
    __scatterload                            0x08000771   Thumb Code    28  init.o(.text)
    __scatterload_rt2                        0x08000771   Thumb Code     0  init.o(.text)
    __aeabi_llsl                             0x08000795   Thumb Code    32  llshl.o(.text)
    _ll_shift_l                              0x08000795   Thumb Code     0  llshl.o(.text)
    __aeabi_llsr                             0x080007b5   Thumb Code    34  llushr.o(.text)
    _ll_ushift_r                             0x080007b5   Thumb Code     0  llushr.o(.text)
    __aeabi_lasr                             0x080007d7   Thumb Code    38  llsshr.o(.text)
    _ll_sshift_r                             0x080007d7   Thumb Code     0  llsshr.o(.text)
    main                                     0x080007fd   Thumb Code    10  components.o(.text.$Sub$$main)
    AutoCalPllFactor                         0x08000807   Thumb Code    88  system_mm32f0270.o(.text.AutoCalPllFactor)
    GPIO_Init                                0x08000891   Thumb Code   132  hal_gpio.o(.text.GPIO_Init)
    GPIO_PinAFConfig                         0x08000915   Thumb Code    32  hal_gpio.o(.text.GPIO_PinAFConfig)
    GPIO_StructInit                          0x08000935   Thumb Code    12  hal_gpio.o(.text.GPIO_StructInit)
    NMI_Handler                              0x08000949   Thumb Code     2  mm32f0270_it.o(.text.NMI_Handler)
    NVIC_Init                                0x0800094d   Thumb Code    68  hal_misc.o(.text.NVIC_Init)
    RCC_AHBPeriphClockCmd                    0x0800099d   Thumb Code    20  hal_rcc.o(.text.RCC_AHBPeriphClockCmd)
    RCC_APB1PeriphClockCmd                   0x080009b5   Thumb Code    20  hal_rcc.o(.text.RCC_APB1PeriphClockCmd)
    RCC_APB2PeriphClockCmd                   0x080009cd   Thumb Code    20  hal_rcc.o(.text.RCC_APB2PeriphClockCmd)
    RCC_GetClocksFreq                        0x080009e5   Thumb Code    52  hal_rcc.o(.text.RCC_GetClocksFreq)
    RCC_GetHCLKFreq                          0x08000a25   Thumb Code    24  hal_rcc.o(.text.RCC_GetHCLKFreq)
    RCC_GetPCLK1Freq                         0x08000a3d   Thumb Code    24  hal_rcc.o(.text.RCC_GetPCLK1Freq)
    RCC_GetPCLK2Freq                         0x08000a55   Thumb Code    24  hal_rcc.o(.text.RCC_GetPCLK2Freq)
    RCC_GetSysClockFreq                      0x08000a75   Thumb Code    60  hal_rcc.o(.text.RCC_GetSysClockFreq)
    SVC_Handler                              0x08000ab9   Thumb Code     2  mm32f0270_it.o(.text.SVC_Handler)
    SysTick_Handler                          0x08000abd   Thumb Code    24  mm32f0270_it.o(.text.SysTick_Handler)
    SystemInit                               0x08000ad9   Thumb Code   344  system_mm32f0270.o(.text.SystemInit)
    TIM2_IRQHandler                          0x08000c65   Thumb Code     2  mm32f0270_it.o(.text.TIM2_IRQHandler)
    TIM3_IRQHandler                          0x08000c67   Thumb Code     2  mm32f0270_it.o(.text.TIM3_IRQHandler)
    UART1_IRQHandler                         0x08000c69   Thumb Code    60  mm32_uart.o(.text.UART1_IRQHandler)
    UART2_IRQHandler                         0x08000ca9   Thumb Code    84  mm32_uart.o(.text.UART2_IRQHandler)
    UART_ClearITPendingBit                   0x08000d01   Thumb Code     4  hal_uart.o(.text.UART_ClearITPendingBit)
    UART_Cmd                                 0x08000d05   Thumb Code    12  hal_uart.o(.text.UART_Cmd)
    UART_GetFlagStatus                       0x08000d11   Thumb Code    10  hal_uart.o(.text.UART_GetFlagStatus)
    UART_GetITStatus                         0x08000d1b   Thumb Code    10  hal_uart.o(.text.UART_GetITStatus)
    UART_ITConfig                            0x08000d25   Thumb Code    18  hal_uart.o(.text.UART_ITConfig)
    UART_Init                                0x08000d39   Thumb Code   112  hal_uart.o(.text.UART_Init)
    UART_ReceiveData                         0x08000dad   Thumb Code     6  hal_uart.o(.text.UART_ReceiveData)
    UART_SendData                            0x08000db3   Thumb Code     6  hal_uart.o(.text.UART_SendData)
    UART_StructInit                          0x08000db9   Thumb Code    24  hal_uart.o(.text.UART_StructInit)
    __rt_ffs                                 0x08000dd1   Thumb Code    56  kservice.o(.text.__rt_ffs)
    cmd_free                                 0x0800100d   Thumb Code    48  board.o(.text.cmd_free)
    cmd_list                                 0x08001071   Thumb Code   176  cmd.o(.text.cmd_list)
    console_init                             0x080011dd   Thumb Code    44  platform.o(.text.console_init)
    finsh_get_prompt                         0x0800131d   Thumb Code    72  shell.o(.text.finsh_get_prompt)
    finsh_getchar                            0x08001375   Thumb Code     8  shell.o(.text.finsh_getchar)
    finsh_system_init                        0x0800137d   Thumb Code   104  shell.o(.text.finsh_system_init)
    finsh_thread_entry                       0x0800141d   Thumb Code   932  shell.o(.text.finsh_thread_entry)
    init_hardware                            0x08001811   Thumb Code    10  main.o(.text.init_hardware)
    list_event                               0x0800181d   Thumb Code   192  cmd.o(.text.list_event)
    list_mempool                             0x080019b9   Thumb Code   204  cmd.o(.text.list_mempool)
    list_msgqueue                            0x08001b11   Thumb Code   200  cmd.o(.text.list_msgqueue)
    list_mutex                               0x08001c3d   Thumb Code   172  cmd.o(.text.list_mutex)
    list_sem                                 0x08001d49   Thumb Code   200  cmd.o(.text.list_sem)
    list_thread                              0x08001e75   Thumb Code   272  cmd.o(.text.list_thread)
    list_timer                               0x08001ffd   Thumb Code   196  cmd.o(.text.list_timer)
    $Super$$main                             0x08002161   Thumb Code    18  main.o(.text.main)
    main_thread_entry                        0x08002173   Thumb Code    12  components.o(.text.main_thread_entry)
    msh_auto_complete                        0x08002181   Thumb Code   144  msh.o(.text.msh_auto_complete)
    msh_exec                                 0x0800221d   Thumb Code   364  msh.o(.text.msh_exec)
    msh_help                                 0x080023d1   Thumb Code    44  msh.o(.text.msh_help)
    platform_init                            0x08002475   Thumb Code     8  platform.o(.text.platform_init)
    rt_application_init                      0x08002665   Thumb Code    32  components.o(.text.rt_application_init)
    rt_calloc                                0x08002691   Thumb Code    32  kservice.o(.text.rt_calloc)
    rt_components_board_init                 0x080026b1   Thumb Code    20  components.o(.text.rt_components_board_init)
    rt_components_init                       0x080026c9   Thumb Code    20  components.o(.text.rt_components_init)
    rt_enter_critical                        0x080026e5   Thumb Code    20  scheduler.o(.text.rt_enter_critical)
    rt_exit_critical                         0x080026f9   Thumb Code    48  scheduler.o(.text.rt_exit_critical)
    rt_free                                  0x0800272d   Thumb Code    24  kservice.o(.text.rt_free)
    rt_heap_begin_get                        0x08002745   Thumb Code     4  board.o(.text.rt_heap_begin_get)
    rt_heap_end_get                          0x08002749   Thumb Code    12  board.o(.text.rt_heap_end_get)
    rt_hw_board_init                         0x08002759   Thumb Code    26  board.o(.text.rt_hw_board_init)
    rt_hw_console_getchar                    0x08002775   Thumb Code    36  board.o(.text.rt_hw_console_getchar)
    rt_hw_console_output                     0x08002799   Thumb Code    64  board.o(.text.rt_hw_console_output)
    rt_hw_hard_fault_exception               0x080027dd   Thumb Code    64  cpuport.o(.text.rt_hw_hard_fault_exception)
    rt_hw_stack_init                         0x080028c1   Thumb Code    72  cpuport.o(.text.rt_hw_stack_init)
    rt_interrupt_enter                       0x0800290d   Thumb Code    20  irq.o(.text.rt_interrupt_enter)
    rt_interrupt_get_nest                    0x08002921   Thumb Code    20  irq.o(.text.rt_interrupt_get_nest)
    rt_interrupt_leave                       0x08002935   Thumb Code    20  irq.o(.text.rt_interrupt_leave)
    rt_kprintf                               0x0800294d   Thumb Code    52  kservice.o(.text.rt_kprintf)
    rt_kputs                                 0x08002989   Thumb Code    12  kservice.o(.text.rt_kputs)
    rt_malloc                                0x080029a9   Thumb Code    28  kservice.o(.text.rt_malloc)
    rt_memcpy                                0x080029c5   Thumb Code    86  kservice.o(.text.rt_memcpy)
    rt_memmove                               0x08002a1b   Thumb Code    48  kservice.o(.text.rt_memmove)
    rt_memory_info                           0x08002a4d   Thumb Code    56  kservice.o(.text.rt_memory_info)
    rt_memset                                0x08002a89   Thumb Code    64  kservice.o(.text.rt_memset)
    rt_mutex_init                            0x08002acd   Thumb Code    36  ipc.o(.text.rt_mutex_init)
    rt_mutex_release                         0x08002af5   Thumb Code   164  ipc.o(.text.rt_mutex_release)
    rt_mutex_take                            0x08002b9d   Thumb Code   184  ipc.o(.text.rt_mutex_take)
    rt_object_allocate                       0x08002c55   Thumb Code    80  object.o(.text.rt_object_allocate)
    rt_object_delete                         0x08002ca5   Thumb Code    42  object.o(.text.rt_object_delete)
    rt_object_detach                         0x08002ccf   Thumb Code    36  object.o(.text.rt_object_detach)
    rt_object_get_information                0x08002cf5   Thumb Code    36  object.o(.text.rt_object_get_information)
    rt_object_init                           0x08002d1d   Thumb Code    74  object.o(.text.rt_object_init)
    rt_object_is_systemobject                0x08002d67   Thumb Code     6  object.o(.text.rt_object_is_systemobject)
    rt_os_tick_callback                      0x08002d6d   Thumb Code    16  board.o(.text.rt_os_tick_callback)
    rt_schedule                              0x08002d7d   Thumb Code   196  scheduler.o(.text.rt_schedule)
    rt_schedule_insert_thread                0x08002e45   Thumb Code    96  scheduler.o(.text.rt_schedule_insert_thread)
    rt_schedule_remove_thread                0x08002ea5   Thumb Code    60  scheduler.o(.text.rt_schedule_remove_thread)
    rt_sem_init                              0x08002ee9   Thumb Code    32  ipc.o(.text.rt_sem_init)
    rt_show_version                          0x08002f09   Thumb Code    36  kservice.o(.text.rt_show_version)
    rt_smem_alloc                            0x08002fc1   Thumb Code   184  mem.o(.text.rt_smem_alloc)
    rt_smem_free                             0x08003079   Thumb Code    50  mem.o(.text.rt_smem_free)
    rt_smem_init                             0x080030ad   Thumb Code   120  mem.o(.text.rt_smem_init)
    rt_snprintf                              0x08003169   Thumb Code    22  kservice.o(.text.rt_snprintf)
    rt_soft_timer_check                      0x08003181   Thumb Code   160  timer.o(.text.rt_soft_timer_check)
    rt_sprintf                               0x08003225   Thumb Code    24  kservice.o(.text.rt_sprintf)
    rt_strerror                              0x0800323d   Thumb Code    24  kservice.o(.text.rt_strerror)
    rt_strlen                                0x08003289   Thumb Code    14  kservice.o(.text.rt_strlen)
    rt_strncpy                               0x08003297   Thumb Code    42  kservice.o(.text.rt_strncpy)
    rt_system_heap_init                      0x080032c1   Thumb Code    44  kservice.o(.text.rt_system_heap_init)
    rt_system_scheduler_init                 0x080032f5   Thumb Code    28  scheduler.o(.text.rt_system_scheduler_init)
    rt_system_scheduler_start                0x08003315   Thumb Code    36  scheduler.o(.text.rt_system_scheduler_start)
    rt_system_timer_init                     0x0800333d   Thumb Code    12  timer.o(.text.rt_system_timer_init)
    rt_system_timer_thread_init              0x08003349   Thumb Code    52  timer.o(.text.rt_system_timer_thread_init)
    rt_thread_control                        0x08003395   Thumb Code   120  thread.o(.text.rt_thread_control)
    rt_thread_create                         0x0800340d   Thumb Code    74  thread.o(.text.rt_thread_create)
    rt_thread_defunct_dequeue                0x08003459   Thumb Code    44  idle.o(.text.rt_thread_defunct_dequeue)
    rt_thread_defunct_enqueue                0x08003485   Thumb Code    20  idle.o(.text.rt_thread_defunct_enqueue)
    rt_thread_delay                          0x0800349d   Thumb Code     8  thread.o(.text.rt_thread_delay)
    rt_thread_delete                         0x080034a5   Thumb Code    62  thread.o(.text.rt_thread_delete)
    rt_thread_detach                         0x080034e3   Thumb Code    62  thread.o(.text.rt_thread_detach)
    rt_thread_idle_init                      0x08003559   Thumb Code    60  idle.o(.text.rt_thread_idle_init)
    rt_thread_init                           0x080035a9   Thumb Code    46  thread.o(.text.rt_thread_init)
    rt_thread_mdelay                         0x080035d7   Thumb Code    12  thread.o(.text.rt_thread_mdelay)
    rt_thread_resume                         0x080035e3   Thumb Code    70  thread.o(.text.rt_thread_resume)
    rt_thread_self                           0x08003629   Thumb Code     8  thread.o(.text.rt_thread_self)
    rt_thread_sleep                          0x08003631   Thumb Code    68  thread.o(.text.rt_thread_sleep)
    rt_thread_startup                        0x08003675   Thumb Code    40  thread.o(.text.rt_thread_startup)
    rt_thread_suspend                        0x080036a1   Thumb Code    66  thread.o(.text.rt_thread_suspend)
    rt_tick_from_millisecond                 0x080036e5   Thumb Code    48  clock.o(.text.rt_tick_from_millisecond)
    rt_tick_get                              0x08003719   Thumb Code     8  clock.o(.text.rt_tick_get)
    rt_tick_increase                         0x08003721   Thumb Code    68  clock.o(.text.rt_tick_increase)
    rt_timer_check                           0x08003769   Thumb Code   148  timer.o(.text.rt_timer_check)
    rt_timer_control                         0x08003801   Thumb Code    84  timer.o(.text.rt_timer_control)
    rt_timer_detach                          0x08003855   Thumb Code    48  timer.o(.text.rt_timer_detach)
    rt_timer_init                            0x08003885   Thumb Code    46  timer.o(.text.rt_timer_init)
    rt_timer_start                           0x080038b5   Thumb Code   204  timer.o(.text.rt_timer_start)
    rt_timer_stop                            0x0800398d   Thumb Code    54  timer.o(.text.rt_timer_stop)
    rt_vsnprintf                             0x080039c5   Thumb Code   700  kservice.o(.text.rt_vsnprintf)
    rt_vsprintf                              0x08003c89   Thumb Code    16  kservice.o(.text.rt_vsprintf)
    rtthread_startup                         0x08003ca9   Thumb Code    42  components.o(.text.rtthread_startup)
    systick_init                             0x08003d61   Thumb Code    68  platform.o(.text.systick_init)
    uart_config                              0x08003db1   Thumb Code   276  mm32_uart.o(.text.uart_config)
    ulog_backend_register                    0x08003eed   Thumb Code    68  ulog.o(.text.ulog_backend_register)
    ulog_console_backend_init                0x08003f31   Thumb Code    24  console_be.o(.text.ulog_console_backend_init)
    ulog_console_backend_output              0x08003f59   Thumb Code    10  console_be.o(.text.ulog_console_backend_output)
    ulog_formater                            0x08003f65   Thumb Code    64  ulog.o(.text.ulog_formater)
    ulog_head_formater                       0x08003fa9   Thumb Code    96  ulog.o(.text.ulog_head_formater)
    ulog_hex_formater                        0x08004019   Thumb Code   228  ulog.o(.text.ulog_hex_formater)
    ulog_init                                0x08004125   Thumb Code    36  ulog.o(.text.ulog_init)
    ulog_output                              0x08004155   Thumb Code    30  ulog.o(.text.ulog_output)
    ulog_strcpy                              0x08004173   Thumb Code    26  ulog.o(.text.ulog_strcpy)
    ulog_tail_formater                       0x0800418d   Thumb Code    76  ulog.o(.text.ulog_tail_formater)
    ulog_voutput                             0x0800426d   Thumb Code   152  ulog.o(.text.ulog_voutput)
    version                                  0x08004311   Thumb Code    10  cmd.o(.text.version)
    __0vsnprintf                             0x0800431d   Thumb Code    44  printfa.o(i.__0vsnprintf)
    __1vsnprintf                             0x0800431d   Thumb Code     0  printfa.o(i.__0vsnprintf)
    __2vsnprintf                             0x0800431d   Thumb Code     0  printfa.o(i.__0vsnprintf)
    __c89vsnprintf                           0x0800431d   Thumb Code     0  printfa.o(i.__0vsnprintf)
    vsnprintf                                0x0800431d   Thumb Code     0  printfa.o(i.__0vsnprintf)
    __ARM_clz                                0x0800434d   Thumb Code    46  depilogue.o(i.__ARM_clz)
    __scatterload_copy                       0x0800437b   Thumb Code    14  handlers.o(i.__scatterload_copy)
    __scatterload_null                       0x08004389   Thumb Code     2  handlers.o(i.__scatterload_null)
    __scatterload_zeroinit                   0x0800438b   Thumb Code    14  handlers.o(i.__scatterload_zeroinit)
    __fsym_clear_name                        0x08004c5a   Data           6  cmd.o(.rodata.__fsym_clear_name)
    __fsym_cmd_free_name                     0x08004c60   Data           9  board.o(.rodata.__fsym_cmd_free_name)
    __fsym_help_name                         0x08004c69   Data           5  msh.o(.rodata.__fsym_help_name)
    __fsym_list_event_name                   0x08004c6e   Data          11  cmd.o(.rodata.__fsym_list_event_name)
    __fsym_list_mempool_name                 0x08004c79   Data          13  cmd.o(.rodata.__fsym_list_mempool_name)
    __fsym_list_msgqueue_name                0x08004c86   Data          14  cmd.o(.rodata.__fsym_list_msgqueue_name)
    __fsym_list_mutex_name                   0x08004c94   Data          11  cmd.o(.rodata.__fsym_list_mutex_name)
    __fsym_list_name                         0x08004c9f   Data           5  cmd.o(.rodata.__fsym_list_name)
    __fsym_list_sem_name                     0x08004ca4   Data           9  cmd.o(.rodata.__fsym_list_sem_name)
    __fsym_list_thread_name                  0x08004cad   Data          12  cmd.o(.rodata.__fsym_list_thread_name)
    __fsym_list_timer_name                   0x08004cb9   Data          11  cmd.o(.rodata.__fsym_list_timer_name)
    __fsym_ulog_test_name                    0x08004cc4   Data          10  console_be.o(.rodata.__fsym_ulog_test_name)
    __fsym_version_name                      0x08004cce   Data           8  cmd.o(.rodata.__fsym_version_name)
    __lowest_bit_bitmap                      0x08004cd6   Data         256  kservice.o(.rodata.__lowest_bit_bitmap)
    __rt_init_rti_start                      0x08005030   Data           4  components.o(.rti_fn.0)
    __rt_init_rti_board_start                0x08005034   Data           4  components.o(.rti_fn.0.end)
    __rt_init_init_hardware                  0x08005038   Data           4  main.o(.rti_fn.1)
    __rt_init_ulog_init                      0x0800503c   Data           4  ulog.o(.rti_fn.1)
    __rt_init_uart_init                      0x08005040   Data           4  board.o(.rti_fn.1)
    __rt_init_rti_board_end                  0x08005044   Data           4  components.o(.rti_fn.1.end)
    __rt_init_ulog_console_backend_init      0x08005048   Data           4  console_be.o(.rti_fn.6)
    __rt_init_finsh_system_init              0x0800504c   Data           4  shell.o(.rti_fn.6)
    __rt_init_rti_end                        0x08005050   Data           4  components.o(.rti_fn.6.end)
    FSymTab$$Base                            0x08005054   Number         0  console_be.o(FSymTab)
    __fsym_ulog_test                         0x08005054   Data           8  console_be.o(FSymTab)
    __fsym_cmd_free                          0x0800505c   Data           8  board.o(FSymTab)
    __fsym_clear                             0x08005064   Data           8  cmd.o(FSymTab)
    __fsym_version                           0x0800506c   Data           8  cmd.o(FSymTab)
    __fsym_list_thread                       0x08005074   Data           8  cmd.o(FSymTab)
    __fsym_list_sem                          0x0800507c   Data           8  cmd.o(FSymTab)
    __fsym_list_event                        0x08005084   Data           8  cmd.o(FSymTab)
    __fsym_list_mutex                        0x0800508c   Data           8  cmd.o(FSymTab)
    __fsym_list_msgqueue                     0x08005094   Data           8  cmd.o(FSymTab)
    __fsym_list_mempool                      0x0800509c   Data           8  cmd.o(FSymTab)
    __fsym_list_timer                        0x080050a4   Data           8  cmd.o(FSymTab)
    __fsym_list                              0x080050ac   Data           8  cmd.o(FSymTab)
    __fsym_help                              0x080050b4   Data           8  msh.o(FSymTab)
    FSymTab$$Limit                           0x080050bc   Number         0  msh.o(FSymTab)
    Region$$Table$$Base                      0x080050bc   Number         0  anon$$obj.o(Region$$Table)
    Region$$Table$$Limit                     0x080050dc   Number         0  anon$$obj.o(Region$$Table)
    SystemCoreClock                          0x20000000   Data           4  system_mm32f0270.o(.data.SystemCoreClock)
    tbPresc                                  0x2000008c   Data          16  hal_rcc.o(.data.tbPresc)
    uart1                                    0x2000009c   Data          48  mm32_uart.o(.data.uart1)
    uart2                                    0x200000cc   Data          48  mm32_uart.o(.data.uart2)
    rt_current_priority                      0x20000130   Data           1  scheduler.o(.bss..L_MergedGlobals)
    rt_current_thread                        0x20000134   Data           4  scheduler.o(.bss..L_MergedGlobals)
    rt_thread_ready_priority_group           0x20000138   Data           4  scheduler.o(.bss..L_MergedGlobals)
    _syscall_table_begin                     0x20000154   Data           4  shell.o(.bss..L_MergedGlobals)
    _syscall_table_end                       0x20000158   Data           4  shell.o(.bss..L_MergedGlobals)
    shell                                    0x20000160   Data           4  shell.o(.bss..L_MergedGlobals)
    PLATFORM_DelayTick                       0x20000164   Data           4  platform.o(.bss.PLATFORM_DelayTick)
    rt_interrupt_from_thread                 0x20001e94   Data           4  cpuport.o(.bss.rt_interrupt_from_thread)
    rt_interrupt_nest                        0x20001e98   Data           1  irq.o(.bss.rt_interrupt_nest)
    rt_interrupt_to_thread                   0x20001e9c   Data           4  cpuport.o(.bss.rt_interrupt_to_thread)
    rt_thread_priority_table                 0x200020a0   Data         256  scheduler.o(.bss.rt_thread_priority_table)
    rt_thread_switch_interrupt_flag          0x200022a0   Data           4  cpuport.o(.bss.rt_thread_switch_interrupt_flag)
    __initial_sp                             0x20002768   Data           0  startup_mm32f0270_keil.o(STACK)



==============================================================================

Memory Map of the image

  Image Entry point : 0x080000c1

  Load Region LR_IROM1 (Base: 0x08000000, Size: 0x000051e0, Max: 0x00020000, ABSOLUTE)

    Execution Region ER_IROM1 (Exec base: 0x08000000, Load base: 0x08000000, Size: 0x000050dc, Max: 0x00020000, ABSOLUTE)

    Exec Addr    Load Addr    Size         Type   Attr      Idx    E Section Name        Object

    0x08000000   0x08000000   0x000000c0   Data   RO         1467    RESET               startup_mm32f0270_keil.o
    0x080000c0   0x080000c0   0x00000000   Code   RO         2166  * .ARM.Collect$$$$00000000  mc_p.l(entry.o)
    0x080000c0   0x080000c0   0x00000004   Code   RO         2253    .ARM.Collect$$$$00000001  mc_p.l(entry2.o)
    0x080000c4   0x080000c4   0x00000004   Code   RO         2256    .ARM.Collect$$$$00000004  mc_p.l(entry5.o)
    0x080000c8   0x080000c8   0x00000000   Code   RO         2258    .ARM.Collect$$$$00000008  mc_p.l(entry7b.o)
    0x080000c8   0x080000c8   0x00000000   Code   RO         2260    .ARM.Collect$$$$0000000A  mc_p.l(entry8b.o)
    0x080000c8   0x080000c8   0x00000008   Code   RO         2261    .ARM.Collect$$$$0000000B  mc_p.l(entry9a.o)
    0x080000d0   0x080000d0   0x00000000   Code   RO         2263    .ARM.Collect$$$$0000000D  mc_p.l(entry10a.o)
    0x080000d0   0x080000d0   0x00000000   Code   RO         2265    .ARM.Collect$$$$0000000F  mc_p.l(entry11a.o)
    0x080000d0   0x080000d0   0x00000004   Code   RO         2254    .ARM.Collect$$$$00002712  mc_p.l(entry2.o)
    0x080000d4   0x080000d4   0x00000028   Code   RO         1468    .text               startup_mm32f0270_keil.o
    0x080000fc   0x080000fc   0x000000ec   Code   RO         2010    .text               context_gcc.o
    0x080001e8   0x080001e8   0x00000024   Code   RO         2203    .text               mc_p.l(memcpya.o)
    0x0800020c   0x0800020c   0x0000001a   Code   RO         2207    .text               mc_p.l(strncpy.o)
    0x08000226   0x08000226   0x0000000e   Code   RO         2209    .text               mc_p.l(strlen.o)
    0x08000234   0x08000234   0x0000001c   Code   RO         2211    .text               mc_p.l(strcmp.o)
    0x08000250   0x08000250   0x0000001a   Code   RO         2213    .text               mc_p.l(memcmp.o)
    0x0800026a   0x0800026a   0x0000001e   Code   RO         2217    .text               mc_p.l(strncmp.o)
    0x08000288   0x08000288   0x000000f0   Code   RO         2249    .text               mf_p.l(ddiv.o)
    0x08000378   0x08000378   0x0000003e   Code   RO         2270    .text               mc_p.l(uidiv_div0.o)
    0x080003b6   0x080003b6   0x00000060   Code   RO         2276    .text               mc_p.l(uldiv.o)
    0x08000416   0x08000416   0x00000000   Code   RO         2278    .text               mc_p.l(iusefp.o)
    0x08000416   0x08000416   0x000000be   Code   RO         2279    .text               mf_p.l(depilogue.o)
    0x080004d4   0x080004d4   0x00000164   Code   RO         2283    .text               mf_p.l(dadd.o)
    0x08000638   0x08000638   0x000000d0   Code   RO         2285    .text               mf_p.l(dmul.o)
    0x08000708   0x08000708   0x00000040   Code   RO         2287    .text               mf_p.l(dfixul.o)
    0x08000748   0x08000748   0x00000028   Code   RO         2289    .text               mf_p.l(cdrcmple.o)
    0x08000770   0x08000770   0x00000024   Code   RO         2291    .text               mc_p.l(init.o)
    0x08000794   0x08000794   0x00000020   Code   RO         2293    .text               mc_p.l(llshl.o)
    0x080007b4   0x080007b4   0x00000022   Code   RO         2295    .text               mc_p.l(llushr.o)
    0x080007d6   0x080007d6   0x00000026   Code   RO         2297    .text               mc_p.l(llsshr.o)
    0x080007fc   0x080007fc   0x0000000a   Code   RO         1584    .text.$Sub$$main    components.o
    0x08000806   0x08000806   0x00000058   Code   RO         1452    .text.AutoCalPllFactor  system_mm32f0270.o
    0x0800085e   0x0800085e   0x00000002   PAD
    0x08000860   0x08000860   0x00000030   Code   RO         1454    .text.DELAY_xUs     system_mm32f0270.o
    0x08000890   0x08000890   0x00000084   Code   RO          624    .text.GPIO_Init     hal_gpio.o
    0x08000914   0x08000914   0x00000020   Code   RO          648    .text.GPIO_PinAFConfig  hal_gpio.o
    0x08000934   0x08000934   0x00000014   Code   RO          626    .text.GPIO_StructInit  hal_gpio.o
    0x08000948   0x08000948   0x00000002   Code   RO           24    .text.NMI_Handler   mm32f0270_it.o
    0x0800094a   0x0800094a   0x00000002   PAD
    0x0800094c   0x0800094c   0x00000050   Code   RO          860    .text.NVIC_Init     hal_misc.o
    0x0800099c   0x0800099c   0x00000018   Code   RO          954    .text.RCC_AHBPeriphClockCmd  hal_rcc.o
    0x080009b4   0x080009b4   0x00000018   Code   RO          958    .text.RCC_APB1PeriphClockCmd  hal_rcc.o
    0x080009cc   0x080009cc   0x00000018   Code   RO          956    .text.RCC_APB2PeriphClockCmd  hal_rcc.o
    0x080009e4   0x080009e4   0x00000040   Code   RO          952    .text.RCC_GetClocksFreq  hal_rcc.o
    0x08000a24   0x08000a24   0x00000018   Code   RO          946    .text.RCC_GetHCLKFreq  hal_rcc.o
    0x08000a3c   0x08000a3c   0x00000018   Code   RO          948    .text.RCC_GetPCLK1Freq  hal_rcc.o
    0x08000a54   0x08000a54   0x00000020   Code   RO          950    .text.RCC_GetPCLK2Freq  hal_rcc.o
    0x08000a74   0x08000a74   0x00000044   Code   RO          944    .text.RCC_GetSysClockFreq  hal_rcc.o
    0x08000ab8   0x08000ab8   0x00000002   Code   RO           28    .text.SVC_Handler   mm32f0270_it.o
    0x08000aba   0x08000aba   0x00000002   PAD
    0x08000abc   0x08000abc   0x0000001c   Code   RO           32    .text.SysTick_Handler  mm32f0270_it.o
    0x08000ad8   0x08000ad8   0x0000018c   Code   RO         1450    .text.SystemInit    system_mm32f0270.o
    0x08000c64   0x08000c64   0x00000002   Code   RO           40    .text.TIM2_IRQHandler  mm32f0270_it.o
    0x08000c66   0x08000c66   0x00000002   Code   RO           38    .text.TIM3_IRQHandler  mm32f0270_it.o
    0x08000c68   0x08000c68   0x00000040   Code   RO          128    .text.UART1_IRQHandler  mm32_uart.o
    0x08000ca8   0x08000ca8   0x00000058   Code   RO          130    .text.UART2_IRQHandler  mm32_uart.o
    0x08000d00   0x08000d00   0x00000004   Code   RO         1353    .text.UART_ClearITPendingBit  hal_uart.o
    0x08000d04   0x08000d04   0x0000000c   Code   RO         1339    .text.UART_Cmd      hal_uart.o
    0x08000d10   0x08000d10   0x0000000a   Code   RO         1349    .text.UART_GetFlagStatus  hal_uart.o
    0x08000d1a   0x08000d1a   0x0000000a   Code   RO         1351    .text.UART_GetITStatus  hal_uart.o
    0x08000d24   0x08000d24   0x00000012   Code   RO         1341    .text.UART_ITConfig  hal_uart.o
    0x08000d36   0x08000d36   0x00000002   PAD
    0x08000d38   0x08000d38   0x00000074   Code   RO         1335    .text.UART_Init     hal_uart.o
    0x08000dac   0x08000dac   0x00000006   Code   RO         1347    .text.UART_ReceiveData  hal_uart.o
    0x08000db2   0x08000db2   0x00000006   Code   RO         1345    .text.UART_SendData  hal_uart.o
    0x08000db8   0x08000db8   0x00000018   Code   RO         1337    .text.UART_StructInit  hal_uart.o
    0x08000dd0   0x08000dd0   0x0000003c   Code   RO         1796    .text.__rt_ffs      kservice.o
    0x08000e0c   0x08000e0c   0x00000018   Code   RO         1780    .text._heap_lock    kservice.o
    0x08000e24   0x08000e24   0x00000018   Code   RO         1782    .text._heap_unlock  kservice.o
    0x08000e3c   0x08000e3c   0x0000000c   Code   RO         1645    .text._ipc_list_resume  ipc.o
    0x08000e48   0x08000e48   0x0000004c   Code   RO         1639    .text._ipc_list_suspend  ipc.o
    0x08000e94   0x08000e94   0x00000024   Code   RO         1885    .text._scheduler_get_highest_priority_thread  scheduler.o
    0x08000eb8   0x08000eb8   0x00000038   Code   RO         1943    .text._thread_exit  thread.o
    0x08000ef0   0x08000ef0   0x0000006c   Code   RO         1913    .text._thread_init  thread.o
    0x08000f5c   0x08000f5c   0x00000034   Code   RO         1945    .text._thread_timeout  thread.o
    0x08000f90   0x08000f90   0x00000022   Code   RO         1973    .text._timer_list_next_timeout  timer.o
    0x08000fb2   0x08000fb2   0x00000002   PAD
    0x08000fb4   0x08000fb4   0x00000044   Code   RO         1981    .text._timer_thread_entry  timer.o
    0x08000ff8   0x08000ff8   0x00000014   Code   RO         2044    .text.clear         cmd.o
    0x0800100c   0x0800100c   0x00000064   Code   RO         2030    .text.cmd_free      board.o
    0x08001070   0x08001070   0x0000016c   Code   RO         2070    .text.cmd_list      cmd.o
    0x080011dc   0x080011dc   0x00000030   Code   RO          149    .text.console_init  platform.o
    0x0800120c   0x0800120c   0x00000110   Code   RO         1497    .text.do_output     ulog.o
    0x0800131c   0x0800131c   0x00000058   Code   RO         2135    .text.finsh_get_prompt  shell.o
    0x08001374   0x08001374   0x00000008   Code   RO         2141    .text.finsh_getchar  shell.o
    0x0800137c   0x0800137c   0x000000a0   Code   RO         2153    .text.finsh_system_init  shell.o
    0x0800141c   0x0800141c   0x000003d0   Code   RO         2147    .text.finsh_thread_entry  shell.o
    0x080017ec   0x080017ec   0x00000024   Code   RO         1491    .text.get_log_buf   ulog.o
    0x08001810   0x08001810   0x0000000a   Code   RO            4    .text.init_hardware  main.o
    0x0800181a   0x0800181a   0x00000002   PAD
    0x0800181c   0x0800181c   0x00000138   Code   RO         2060    .text.list_event    cmd.o
    0x08001954   0x08001954   0x00000064   Code   RO         2052    .text.list_get_next  cmd.o
    0x080019b8   0x080019b8   0x00000158   Code   RO         2066    .text.list_mempool  cmd.o
    0x08001b10   0x08001b10   0x0000012c   Code   RO         2064    .text.list_msgqueue  cmd.o
    0x08001c3c   0x08001c3c   0x0000010c   Code   RO         2062    .text.list_mutex    cmd.o
    0x08001d48   0x08001d48   0x0000012c   Code   RO         2054    .text.list_sem      cmd.o
    0x08001e74   0x08001e74   0x00000188   Code   RO         2048    .text.list_thread   cmd.o
    0x08001ffc   0x08001ffc   0x00000164   Code   RO         2068    .text.list_timer    cmd.o
    0x08002160   0x08002160   0x00000012   Code   RO            2    .text.main          main.o
    0x08002172   0x08002172   0x0000000c   Code   RO         1588    .text.main_thread_entry  components.o
    0x0800217e   0x0800217e   0x00000002   PAD
    0x08002180   0x08002180   0x0000009c   Code   RO         2105    .text.msh_auto_complete  msh.o
    0x0800221c   0x0800221c   0x000001b4   Code   RO         2103    .text.msh_exec      msh.o
    0x080023d0   0x080023d0   0x00000058   Code   RO         2101    .text.msh_help      msh.o
    0x08002428   0x08002428   0x0000001c   Code   RO         2050    .text.object_split  cmd.o
    0x08002444   0x08002444   0x00000018   Code   RO         1493    .text.output_lock   ulog.o
    0x0800245c   0x0800245c   0x00000018   Code   RO         1495    .text.output_unlock  ulog.o
    0x08002474   0x08002474   0x00000008   Code   RO          155    .text.platform_init  platform.o
    0x0800247c   0x0800247c   0x00000054   Code   RO         1821    .text.plug_holes    mem.o
    0x080024d0   0x080024d0   0x00000194   Code   RO         1766    .text.print_number  kservice.o
    0x08002664   0x08002664   0x0000002c   Code   RO         1590    .text.rt_application_init  components.o
    0x08002690   0x08002690   0x00000020   Code   RO         1786    .text.rt_calloc     kservice.o
    0x080026b0   0x080026b0   0x00000018   Code   RO         1580    .text.rt_components_board_init  components.o
    0x080026c8   0x080026c8   0x0000001c   Code   RO         1582    .text.rt_components_init  components.o
    0x080026e4   0x080026e4   0x00000014   Code   RO         1893    .text.rt_enter_critical  scheduler.o
    0x080026f8   0x080026f8   0x00000034   Code   RO         1895    .text.rt_exit_critical  scheduler.o
    0x0800272c   0x0800272c   0x00000018   Code   RO         1788    .text.rt_free       kservice.o
    0x08002744   0x08002744   0x00000004   Code   RO         2016    .text.rt_heap_begin_get  board.o
    0x08002748   0x08002748   0x00000010   Code   RO         2018    .text.rt_heap_end_get  board.o
    0x08002758   0x08002758   0x0000001a   Code   RO         2022    .text.rt_hw_board_init  board.o
    0x08002772   0x08002772   0x00000002   PAD
    0x08002774   0x08002774   0x00000024   Code   RO         2028    .text.rt_hw_console_getchar  board.o
    0x08002798   0x08002798   0x00000044   Code   RO         2026    .text.rt_hw_console_output  board.o
    0x080027dc   0x080027dc   0x000000e4   Code   RO         1996    .text.rt_hw_hard_fault_exception  cpuport.o
    0x080028c0   0x080028c0   0x0000004c   Code   RO         1994    .text.rt_hw_stack_init  cpuport.o
    0x0800290c   0x0800290c   0x00000014   Code   RO         1705    .text.rt_interrupt_enter  irq.o
    0x08002920   0x08002920   0x00000014   Code   RO         1709    .text.rt_interrupt_get_nest  irq.o
    0x08002934   0x08002934   0x00000018   Code   RO         1707    .text.rt_interrupt_leave  irq.o
    0x0800294c   0x0800294c   0x0000003c   Code   RO         1760    .text.rt_kprintf    kservice.o
    0x08002988   0x08002988   0x0000000c   Code   RO         1776    .text.rt_kputs      kservice.o
    0x08002994   0x08002994   0x00000012   Code   RO         2056    .text.rt_list_len   cmd.o
    0x080029a6   0x080029a6   0x00000002   PAD
    0x080029a8   0x080029a8   0x0000001c   Code   RO         1756    .text.rt_malloc     kservice.o
    0x080029c4   0x080029c4   0x00000056   Code   RO         1732    .text.rt_memcpy     kservice.o
    0x08002a1a   0x08002a1a   0x00000030   Code   RO         1734    .text.rt_memmove    kservice.o
    0x08002a4a   0x08002a4a   0x00000002   PAD
    0x08002a4c   0x08002a4c   0x0000003c   Code   RO         1790    .text.rt_memory_info  kservice.o
    0x08002a88   0x08002a88   0x00000044   Code   RO         1730    .text.rt_memset     kservice.o
    0x08002acc   0x08002acc   0x00000028   Code   RO         1649    .text.rt_mutex_init  ipc.o
    0x08002af4   0x08002af4   0x000000a8   Code   RO         1661    .text.rt_mutex_release  ipc.o
    0x08002b9c   0x08002b9c   0x000000b8   Code   RO         1657    .text.rt_mutex_take  ipc.o
    0x08002c54   0x08002c54   0x00000050   Code   RO         1862    .text.rt_object_allocate  object.o
    0x08002ca4   0x08002ca4   0x0000002a   Code   RO         1864    .text.rt_object_delete  object.o
    0x08002cce   0x08002cce   0x00000024   Code   RO         1860    .text.rt_object_detach  object.o
    0x08002cf2   0x08002cf2   0x00000002   PAD
    0x08002cf4   0x08002cf4   0x00000028   Code   RO         1852    .text.rt_object_get_information  object.o
    0x08002d1c   0x08002d1c   0x0000004a   Code   RO         1858    .text.rt_object_init  object.o
    0x08002d66   0x08002d66   0x00000006   Code   RO         1866    .text.rt_object_is_systemobject  object.o
    0x08002d6c   0x08002d6c   0x00000010   Code   RO         2020    .text.rt_os_tick_callback  board.o
    0x08002d7c   0x08002d7c   0x000000c8   Code   RO         1889    .text.rt_schedule   scheduler.o
    0x08002e44   0x08002e44   0x00000060   Code   RO         1891    .text.rt_schedule_insert_thread  scheduler.o
    0x08002ea4   0x08002ea4   0x00000044   Code   RO         1887    .text.rt_schedule_remove_thread  scheduler.o
    0x08002ee8   0x08002ee8   0x00000020   Code   RO         1627    .text.rt_sem_init   ipc.o
    0x08002f08   0x08002f08   0x000000b8   Code   RO         1758    .text.rt_show_version  kservice.o
    0x08002fc0   0x08002fc0   0x000000b8   Code   RO         1815    .text.rt_smem_alloc  mem.o
    0x08003078   0x08003078   0x00000032   Code   RO         1819    .text.rt_smem_free  mem.o
    0x080030aa   0x080030aa   0x00000002   PAD
    0x080030ac   0x080030ac   0x000000bc   Code   RO         1811    .text.rt_smem_init  mem.o
    0x08003168   0x08003168   0x00000016   Code   RO         1768    .text.rt_snprintf   kservice.o
    0x0800317e   0x0800317e   0x00000002   PAD
    0x08003180   0x08003180   0x000000a4   Code   RO         1975    .text.rt_soft_timer_check  timer.o
    0x08003224   0x08003224   0x00000018   Code   RO         1772    .text.rt_sprintf    kservice.o
    0x0800323c   0x0800323c   0x0000004c   Code   RO         1722    .text.rt_strerror   kservice.o
    0x08003288   0x08003288   0x0000000e   Code   RO         1740    .text.rt_strlen     kservice.o
    0x08003296   0x08003296   0x0000002a   Code   RO         1744    .text.rt_strncpy    kservice.o
    0x080032c0   0x080032c0   0x00000034   Code   RO         1778    .text.rt_system_heap_init  kservice.o
    0x080032f4   0x080032f4   0x00000020   Code   RO         1881    .text.rt_system_scheduler_init  scheduler.o
    0x08003314   0x08003314   0x00000028   Code   RO         1883    .text.rt_system_scheduler_start  scheduler.o
    0x0800333c   0x0800333c   0x0000000c   Code   RO         1977    .text.rt_system_timer_init  timer.o
    0x08003348   0x08003348   0x0000004c   Code   RO         1979    .text.rt_system_timer_thread_init  timer.o
    0x08003394   0x08003394   0x00000078   Code   RO         1939    .text.rt_thread_control  thread.o
    0x0800340c   0x0800340c   0x0000004a   Code   RO         1923    .text.rt_thread_create  thread.o
    0x08003456   0x08003456   0x00000002   PAD
    0x08003458   0x08003458   0x0000002c   Code   RO         1608    .text.rt_thread_defunct_dequeue  idle.o
    0x08003484   0x08003484   0x00000018   Code   RO         1606    .text.rt_thread_defunct_enqueue  idle.o
    0x0800349c   0x0800349c   0x00000008   Code   RO         1933    .text.rt_thread_delay  thread.o
    0x080034a4   0x080034a4   0x0000003e   Code   RO         1925    .text.rt_thread_delete  thread.o
    0x080034e2   0x080034e2   0x0000003e   Code   RO         1921    .text.rt_thread_detach  thread.o
    0x08003520   0x08003520   0x00000036   Code   RO         1612    .text.rt_thread_idle_entry  idle.o
    0x08003556   0x08003556   0x00000002   PAD
    0x08003558   0x08003558   0x00000050   Code   RO         1610    .text.rt_thread_idle_init  idle.o
    0x080035a8   0x080035a8   0x0000002e   Code   RO         1911    .text.rt_thread_init  thread.o
    0x080035d6   0x080035d6   0x0000000c   Code   RO         1937    .text.rt_thread_mdelay  thread.o
    0x080035e2   0x080035e2   0x00000046   Code   RO         1919    .text.rt_thread_resume  thread.o
    0x08003628   0x08003628   0x00000008   Code   RO         1915    .text.rt_thread_self  thread.o
    0x08003630   0x08003630   0x00000044   Code   RO         1929    .text.rt_thread_sleep  thread.o
    0x08003674   0x08003674   0x0000002c   Code   RO         1917    .text.rt_thread_startup  thread.o
    0x080036a0   0x080036a0   0x00000042   Code   RO         1931    .text.rt_thread_suspend  thread.o
    0x080036e2   0x080036e2   0x00000002   PAD
    0x080036e4   0x080036e4   0x00000034   Code   RO         1559    .text.rt_tick_from_millisecond  clock.o
    0x08003718   0x08003718   0x00000008   Code   RO         1553    .text.rt_tick_get   clock.o
    0x08003720   0x08003720   0x00000048   Code   RO         1557    .text.rt_tick_increase  clock.o
    0x08003768   0x08003768   0x00000098   Code   RO         1969    .text.rt_timer_check  timer.o
    0x08003800   0x08003800   0x00000054   Code   RO         1967    .text.rt_timer_control  timer.o
    0x08003854   0x08003854   0x00000030   Code   RO         1957    .text.rt_timer_detach  timer.o
    0x08003884   0x08003884   0x0000002e   Code   RO         1955    .text.rt_timer_init  timer.o
    0x080038b2   0x080038b2   0x00000002   PAD
    0x080038b4   0x080038b4   0x000000d8   Code   RO         1963    .text.rt_timer_start  timer.o
    0x0800398c   0x0800398c   0x00000036   Code   RO         1965    .text.rt_timer_stop  timer.o
    0x080039c2   0x080039c2   0x00000002   PAD
    0x080039c4   0x080039c4   0x000002c4   Code   RO         1762    .text.rt_vsnprintf  kservice.o
    0x08003c88   0x08003c88   0x00000010   Code   RO         1770    .text.rt_vsprintf   kservice.o
    0x08003c98   0x08003c98   0x00000004   Code   RO         1576    .text.rti_board_end  components.o
    0x08003c9c   0x08003c9c   0x00000004   Code   RO         1574    .text.rti_board_start  components.o
    0x08003ca0   0x08003ca0   0x00000004   Code   RO         1578    .text.rti_end       components.o
    0x08003ca4   0x08003ca4   0x00000004   Code   RO         1572    .text.rti_start     components.o
    0x08003ca8   0x08003ca8   0x0000002a   Code   RO         1586    .text.rtthread_startup  components.o
    0x08003cd2   0x08003cd2   0x00000002   PAD
    0x08003cd4   0x08003cd4   0x00000030   Code   RO         2149    .text.shell_handle_history  shell.o
    0x08003d04   0x08003d04   0x00000038   Code   RO         2058    .text.show_wait_queue  cmd.o
    0x08003d3c   0x08003d3c   0x00000024   Code   RO         1764    .text.skip_atoi     kservice.o
    0x08003d60   0x08003d60   0x00000050   Code   RO          145    .text.systick_init  platform.o
    0x08003db0   0x08003db0   0x0000012c   Code   RO          124    .text.uart_config   mm32_uart.o
    0x08003edc   0x08003edc   0x0000000e   Code   RO         2024    .text.uart_init     board.o
    0x08003eea   0x08003eea   0x00000002   PAD
    0x08003eec   0x08003eec   0x00000044   Code   RO         1505    .text.ulog_backend_register  ulog.o
    0x08003f30   0x08003f30   0x00000028   Code   RO         1537    .text.ulog_console_backend_init  console_be.o
    0x08003f58   0x08003f58   0x0000000a   Code   RO         1535    .text.ulog_console_backend_output  console_be.o
    0x08003f62   0x08003f62   0x00000002   PAD
    0x08003f64   0x08003f64   0x00000044   Code   RO         1485    .text.ulog_formater  ulog.o
    0x08003fa8   0x08003fa8   0x00000070   Code   RO         1481    .text.ulog_head_formater  ulog.o
    0x08004018   0x08004018   0x0000010c   Code   RO         1487    .text.ulog_hex_formater  ulog.o
    0x08004124   0x08004124   0x00000030   Code   RO         1515    .text.ulog_init     ulog.o
    0x08004154   0x08004154   0x0000001e   Code   RO         1499    .text.ulog_output   ulog.o
    0x08004172   0x08004172   0x0000001a   Code   RO         1475    .text.ulog_strcpy   ulog.o
    0x0800418c   0x0800418c   0x00000058   Code   RO         1483    .text.ulog_tail_formater  ulog.o
    0x080041e4   0x080041e4   0x00000088   Code   RO         1539    .text.ulog_test     console_be.o
    0x0800426c   0x0800426c   0x000000a4   Code   RO         1489    .text.ulog_voutput  ulog.o
    0x08004310   0x08004310   0x0000000a   Code   RO         2046    .text.version       cmd.o
    0x0800431a   0x0800431a   0x00000002   PAD
    0x0800431c   0x0800431c   0x00000030   Code   RO         2227    i.__0vsnprintf      mc_p.l(printfa.o)
    0x0800434c   0x0800434c   0x0000002e   Code   RO         2281    i.__ARM_clz         mf_p.l(depilogue.o)
    0x0800437a   0x0800437a   0x0000000e   Code   RO         2301    i.__scatterload_copy  mc_p.l(handlers.o)
    0x08004388   0x08004388   0x00000002   Code   RO         2302    i.__scatterload_null  mc_p.l(handlers.o)
    0x0800438a   0x0800438a   0x0000000e   Code   RO         2303    i.__scatterload_zeroinit  mc_p.l(handlers.o)
    0x08004398   0x08004398   0x00000174   Code   RO         2229    i._fp_digits        mc_p.l(printfa.o)
    0x0800450c   0x0800450c   0x000006ec   Code   RO         2230    i._printf_core      mc_p.l(printfa.o)
    0x08004bf8   0x08004bf8   0x00000020   Code   RO         2231    i._printf_post_padding  mc_p.l(printfa.o)
    0x08004c18   0x08004c18   0x0000002c   Code   RO         2232    i._printf_pre_padding  mc_p.l(printfa.o)
    0x08004c44   0x08004c44   0x00000016   Code   RO         2233    i._snputc           mc_p.l(printfa.o)
    0x08004c5a   0x08004c5a   0x00000006   Data   RO         2072    .rodata.__fsym_clear_name  cmd.o
    0x08004c60   0x08004c60   0x00000009   Data   RO         2034    .rodata.__fsym_cmd_free_name  board.o
    0x08004c69   0x08004c69   0x00000005   Data   RO         2108    .rodata.__fsym_help_name  msh.o
    0x08004c6e   0x08004c6e   0x0000000b   Data   RO         2081    .rodata.__fsym_list_event_name  cmd.o
    0x08004c79   0x08004c79   0x0000000d   Data   RO         2087    .rodata.__fsym_list_mempool_name  cmd.o
    0x08004c86   0x08004c86   0x0000000e   Data   RO         2085    .rodata.__fsym_list_msgqueue_name  cmd.o
    0x08004c94   0x08004c94   0x0000000b   Data   RO         2083    .rodata.__fsym_list_mutex_name  cmd.o
    0x08004c9f   0x08004c9f   0x00000005   Data   RO         2091    .rodata.__fsym_list_name  cmd.o
    0x08004ca4   0x08004ca4   0x00000009   Data   RO         2079    .rodata.__fsym_list_sem_name  cmd.o
    0x08004cad   0x08004cad   0x0000000c   Data   RO         2077    .rodata.__fsym_list_thread_name  cmd.o
    0x08004cb9   0x08004cb9   0x0000000b   Data   RO         2089    .rodata.__fsym_list_timer_name  cmd.o
    0x08004cc4   0x08004cc4   0x0000000a   Data   RO         1543    .rodata.__fsym_ulog_test_name  console_be.o
    0x08004cce   0x08004cce   0x00000008   Data   RO         2074    .rodata.__fsym_version_name  cmd.o
    0x08004cd6   0x08004cd6   0x00000100   Data   RO         1801    .rodata.__lowest_bit_bitmap  kservice.o
    0x08004dd6   0x08004dd6   0x00000002   PAD
    0x08004dd8   0x08004dd8   0x00000020   Data   RO         1521    .rodata.color_output_info  ulog.o
    0x08004df8   0x08004df8   0x00000067   Data   RO         1522    .rodata.str1.1      ulog.o
    0x08004e5f   0x08004e5f   0x00000004   Data   RO         1545    .rodata.str1.1      console_be.o
    0x08004e63   0x08004e63   0x0000005e   Data   RO         1799    .rodata.str1.1      kservice.o
    0x08004ec1   0x08004ec1   0x0000015e   Data   RO         2076    .rodata.str1.1      cmd.o
    0x0800501f   0x0800501f   0x00000004   Data   RO         2107    .rodata.str1.1      msh.o
    0x08005023   0x08005023   0x0000000a   Data   RO         2156    .rodata.str1.1      shell.o
    0x0800502d   0x0800502d   0x00000003   PAD
    0x08005030   0x08005030   0x00000004   Data   RO         1592    .rti_fn.0           components.o
    0x08005034   0x08005034   0x00000004   Data   RO         1593    .rti_fn.0.end       components.o
    0x08005038   0x08005038   0x00000004   Data   RO            6    .rti_fn.1           main.o
    0x0800503c   0x0800503c   0x00000004   Data   RO         1525    .rti_fn.1           ulog.o
    0x08005040   0x08005040   0x00000004   Data   RO         2033    .rti_fn.1           board.o
    0x08005044   0x08005044   0x00000004   Data   RO         1594    .rti_fn.1.end       components.o
    0x08005048   0x08005048   0x00000004   Data   RO         1542    .rti_fn.6           console_be.o
    0x0800504c   0x0800504c   0x00000004   Data   RO         2157    .rti_fn.6           shell.o
    0x08005050   0x08005050   0x00000004   Data   RO         1595    .rti_fn.6.end       components.o
    0x08005054   0x08005054   0x00000008   Data   RO         1544    FSymTab             console_be.o
    0x0800505c   0x0800505c   0x00000008   Data   RO         2035    FSymTab             board.o
    0x08005064   0x08005064   0x00000008   Data   RO         2073    FSymTab             cmd.o
    0x0800506c   0x0800506c   0x00000008   Data   RO         2075    FSymTab             cmd.o
    0x08005074   0x08005074   0x00000008   Data   RO         2078    FSymTab             cmd.o
    0x0800507c   0x0800507c   0x00000008   Data   RO         2080    FSymTab             cmd.o
    0x08005084   0x08005084   0x00000008   Data   RO         2082    FSymTab             cmd.o
    0x0800508c   0x0800508c   0x00000008   Data   RO         2084    FSymTab             cmd.o
    0x08005094   0x08005094   0x00000008   Data   RO         2086    FSymTab             cmd.o
    0x0800509c   0x0800509c   0x00000008   Data   RO         2088    FSymTab             cmd.o
    0x080050a4   0x080050a4   0x00000008   Data   RO         2090    FSymTab             cmd.o
    0x080050ac   0x080050ac   0x00000008   Data   RO         2092    FSymTab             cmd.o
    0x080050b4   0x080050b4   0x00000008   Data   RO         2109    FSymTab             msh.o
    0x080050bc   0x080050bc   0x00000020   Data   RO         2300    Region$$Table       anon$$obj.o


    Execution Region RW_IRAM1 (Exec base: 0x20000000, Load base: 0x080050e0, Size: 0x00002768, Max: 0x00004000, ABSOLUTE)

    Exec Addr    Load Addr    Size         Type   Attr      Idx    E Section Name        Object

    0x20000000   0x080050e0   0x00000004   Data   RW         1456    .data.SystemCoreClock  system_mm32f0270.o
    0x20000004   0x080050e4   0x00000080   Data   RW         1872    .data._object_container  object.o
    0x20000084   0x08005164   0x00000008   Data   RW         1616    .data._rt_thread_defunct  idle.o
    0x2000008c   0x0800516c   0x00000010   Data   RW         1014    .data.tbPresc       hal_rcc.o
    0x2000009c   0x0800517c   0x00000030   Data   RW          134    .data.uart1         mm32_uart.o
    0x200000cc   0x080051ac   0x00000030   Data   RW          135    .data.uart2         mm32_uart.o
    0x200000fc   0x080051dc   0x00000004   PAD
    0x20000100        -       0x00000008   Zero   RW         1526    .bss..L_MergedGlobals  ulog.o
    0x20000108        -       0x00000028   Zero   RW         1802    .bss..L_MergedGlobals  kservice.o
    0x20000130        -       0x0000000c   Zero   RW         1900    .bss..L_MergedGlobals  scheduler.o
    0x2000013c        -       0x00000018   Zero   RW         1985    .bss..L_MergedGlobals  timer.o
    0x20000154        -       0x00000010   Zero   RW         2158    .bss..L_MergedGlobals  shell.o
    0x20000164        -       0x00000004   Zero   RW          159    .bss.PLATFORM_DelayTick  platform.o
    0x20000168        -       0x00000080   Zero   RW         1983    .bss._timer_thread  timer.o
    0x200001e8        -       0x00000200   Zero   RW         1984    .bss._timer_thread_stack  timer.o
    0x200003e8        -       0x00000028   Zero   RW         1541    .bss.console        console_be.o
    0x20000410        -       0x00000201   Zero   RW         2155    .bss.finsh_get_prompt.finsh_prompt  shell.o
    0x20000611   0x080051dc   0x00000003   PAD
    0x20000614        -       0x00000080   Zero   RW         1617    .bss.idle           idle.o
    0x20000694        -       0x00001800   Zero   RW         2032    .bss.rt_heap        board.o
    0x20001e94        -       0x00000004   Zero   RW         2000    .bss.rt_interrupt_from_thread  cpuport.o
    0x20001e98        -       0x00000001   Zero   RW         1711    .bss.rt_interrupt_nest  irq.o
    0x20001e99   0x080051dc   0x00000003   PAD
    0x20001e9c        -       0x00000004   Zero   RW         2001    .bss.rt_interrupt_to_thread  cpuport.o
    0x20001ea0        -       0x00000200   Zero   RW         1800    .bss.rt_kprintf.rt_log_buf  kservice.o
    0x200020a0        -       0x00000100   Zero   RW         1899    .bss.rt_thread_priority_table  scheduler.o
    0x200021a0        -       0x00000100   Zero   RW         1618    .bss.rt_thread_stack  idle.o
    0x200022a0        -       0x00000004   Zero   RW         2002    .bss.rt_thread_switch_interrupt_flag  cpuport.o
    0x200022a4        -       0x00000004   Zero   RW         1563    .bss.rt_tick        clock.o
    0x200022a8        -       0x000000b4   Zero   RW         1519    .bss.ulog           ulog.o
    0x2000235c        -       0x00000004   Zero   RW         1523    .bss.ulog_formater.log_len  ulog.o
    0x20002360        -       0x00000004   Zero   RW         1520    .bss.ulog_head_formater.log_len  ulog.o
    0x20002364        -       0x00000001   Zero   RW         1524    .bss.ulog_voutput.ulog_voutput_recursion  ulog.o
    0x20002365   0x080051dc   0x00000003   PAD
    0x20002368        -       0x00000400   Zero   RW         1465    STACK               startup_mm32f0270_keil.o


==============================================================================

Image component sizes


      Code (inc. data)   RO Data    RW Data    ZI Data      Debug   Object Name

       280         60         21          0       6144       2947   board.o
       132          8          0          0          4       2765   clock.o
      2868       1048        530          0          0      14053   cmd.o
       176         24         16          0          0       3146   components.o
       186         96         26          0         40       2146   console_be.o
       236         32          0          0          0        897   context_gcc.o
       304        168          0          0         12       2346   cpuport.o
       184          8          0          0          0       5193   hal_gpio.o
        80         12          0          0          0       2765   hal_misc.o
       284         40          0         16          0      19486   hal_rcc.o
       206          4          0          0          0       7121   hal_uart.o
       202         24          0          8        384       3593   idle.o
       512          8          0          0          0      18225   ipc.o
        64          4          0          0          1       1090   irq.o
      2104        290        350          0        552      18221   kservice.o
        28          0          4          0          0        686   main.o
       506         68          0          0          0       5500   mem.o
       452         32          0         96          0       6352   mm32_uart.o
        36          4          0          0          0       1027   mm32f0270_it.o
       680        128         17          0          0       4347   msh.o
       278          4          0        128          0       6173   object.o
       136         16          0          0          4       6125   platform.o
       544         32          0          0        268       5278   scheduler.o
      1280        152         14          0        529       6816   shell.o
        40         14        192          0       1024        704   startup_mm32f0270_keil.o
       532         60          0          4          0       3349   system_mm32f0270.o
       856         16          0          0          0       8602   thread.o
       954         58          0          0        664       9814   timer.o
      1228        120        139          0        197      12599   ulog.o

    ----------------------------------------------------------------------
     15412       2530       1346        252       9836     181366   Object Totals
         0          0         32          0          0          0   (incl. Generated)
        44          0          5          0         13          0   (incl. Padding)

    ----------------------------------------------------------------------

      Code (inc. data)   RO Data    RW Data    ZI Data      Debug   Library Member Name

         0          0          0          0          0          0   entry.o
         0          0          0          0          0          0   entry10a.o
         0          0          0          0          0          0   entry11a.o
         8          4          0          0          0          0   entry2.o
         4          0          0          0          0          0   entry5.o
         0          0          0          0          0          0   entry7b.o
         0          0          0          0          0          0   entry8b.o
         8          4          0          0          0          0   entry9a.o
        30          0          0          0          0          0   handlers.o
        36          8          0          0          0         68   init.o
         0          0          0          0          0          0   iusefp.o
        32          0          0          0          0         68   llshl.o
        38          0          0          0          0         68   llsshr.o
        34          0          0          0          0         68   llushr.o
        26          0          0          0          0         72   memcmp.o
        36          0          0          0          0         60   memcpya.o
      2290         94          0          0          0        460   printfa.o
        28          0          0          0          0         68   strcmp.o
        14          0          0          0          0         60   strlen.o
        30          0          0          0          0         72   strncmp.o
        26          0          0          0          0         68   strncpy.o
        62          0          0          0          0         72   uidiv_div0.o
        96          0          0          0          0         84   uldiv.o
        40          2          0          0          0         68   cdrcmple.o
       356          4          0          0          0        140   dadd.o
       240          6          0          0          0         84   ddiv.o
       236          0          0          0          0        216   depilogue.o
        64         10          0          0          0         68   dfixul.o
       208          6          0          0          0         88   dmul.o

    ----------------------------------------------------------------------
      3942        138          0          0          0       1952   Library Totals
         0          0          0          0          0          0   (incl. Padding)

    ----------------------------------------------------------------------

      Code (inc. data)   RO Data    RW Data    ZI Data      Debug   Library Name

      2798        110          0          0          0       1288   mc_p.l
      1144         28          0          0          0        664   mf_p.l

    ----------------------------------------------------------------------
      3942        138          0          0          0       1952   Library Totals

    ----------------------------------------------------------------------

==============================================================================


      Code (inc. data)   RO Data    RW Data    ZI Data      Debug   

     19354       2668       1346        252       9836     181974   Grand Totals
     19354       2668       1346        252       9836     181974   ELF Image Totals
     19354       2668       1346        252          0          0   ROM Totals

==============================================================================

    Total RO  Size (Code + RO Data)                20700 (  20.21kB)
    Total RW  Size (RW Data + ZI Data)             10088 (   9.85kB)
    Total ROM Size (Code + RO Data + RW Data)      20952 (  20.46kB)

==============================================================================

